Component: ARM Compiler 5.06 update 6 (build 750) Tool: armlink [4d35ed]

==============================================================================

Section Cross References

    main.o(i.main) refers to stm32f4xx_hal_cortex.o(i.HAL_NVIC_SetPriorityGrouping) for HAL_NVIC_SetPriorityGrouping
    main.o(i.main) refers to delay.o(i.delay_init) for delay_init
    main.o(i.main) refers to usart.o(i.uart_init) for uart_init
    main.o(i.main) refers to led.o(i.LED_Init) for LED_Init
    main.o(i.main) refers to key.o(i.KEY_Init) for KEY_Init
    main.o(i.main) refers to freertos_demo.o(i.freertos_demo) for freertos_demo
    system_stm32f4xx.o(i.SystemCoreClockUpdate) refers to system_stm32f4xx.o(.data) for .data
    system_stm32f4xx.o(i.SystemCoreClockUpdate) refers to system_stm32f4xx.o(.constdata) for .constdata
    freertos_demo.o(i.freertos_demo) refers to tasks.o(i.xTaskCreateStatic) for xTaskCreateStatic
    freertos_demo.o(i.freertos_demo) refers to tasks.o(i.vTaskStartScheduler) for vTaskStartScheduler
    freertos_demo.o(i.freertos_demo) refers to freertos_demo.o(.bss) for .bss
    freertos_demo.o(i.freertos_demo) refers to freertos_demo.o(i.start_task) for start_task
    freertos_demo.o(i.freertos_demo) refers to freertos_demo.o(.data) for .data
    freertos_demo.o(i.start_task) refers to port.o(i.vPortEnterCritical) for vPortEnterCritical
    freertos_demo.o(i.start_task) refers to tasks.o(i.xTaskCreateStatic) for xTaskCreateStatic
    freertos_demo.o(i.start_task) refers to tasks.o(i.vTaskDelete) for vTaskDelete
    freertos_demo.o(i.start_task) refers to port.o(i.vPortExitCritical) for vPortExitCritical
    freertos_demo.o(i.start_task) refers to freertos_demo.o(.bss) for .bss
    freertos_demo.o(i.start_task) refers to freertos_demo.o(i.task1) for task1
    freertos_demo.o(i.start_task) refers to freertos_demo.o(.data) for .data
    freertos_demo.o(i.start_task) refers to freertos_demo.o(i.task2) for task2
    freertos_demo.o(i.start_task) refers to freertos_demo.o(i.task3) for task3
    freertos_demo.o(i.task1) refers to noretval__2printf.o(.text) for __2printf
    freertos_demo.o(i.task1) refers to tasks.o(i.vTaskDelay) for vTaskDelay
    freertos_demo.o(i.task2) refers to noretval__2printf.o(.text) for __2printf
    freertos_demo.o(i.task2) refers to tasks.o(i.vTaskDelay) for vTaskDelay
    freertos_demo.o(i.task3) refers to key.o(i.KEY_Scan) for KEY_Scan
    freertos_demo.o(i.task3) refers to noretval__2printf.o(.text) for __2printf
    freertos_demo.o(i.task3) refers to tasks.o(i.vTaskDelete) for vTaskDelete
    freertos_demo.o(i.task3) refers to tasks.o(i.vTaskDelay) for vTaskDelay
    freertos_demo.o(i.task3) refers to freertos_demo.o(.data) for .data
    freertos_demo.o(i.vApplicationGetIdleTaskMemory) refers to freertos_demo.o(.bss) for .bss
    freertos_demo.o(i.vApplicationGetTimerTaskMemory) refers to freertos_demo.o(.bss) for .bss
    startup_stm32f407xx.o(STACK) refers (Special) to heapauxi.o(.text) for __use_two_region_memory
    startup_stm32f407xx.o(HEAP) refers (Special) to heapauxi.o(.text) for __use_two_region_memory
    startup_stm32f407xx.o(RESET) refers (Special) to heapauxi.o(.text) for __use_two_region_memory
    startup_stm32f407xx.o(RESET) refers to startup_stm32f407xx.o(STACK) for __initial_sp
    startup_stm32f407xx.o(RESET) refers to startup_stm32f407xx.o(.text) for Reset_Handler
    startup_stm32f407xx.o(RESET) refers to stm32f4xx_it.o(i.NMI_Handler) for NMI_Handler
    startup_stm32f407xx.o(RESET) refers to stm32f4xx_it.o(i.HardFault_Handler) for HardFault_Handler
    startup_stm32f407xx.o(RESET) refers to stm32f4xx_it.o(i.MemManage_Handler) for MemManage_Handler
    startup_stm32f407xx.o(RESET) refers to stm32f4xx_it.o(i.BusFault_Handler) for BusFault_Handler
    startup_stm32f407xx.o(RESET) refers to stm32f4xx_it.o(i.UsageFault_Handler) for UsageFault_Handler
    startup_stm32f407xx.o(RESET) refers to port.o(.emb_text) for SVC_Handler
    startup_stm32f407xx.o(RESET) refers to stm32f4xx_it.o(i.DebugMon_Handler) for DebugMon_Handler
    startup_stm32f407xx.o(RESET) refers to delay.o(i.SysTick_Handler) for SysTick_Handler
    startup_stm32f407xx.o(RESET) refers to usart.o(i.USART1_IRQHandler) for USART1_IRQHandler
    startup_stm32f407xx.o(.text) refers (Special) to heapauxi.o(.text) for __use_two_region_memory
    startup_stm32f407xx.o(.text) refers to system_stm32f4xx.o(i.SystemInit) for SystemInit
    startup_stm32f407xx.o(.text) refers to __main.o(!!!main) for __main
    startup_stm32f407xx.o(.text) refers to startup_stm32f407xx.o(HEAP) for Heap_Mem
    startup_stm32f407xx.o(.text) refers to startup_stm32f407xx.o(STACK) for Stack_Mem
    stm32f4xx_hal.o(i.HAL_DeInit) refers to stm32f4xx_hal_msp.o(i.HAL_MspDeInit) for HAL_MspDeInit
    stm32f4xx_hal.o(i.HAL_Delay) refers to stm32f4xx_hal.o(i.HAL_GetTick) for HAL_GetTick
    stm32f4xx_hal.o(i.HAL_Delay) refers to stm32f4xx_hal.o(.data) for .data
[...]
    ..\HALLIB\STM32F4xx_HAL_Driver\Src\stm32f4xx_hal_rcc_ex.c 0x00000000   Number         0  stm32f4xx_hal_rcc_ex.o ABSOLUTE
    ..\HALLIB\STM32F4xx_HAL_Driver\Src\stm32f4xx_hal_uart.c 0x00000000   Number         0  stm32f4xx_hal_uart.o ABSOLUTE
    ..\HALLIB\STM32F4xx_HAL_Driver\Src\stm32f4xx_hal_usart.c 0x00000000   Number         0  stm32f4xx_hal_usart.o ABSOLUTE
    ..\HARDWARE\KEY\key.c                    0x00000000   Number         0  key.o ABSOLUTE
    ..\HARDWARE\LED\led.c                    0x00000000   Number         0  led.o ABSOLUTE
    ..\SYSTEM\delay\delay.c                  0x00000000   Number         0  delay.o ABSOLUTE
    ..\SYSTEM\sys\sys.c                      0x00000000   Number         0  sys.o ABSOLUTE
    ..\SYSTEM\usart\usart.c                  0x00000000   Number         0  usart.o ABSOLUTE
    ..\\Freertos\\portable\\RVDS\\ARM_CM4F\\port.c 0x00000000   Number         0  port.o ABSOLUTE
    ..\\HALLIB\\STM32F4xx_HAL_Driver\\Src\\stm32f4xx_hal.c 0x00000000   Number         0  stm32f4xx_hal.o ABSOLUTE
    ..\\HALLIB\\STM32F4xx_HAL_Driver\\Src\\stm32f4xx_hal_cortex.c 0x00000000   Number         0  stm32f4xx_hal_cortex.o ABSOLUTE
    ..\\HALLIB\\STM32F4xx_HAL_Driver\\Src\\stm32f4xx_hal_dma.c 0x00000000   Number         0  stm32f4xx_hal_dma.o ABSOLUTE
    ..\\HALLIB\\STM32F4xx_HAL_Driver\\Src\\stm32f4xx_hal_dma_ex.c 0x00000000   Number         0  stm32f4xx_hal_dma_ex.o ABSOLUTE
    ..\\HALLIB\\STM32F4xx_HAL_Driver\\Src\\stm32f4xx_hal_gpio.c 0x00000000   Number         0  stm32f4xx_hal_gpio.o ABSOLUTE
    ..\\HALLIB\\STM32F4xx_HAL_Driver\\Src\\stm32f4xx_hal_pwr.c 0x00000000   Number         0  stm32f4xx_hal_pwr.o ABSOLUTE
    ..\\HALLIB\\STM32F4xx_HAL_Driver\\Src\\stm32f4xx_hal_pwr_ex.c 0x00000000   Number         0  stm32f4xx_hal_pwr_ex.o ABSOLUTE
    ..\\HALLIB\\STM32F4xx_HAL_Driver\\Src\\stm32f4xx_hal_rcc.c 0x00000000   Number         0  stm32f4xx_hal_rcc.o ABSOLUTE
    ..\\HALLIB\\STM32F4xx_HAL_Driver\\Src\\stm32f4xx_hal_rcc_ex.c 0x00000000   Number         0  stm32f4xx_hal_rcc_ex.o ABSOLUTE
    ..\\HALLIB\\STM32F4xx_HAL_Driver\\Src\\stm32f4xx_hal_uart.c 0x00000000   Number         0  stm32f4xx_hal_uart.o ABSOLUTE
    ..\\HALLIB\\STM32F4xx_HAL_Driver\\Src\\stm32f4xx_hal_usart.c 0x00000000   Number         0  stm32f4xx_hal_usart.o ABSOLUTE
    ..\\HARDWARE\\KEY\\key.c                 0x00000000   Number         0  key.o ABSOLUTE
    ..\\HARDWARE\\LED\\led.c                 0x00000000   Number         0  led.o ABSOLUTE
    ..\\SYSTEM\\delay\\delay.c               0x00000000   Number         0  delay.o ABSOLUTE
    ..\\SYSTEM\\sys\\sys.c                   0x00000000   Number         0  sys.o ABSOLUTE
    ..\\SYSTEM\\usart\\usart.c               0x00000000   Number         0  usart.o ABSOLUTE
    dc.s                                     0x00000000   Number         0  dc.o ABSOLUTE
    freertos_demo.c                          0x00000000   Number         0  freertos_demo.o ABSOLUTE
    freertos_demo.c                          0x00000000   Number         0  freertos_demo.o ABSOLUTE
    main.c                                   0x00000000   Number         0  main.o ABSOLUTE
    main.c                                   0x00000000   Number         0  main.o ABSOLUTE
    stm32f4xx_hal_msp.c                      0x00000000   Number         0  stm32f4xx_hal_msp.o ABSOLUTE
    stm32f4xx_hal_msp.c                      0x00000000   Number         0  stm32f4xx_hal_msp.o ABSOLUTE
    stm32f4xx_it.c                           0x00000000   Number         0  stm32f4xx_it.o ABSOLUTE
    stm32f4xx_it.c                           0x00000000   Number         0  stm32f4xx_it.o ABSOLUTE
    system_stm32f4xx.c                       0x00000000   Number         0  system_stm32f4xx.o ABSOLUTE
    system_stm32f4xx.c                       0x00000000   Number         0  system_stm32f4xx.o ABSOLUTE
    RESET                                    0x08000000   Section      392  startup_stm32f407xx.o(RESET)
    !!!main                                  0x08000188   Section        8  __main.o(!!!main)
    !!!scatter                               0x08000190   Section       52  __scatter.o(!!!scatter)
    !!handler_copy                           0x080001c4   Section       26  __scatter_copy.o(!!handler_copy)
    !!handler_zi                             0x080001e0   Section       28  __scatter_zi.o(!!handler_zi)
    .ARM.Collect$$libinit$$00000000          0x080001fc   Section        2  libinit.o(.ARM.Collect$$libinit$$00000000)
    .ARM.Collect$$libinit$$00000001          0x080001fe   Section        4  libinit2.o(.ARM.Collect$$libinit$$00000001)
    .ARM.Collect$$libinit$$00000004          0x08000202   Section        0  libinit2.o(.ARM.Collect$$libinit$$00000004)
    .ARM.Collect$$libinit$$0000000A          0x08000202   Section        0  libinit2.o(.ARM.Collect$$libinit$$0000000A)
    .ARM.Collect$$libinit$$0000000C          0x08000202   Section        0  libinit2.o(.ARM.Collect$$libinit$$0000000C)
    .ARM.Collect$$libinit$$0000000E          0x08000202   Section        0  libinit2.o(.ARM.Collect$$libinit$$0000000E)
    .ARM.Collect$$libinit$$00000011          0x08000202   Section        0  libinit2.o(.ARM.Collect$$libinit$$00000011)
    .ARM.Collect$$libinit$$00000013          0x08000202   Section        0  libinit2.o(.ARM.Collect$$libinit$$00000013)
    .ARM.Collect$$libinit$$00000015          0x08000202   Section        0  libinit2.o(.ARM.Collect$$libinit$$00000015)
    .ARM.Collect$$libinit$$00000017          0x08000202   Section        0  libinit2.o(.ARM.Collect$$libinit$$00000017)
    .ARM.Collect$$libinit$$00000019          0x08000202   Section        0  libinit2.o(.ARM.Collect$$libinit$$00000019)
    .ARM.Collect$$libinit$$0000001B          0x08000202   Section        0  libinit2.o(.ARM.Collect$$libinit$$0000001B)
    .ARM.Collect$$libinit$$0000001D          0x08000202   Section        0  libinit2.o(.ARM.Collect$$libinit$$0000001D)
    .ARM.Collect$$libinit$$0000001F          0x08000202   Section        0  libinit2.o(.ARM.Collect$$libinit$$0000001F)
    .ARM.Collect$$libinit$$00000021          0x08000202   Section        0  libinit2.o(.ARM.Collect$$libinit$$00000021)
    .ARM.Collect$$libinit$$00000023          0x08000202   Section        0  libinit2.o(.ARM.Collect$$libinit$$00000023)
    .ARM.Collect$$libinit$$00000025          0x08000202   Section        0  libinit2.o(.ARM.Collect$$libinit$$00000025)
    .ARM.Collect$$libinit$$0000002C          0x08000202   Section        0  libinit2.o(.ARM.Collect$$libinit$$0000002C)
    .ARM.Collect$$libinit$$0000002E          0x08000202   Section        0  libinit2.o(.ARM.Collect$$libinit$$0000002E)
    .ARM.Collect$$libinit$$00000030          0x08000202   Section        0  libinit2.o(.ARM.Collect$$libinit$$00000030)
    .ARM.Collect$$libinit$$00000032          0x08000202   Section        0  libinit2.o(.ARM.Collect$$libinit$$00000032)
    .ARM.Collect$$libinit$$00000033          0x08000202   Section        2  libinit2.o(.ARM.Collect$$libinit$$00000033)
    .ARM.Collect$$libshutdown$$00000000      0x08000204   Section        2  libshutdown.o(.ARM.Collect$$libshutdown$$00000000)
    .ARM.Collect$$libshutdown$$00000002      0x08000206   Section        0  libshutdown2.o(.ARM.Collect$$libshutdown$$00000002)
    .ARM.Collect$$libshutdown$$00000004      0x08000206   Section        0  libshutdown2.o(.ARM.Collect$$libshutdown$$00000004)
    .ARM.Collect$$libshutdown$$00000007      0x08000206   Section        0  libshutdown2.o(.ARM.Collect$$libshutdown$$00000007)
    .ARM.Collect$$libshutdown$$0000000A      0x08000206   Section        0  libshutdown2.o(.ARM.Collect$$libshutdown$$0000000A)
    .ARM.Collect$$libshutdown$$0000000C      0x08000206   Section        0  libshutdown2.o(.ARM.Collect$$libshutdown$$0000000C)
    .ARM.Collect$$libshutdown$$0000000F      0x08000206   Section        0  libshutdown2.o(.ARM.Collect$$libshutdown$$0000000F)
    .ARM.Collect$$libshutdown$$00000010      0x08000206   Section        2  libshutdown2.o(.ARM.Collect$$libshutdown$$00000010)
    .ARM.Collect$$rtentry$$00000000          0x08000208   Section        0  __rtentry.o(.ARM.Collect$$rtentry$$00000000)
    .ARM.Collect$$rtentry$$00000002          0x08000208   Section        0  __rtentry2.o(.ARM.Collect$$rtentry$$00000002)
    .ARM.Collect$$rtentry$$00000004          0x08000208   Section        6  __rtentry4.o(.ARM.Collect$$rtentry$$00000004)
    .ARM.Collect$$rtentry$$00000009          0x0800020e   Section        0  __rtentry2.o(.ARM.Collect$$rtentry$$00000009)
    .ARM.Collect$$rtentry$$0000000A          0x0800020e   Section        4  __rtentry2.o(.ARM.Collect$$rtentry$$0000000A)
    .ARM.Collect$$rtentry$$0000000C          0x08000212   Section        0  __rtentry2.o(.ARM.Collect$$rtentry$$0000000C)
    .ARM.Collect$$rtentry$$0000000D          0x08000212   Section        8  __rtentry2.o(.ARM.Collect$$rtentry$$0000000D)
    .ARM.Collect$$rtexit$$00000000           0x0800021a   Section        2  rtexit.o(.ARM.Collect$$rtexit$$00000000)
    .ARM.Collect$$rtexit$$00000002           0x0800021c   Section        0  rtexit2.o(.ARM.Collect$$rtexit$$00000002)
    .ARM.Collect$$rtexit$$00000003           0x0800021c   Section        4  rtexit2.o(.ARM.Collect$$rtexit$$00000003)
    .ARM.Collect$$rtexit$$00000004           0x08000220   Section        6  rtexit2.o(.ARM.Collect$$rtexit$$00000004)
    .emb_text                                0x08000228   Section      182  port.o(.emb_text)
    $v0                                      0x08000228   Number         0  port.o(.emb_text)
    .text                                    0x080002e0   Section       64  startup_stm32f407xx.o(.text)
    $v0                                      0x080002e0   Number         0  startup_stm32f407xx.o(.text)
    .text                                    0x08000320   Section        2  use_no_semi_2.o(.text)
    .text                                    0x08000324   Section        0  noretval__2printf.o(.text)
    .text                                    0x0800033c   Section      138  rt_memcpy_v6.o(.text)
    .text                                    0x080003c6   Section       16  aeabi_memset.o(.text)
    .text                                    0x080003d6   Section        0  heapauxi.o(.text)
    .text                                    0x080003dc   Section        2  use_no_semi.o(.text)
    .text                                    0x080003e0   Section        0  _printf_char_file.o(.text)
    .text                                    0x08000404   Section      100  rt_memcpy_w.o(.text)
    .text                                    0x08000468   Section       68  rt_memclr.o(.text)
    .text                                    0x080004ac   Section        0  _printf_char_common.o(.text)
    _printf_input_char                       0x080004ad   Thumb Code    10  _printf_char_common.o(.text)
    .text                                    0x080004dc   Section        0  ferror.o(.text)
    .text                                    0x080004e4   Section       78  rt_memclr_w.o(.text)
    .text                                    0x08000532   Section       74  sys_stackheap_outer.o(.text)
    .text                                    0x0800057c   Section        0  __printf_nopercent.o(.text)
    .text                                    0x080005a4   Section        0  exit.o(.text)
    .text                                    0x080005b8   Section        8  libspace.o(.text)
    i.BusFault_Handler                       0x080005c0   Section        0  stm32f4xx_it.o(i.BusFault_Handler)
    i.DebugMon_Handler                       0x080005c2   Section        0  stm32f4xx_it.o(i.DebugMon_Handler)
    i.HAL_DMA_Abort_IT                       0x080005c4   Section        0  stm32f4xx_hal_dma.o(i.HAL_DMA_Abort_IT)
    i.HAL_GPIO_Init                          0x080005e8   Section        0  stm32f4xx_hal_gpio.o(i.HAL_GPIO_Init)
    i.HAL_GPIO_ReadPin                       0x080007a8   Section        0  stm32f4xx_hal_gpio.o(i.HAL_GPIO_ReadPin)
    i.HAL_GPIO_WritePin                      0x080007b2   Section        0  stm32f4xx_hal_gpio.o(i.HAL_GPIO_WritePin)
    i.HAL_NVIC_EnableIRQ                     0x080007bc   Section        0  stm32f4xx_hal_cortex.o(i.HAL_NVIC_EnableIRQ)
    i.HAL_NVIC_SetPriority                   0x080007d8   Section        0  stm32f4xx_hal_cortex.o(i.HAL_NVIC_SetPriority)
    i.HAL_NVIC_SetPriorityGrouping           0x08000818   Section        0  stm32f4xx_hal_cortex.o(i.HAL_NVIC_SetPriorityGrouping)
    i.HAL_RCC_GetPCLK1Freq                   0x0800083c   Section        0  stm32f4xx_hal_rcc.o(i.HAL_RCC_GetPCLK1Freq)
    i.HAL_RCC_GetPCLK2Freq                   0x0800085c   Section        0  stm32f4xx_hal_rcc.o(i.HAL_RCC_GetPCLK2Freq)
    i.HAL_SYSTICK_CLKSourceConfig            0x0800087c   Section        0  stm32f4xx_hal_cortex.o(i.HAL_SYSTICK_CLKSourceConfig)
    i.HAL_UART_ErrorCallback                 0x08000894   Section        0  stm32f4xx_hal_uart.o(i.HAL_UART_ErrorCallback)
    i.HAL_UART_GetState                      0x08000896   Section        0  stm32f4xx_hal_uart.o(i.HAL_UART_GetState)
    i.HAL_UART_IRQHandler                    0x080008a0   Section        0  stm32f4xx_hal_uart.o(i.HAL_UART_IRQHandler)
    i.HAL_UART_Init                          0x080009b0   Section        0  stm32f4xx_hal_uart.o(i.HAL_UART_Init)
    i.HAL_UART_MspInit                       0x08000a14   Section        0  usart.o(i.HAL_UART_MspInit)
    i.HAL_UART_Receive_IT                    0x08000a90   Section        0  stm32f4xx_hal_uart.o(i.HAL_UART_Receive_IT)
    i.HAL_UART_RxCpltCallback                0x08000ae4   Section        0  usart.o(i.HAL_UART_RxCpltCallback)
    i.HAL_UART_TxCpltCallback                0x08000b3c   Section        0  stm32f4xx_hal_uart.o(i.HAL_UART_TxCpltCallback)
    i.HardFault_Handler                      0x08000b3e   Section        0  stm32f4xx_it.o(i.HardFault_Handler)
    i.KEY_Init                               0x08000b40   Section        0  key.o(i.KEY_Init)
    i.KEY_Scan                               0x08000ba0   Section        0  key.o(i.KEY_Scan)
    i.LED_Init                               0x08000c6c   Section        0  led.o(i.LED_Init)
    i.MemManage_Handler                      0x08000cbc   Section        0  stm32f4xx_it.o(i.MemManage_Handler)
    i.NMI_Handler                            0x08000cbe   Section        0  stm32f4xx_it.o(i.NMI_Handler)
    i.SysTick_Handler                        0x08000cc0   Section        0  delay.o(i.SysTick_Handler)
    i.SystemInit                             0x08000cd4   Section        0  system_stm32f4xx.o(i.SystemInit)
    i.UART_DMAAbortOnError                   0x08000d28   Section        0  stm32f4xx_hal_uart.o(i.UART_DMAAbortOnError)
    UART_DMAAbortOnError                     0x08000d29   Thumb Code    16  stm32f4xx_hal_uart.o(i.UART_DMAAbortOnError)
    i.UART_EndRxTransfer                     0x08000d38   Section        0  stm32f4xx_hal_uart.o(i.UART_EndRxTransfer)
    UART_EndRxTransfer                       0x08000d39   Thumb Code    28  stm32f4xx_hal_uart.o(i.UART_EndRxTransfer)
    i.UART_Receive_IT                        0x08000d54   Section        0  stm32f4xx_hal_uart.o(i.UART_Receive_IT)
    UART_Receive_IT                          0x08000d55   Thumb Code   150  stm32f4xx_hal_uart.o(i.UART_Receive_IT)
    i.UART_SetConfig                         0x08000dec   Section        0  stm32f4xx_hal_uart.o(i.UART_SetConfig)
    UART_SetConfig                           0x08000ded   Thumb Code   676  stm32f4xx_hal_uart.o(i.UART_SetConfig)
    i.UART_Transmit_IT                       0x08001098   Section        0  stm32f4xx_hal_uart.o(i.UART_Transmit_IT)
    UART_Transmit_IT                         0x08001099   Thumb Code    98  stm32f4xx_hal_uart.o(i.UART_Transmit_IT)
    i.USART1_IRQHandler                      0x080010fc   Section        0  usart.o(i.USART1_IRQHandler)
    i.UsageFault_Handler                     0x08001128   Section        0  stm32f4xx_it.o(i.UsageFault_Handler)
    i.__NVIC_SetPriority                     0x0800112a   Section        0  stm32f4xx_hal_cortex.o(i.__NVIC_SetPriority)
    __NVIC_SetPriority                       0x0800112b   Thumb Code    32  stm32f4xx_hal_cortex.o(i.__NVIC_SetPriority)
    i._sys_exit                              0x0800114a   Section        0  usart.o(i._sys_exit)
    i.delay_init                             0x0800114c   Section        0  delay.o(i.delay_init)
    i.delay_ms                               0x08001184   Section        0  delay.o(i.delay_ms)
    i.delay_us                               0x080011bc   Section        0  delay.o(i.delay_us)
    i.fputc                                  0x080011f0   Section        0  usart.o(i.fputc)
    i.freertos_demo                          0x08001204   Section        0  freertos_demo.o(i.freertos_demo)
    i.main                                   0x08001244   Section        0  main.o(i.main)
    i.prvAddCurrentTaskToDelayedList         0x0800126c   Section        0  tasks.o(i.prvAddCurrentTaskToDelayedList)
    prvAddCurrentTaskToDelayedList           0x0800126d   Thumb Code   102  tasks.o(i.prvAddCurrentTaskToDelayedList)
    i.prvAddNewTaskToReadyList               0x080012dc   Section        0  tasks.o(i.prvAddNewTaskToReadyList)
    prvAddNewTaskToReadyList                 0x080012dd   Thumb Code   196  tasks.o(i.prvAddNewTaskToReadyList)
    i.prvCheckForValidListAndQueue           0x080013ac   Section        0  timers.o(i.prvCheckForValidListAndQueue)
    prvCheckForValidListAndQueue             0x080013ad   Thumb Code    72  timers.o(i.prvCheckForValidListAndQueue)
    i.prvCheckTasksWaitingTermination        0x08001404   Section        0  tasks.o(i.prvCheckTasksWaitingTermination)
    prvCheckTasksWaitingTermination          0x08001405   Thumb Code    74  tasks.o(i.prvCheckTasksWaitingTermination)
    i.prvCopyDataFromQueue                   0x08001458   Section        0  queue.o(i.prvCopyDataFromQueue)
    prvCopyDataFromQueue                     0x08001459   Thumb Code    38  queue.o(i.prvCopyDataFromQueue)
    i.prvCopyDataToQueue                     0x0800147e   Section        0  queue.o(i.prvCopyDataToQueue)
    prvCopyDataToQueue                       0x0800147f   Thumb Code   108  queue.o(i.prvCopyDataToQueue)
    i.prvDeleteTCB                           0x080014ea   Section        0  tasks.o(i.prvDeleteTCB)
    prvDeleteTCB                             0x080014eb   Thumb Code    52  tasks.o(i.prvDeleteTCB)
    i.prvIdleTask                            0x08001520   Section        0  tasks.o(i.prvIdleTask)
    prvIdleTask                              0x08001521   Thumb Code    30  tasks.o(i.prvIdleTask)
    i.prvInitialiseNewQueue                  0x08001548   Section        0  queue.o(i.prvInitialiseNewQueue)
    prvInitialiseNewQueue                    0x08001549   Thumb Code    32  queue.o(i.prvInitialiseNewQueue)
    i.prvInitialiseNewTask                   0x08001568   Section        0  tasks.o(i.prvInitialiseNewTask)
    prvInitialiseNewTask                     0x08001569   Thumb Code   156  tasks.o(i.prvInitialiseNewTask)
    i.prvInsertBlockIntoFreeList             0x08001604   Section        0  heap_4.o(i.prvInsertBlockIntoFreeList)
    prvInsertBlockIntoFreeList               0x08001605   Thumb Code    72  heap_4.o(i.prvInsertBlockIntoFreeList)
    i.prvInsertTimerInActiveList             0x08001650   Section        0  timers.o(i.prvInsertTimerInActiveList)
    prvInsertTimerInActiveList               0x08001651   Thumb Code    52  timers.o(i.prvInsertTimerInActiveList)
    i.prvIsQueueEmpty                        0x08001688   Section        0  queue.o(i.prvIsQueueEmpty)
    prvIsQueueEmpty                          0x08001689   Thumb Code    26  queue.o(i.prvIsQueueEmpty)
    i.prvProcessReceivedCommands             0x080016a4   Section        0  timers.o(i.prvProcessReceivedCommands)
    prvProcessReceivedCommands               0x080016a5   Thumb Code   186  timers.o(i.prvProcessReceivedCommands)
    i.prvProcessTimerOrBlockTask             0x08001764   Section        0  timers.o(i.prvProcessTimerOrBlockTask)
    prvProcessTimerOrBlockTask               0x08001765   Thumb Code   172  timers.o(i.prvProcessTimerOrBlockTask)
    i.prvResetNextTaskUnblockTime            0x08001818   Section        0  tasks.o(i.prvResetNextTaskUnblockTime)
    prvResetNextTaskUnblockTime              0x08001819   Thumb Code    26  tasks.o(i.prvResetNextTaskUnblockTime)
    i.prvSampleTimeNow                       0x08001838   Section        0  timers.o(i.prvSampleTimeNow)
    prvSampleTimeNow                         0x08001839   Thumb Code    36  timers.o(i.prvSampleTimeNow)
    i.prvSwitchTimerLists                    0x08001860   Section        0  timers.o(i.prvSwitchTimerLists)
    prvSwitchTimerLists                      0x08001861   Thumb Code   102  timers.o(i.prvSwitchTimerLists)
    i.prvTaskExitError                       0x080018cc   Section        0  port.o(i.prvTaskExitError)
    prvTaskExitError                         0x080018cd   Thumb Code    36  port.o(i.prvTaskExitError)
    i.prvTimerTask                           0x080018f4   Section        0  timers.o(i.prvTimerTask)
    prvTimerTask                             0x080018f5   Thumb Code    34  timers.o(i.prvTimerTask)
    i.prvUnlockQueue                         0x0800191c   Section        0  queue.o(i.prvUnlockQueue)
    prvUnlockQueue                           0x0800191d   Thumb Code   106  queue.o(i.prvUnlockQueue)
    i.pvTaskIncrementMutexHeldCount          0x08001988   Section        0  tasks.o(i.pvTaskIncrementMutexHeldCount)
    i.pxPortInitialiseStack                  0x080019a0   Section        0  port.o(i.pxPortInitialiseStack)
    i.start_task                             0x080019cc   Section        0  freertos_demo.o(i.start_task)
    i.task1                                  0x08001a64   Section        0  freertos_demo.o(i.task1)
    i.task2                                  0x08001aa0   Section        0  freertos_demo.o(i.task2)
    i.task3                                  0x08001adc   Section        0  freertos_demo.o(i.task3)
    i.uart_init                              0x08001b1c   Section        0  usart.o(i.uart_init)
    i.uxListRemove                           0x08001b54   Section        0  list.o(i.uxListRemove)
    i.vApplicationGetIdleTaskMemory          0x08001b78   Section        0  freertos_demo.o(i.vApplicationGetIdleTaskMemory)
    i.vApplicationGetTimerTaskMemory         0x08001b8c   Section        0  freertos_demo.o(i.vApplicationGetTimerTaskMemory)
    i.vListInitialise                        0x08001ba4   Section        0  list.o(i.vListInitialise)
    i.vListInitialiseItem                    0x08001bba   Section        0  list.o(i.vListInitialiseItem)
    i.vListInsert                            0x08001bc0   Section        0  list.o(i.vListInsert)
    i.vListInsertEnd                         0x08001bf0   Section        0  list.o(i.vListInsertEnd)
    i.vPortEnterCritical                     0x08001c08   Section        0  port.o(i.vPortEnterCritical)
    i.vPortExitCritical                      0x08001c48   Section        0  port.o(i.vPortExitCritical)
    i.vPortFree                              0x08001c70   Section        0  heap_4.o(i.vPortFree)
    i.vPortSetupTimerInterrupt               0x08001ccc   Section        0  port.o(i.vPortSetupTimerInterrupt)
    i.vPortValidateInterruptPriority         0x08001cec   Section        0  port.o(i.vPortValidateInterruptPriority)
    i.vQueueAddToRegistry                    0x08001d40   Section        0  queue.o(i.vQueueAddToRegistry)
    i.vQueueWaitForMessageRestricted         0x08001d64   Section        0  queue.o(i.vQueueWaitForMessageRestricted)
    i.vTaskDelay                             0x08001da8   Section        0  tasks.o(i.vTaskDelay)
    i.vTaskDelete                            0x08001df4   Section        0  tasks.o(i.vTaskDelete)
    i.vTaskMissedYield                       0x08001ea0   Section        0  tasks.o(i.vTaskMissedYield)
    i.vTaskPlaceOnEventList                  0x08001eac   Section        0  tasks.o(i.vTaskPlaceOnEventList)
    i.vTaskPlaceOnEventListRestricted        0x08001edc   Section        0  tasks.o(i.vTaskPlaceOnEventListRestricted)
    i.vTaskPriorityInherit                   0x08001f14   Section        0  tasks.o(i.vTaskPriorityInherit)
    i.vTaskSetTimeOutState                   0x08001f98   Section        0  tasks.o(i.vTaskSetTimeOutState)
    i.vTaskStartScheduler                    0x08001fbc   Section        0  tasks.o(i.vTaskStartScheduler)
    i.vTaskSuspendAll                        0x08002040   Section        0  tasks.o(i.vTaskSuspendAll)
    i.vTaskSwitchContext                     0x08002050   Section        0  tasks.o(i.vTaskSwitchContext)
    i.xPortStartScheduler                    0x080020ac   Section        0  port.o(i.xPortStartScheduler)
    i.xPortSysTickHandler                    0x08002190   Section        0  port.o(i.xPortSysTickHandler)
    i.xQueueGenericCreateStatic              0x080021bc   Section        0  queue.o(i.xQueueGenericCreateStatic)
    i.xQueueGenericReceive                   0x08002224   Section        0  queue.o(i.xQueueGenericReceive)
    i.xQueueGenericReset                     0x08002394   Section        0  queue.o(i.xQueueGenericReset)
    i.xQueueGenericSend                      0x0800241c   Section        0  queue.o(i.xQueueGenericSend)
    i.xQueueGenericSendFromISR               0x08002580   Section        0  queue.o(i.xQueueGenericSendFromISR)
    i.xTaskCheckForTimeOut                   0x0800263c   Section        0  tasks.o(i.xTaskCheckForTimeOut)
    i.xTaskCreateStatic                      0x080026a8   Section        0  tasks.o(i.xTaskCreateStatic)
    i.xTaskGetSchedulerState                 0x08002700   Section        0  tasks.o(i.xTaskGetSchedulerState)
    i.xTaskGetTickCount                      0x0800271c   Section        0  tasks.o(i.xTaskGetTickCount)
    i.xTaskIncrementTick                     0x08002728   Section        0  tasks.o(i.xTaskIncrementTick)
    i.xTaskPriorityDisinherit                0x080027f0   Section        0  tasks.o(i.xTaskPriorityDisinherit)
    i.xTaskRemoveFromEventList               0x08002888   Section        0  tasks.o(i.xTaskRemoveFromEventList)
    i.xTaskResumeAll                         0x080028fc   Section        0  tasks.o(i.xTaskResumeAll)
    i.xTimerCreateTimerTask                  0x080029c0   Section        0  timers.o(i.xTimerCreateTimerTask)
    i.xTimerGenericCommand                   0x08002a20   Section        0  timers.o(i.xTimerGenericCommand)
    x$fpl$fpinit                             0x08002a7c   Section       10  fpinit.o(x$fpl$fpinit)
    $v0                                      0x08002a7c   Number         0  fpinit.o(x$fpl$fpinit)
    .constdata                               0x08002a86   Section        8  system_stm32f4xx.o(.constdata)
    .data                                    0x20000000   Section        4  system_stm32f4xx.o(.data)
    .data                                    0x20000004   Section       16  freertos_demo.o(.data)
    .data                                    0x20000014   Section        4  delay.o(.data)
    fac_us                                   0x20000014   Data           1  delay.o(.data)
    fac_ms                                   0x20000016   Data           2  delay.o(.data)
    .data                                    0x20000018   Section        4  usart.o(.data)
    .data                                    0x2000001c   Section        4  usart.o(.data)
    .data                                    0x20000020   Section        1  key.o(.data)
    key_up                                   0x20000020   Data           1  key.o(.data)
    .data                                    0x20000024   Section       60  tasks.o(.data)
    uxDeletedTasksWaitingCleanUp             0x20000028   Data           4  tasks.o(.data)
    uxCurrentNumberOfTasks                   0x2000002c   Data           4  tasks.o(.data)
    xTickCount                               0x20000030   Data           4  tasks.o(.data)
    uxTopReadyPriority                       0x20000034   Data           4  tasks.o(.data)
    xSchedulerRunning                        0x20000038   Data           4  tasks.o(.data)
    uxPendedTicks                            0x2000003c   Data           4  tasks.o(.data)
    xYieldPending                            0x20000040   Data           4  tasks.o(.data)
    xNumOfOverflows                          0x20000044   Data           4  tasks.o(.data)
    uxTaskNumber                             0x20000048   Data           4  tasks.o(.data)
    xNextTaskUnblockTime                     0x2000004c   Data           4  tasks.o(.data)
    xIdleTaskHandle                          0x20000050   Data           4  tasks.o(.data)
    uxSchedulerSuspended                     0x20000054   Data           4  tasks.o(.data)
    pxDelayedTaskList                        0x20000058   Data           4  tasks.o(.data)
    pxOverflowDelayedTaskList                0x2000005c   Data           4  tasks.o(.data)
    .data                                    0x20000060   Section       20  timers.o(.data)
    xTimerQueue                              0x20000060   Data           4  timers.o(.data)
    xTimerTaskHandle                         0x20000064   Data           4  timers.o(.data)
    xLastTime                                0x20000068   Data           4  timers.o(.data)
    pxCurrentTimerList                       0x2000006c   Data           4  timers.o(.data)
    pxOverflowTimerList                      0x20000070   Data           4  timers.o(.data)
    .data                                    0x20000074   Section       24  heap_4.o(.data)
    pxEnd                                    0x20000074   Data           4  heap_4.o(.data)
    xFreeBytesRemaining                      0x20000078   Data           4  heap_4.o(.data)
    xMinimumEverFreeBytesRemaining           0x2000007c   Data           4  heap_4.o(.data)
    xBlockAllocatedBit                       0x20000080   Data           4  heap_4.o(.data)
    xStart                                   0x20000084   Data           8  heap_4.o(.data)
    .data                                    0x2000008c   Section       12  port.o(.data)
    ucMaxSysCallPriority                     0x2000008c   Data           1  port.o(.data)
    uxCriticalNesting                        0x20000090   Data           4  port.o(.data)
    ulMaxPRIGROUPValue                       0x20000094   Data           4  port.o(.data)
    .bss                                     0x20000098   Section     4136  freertos_demo.o(.bss)
    .bss                                     0x200010c0   Section      264  usart.o(.bss)
    .bss                                     0x200011c8   Section      200  tasks.o(.bss)
    pxReadyTasksLists                        0x200011c8   Data         100  tasks.o(.bss)
    xDelayedTaskList1                        0x2000122c   Data          20  tasks.o(.bss)
    xDelayedTaskList2                        0x20001240   Data          20  tasks.o(.bss)
    xPendingReadyList                        0x20001254   Data          20  tasks.o(.bss)
    xTasksWaitingTermination                 0x20001268   Data          20  tasks.o(.bss)
    xSuspendedTaskList                       0x2000127c   Data          20  tasks.o(.bss)
    .bss                                     0x20001290   Section      240  timers.o(.bss)
    xStaticTimerQueue                        0x20001290   Data          80  timers.o(.bss)
    ucStaticTimerQueueStorage                0x200012e0   Data         120  timers.o(.bss)
    xActiveTimerList1                        0x20001358   Data          20  timers.o(.bss)
    xActiveTimerList2                        0x2000136c   Data          20  timers.o(.bss)
    .bss                                     0x20001380   Section       64  queue.o(.bss)
    .bss                                     0x200013c0   Section       96  libspace.o(.bss)
    HEAP                                     0x20001420   Section      512  startup_stm32f407xx.o(HEAP)
    Heap_Mem                                 0x20001420   Data         512  startup_stm32f407xx.o(HEAP)
    STACK                                    0x20001620   Section     1024  startup_stm32f407xx.o(STACK)
    Stack_Mem                                0x20001620   Data        1024  startup_stm32f407xx.o(STACK)
    __initial_sp                             0x20001a20   Data           0  startup_stm32f407xx.o(STACK)

    Global Symbols

    Symbol Name                              Value     Ov Type        Size  Object(Section)

    BuildAttributes$$THM_ISAv4$E$P$D$K$B$S$7EM$VFPi3$EXTD16$VFPS$VFMA$PE$A:L22UL41UL21$X:L11$S22US41US21$IEEE1$IW$USESV6$~STKCKD$USESV7$~SHL$OSPACE$ROPI$EBA8$UX$STANDARDLIB$REQ8$PRES8$EABIv2 0x00000000   Number         0  anon$$obj.o ABSOLUTE
    __ARM_use_no_argv                        0x00000000   Number         0  main.o ABSOLUTE
    __ARM_exceptions_init                     - Undefined Weak Reference
    __alloca_initialize                       - Undefined Weak Reference
    __arm_preinit_                            - Undefined Weak Reference
    __cpp_initialize__aeabi_                  - Undefined Weak Reference
    __cxa_finalize                            - Undefined Weak Reference
    __rt_locale                               - Undefined Weak Reference
    __sigvec_lookup                           - Undefined Weak Reference
    _atexit_init                              - Undefined Weak Reference
    _call_atexit_fns                          - Undefined Weak Reference
    _clock_init                               - Undefined Weak Reference
    _fp_trap_init                             - Undefined Weak Reference
    _fp_trap_shutdown                         - Undefined Weak Reference
    _get_lc_collate                           - Undefined Weak Reference
    _get_lc_ctype                             - Undefined Weak Reference
    _get_lc_monetary                          - Undefined Weak Reference
    _get_lc_numeric                           - Undefined Weak Reference
    _get_lc_time                              - Undefined Weak Reference
    _getenv_init                              - Undefined Weak Reference
    _handle_redirection                       - Undefined Weak Reference
    _init_alloc                               - Undefined Weak Reference
    _init_user_alloc                          - Undefined Weak Reference
    _initio                                   - Undefined Weak Reference
    _mutex_acquire                            - Undefined Weak Reference
    _mutex_release                            - Undefined Weak Reference
    _rand_init                                - Undefined Weak Reference
    _signal_finish                            - Undefined Weak Reference
    _signal_init                              - Undefined Weak Reference
    _terminate_alloc                          - Undefined Weak Reference
    _terminate_user_alloc                     - Undefined Weak Reference
    _terminateio                              - Undefined Weak Reference
    __Vectors_Size                           0x00000188   Number         0  startup_stm32f407xx.o ABSOLUTE
    __Vectors                                0x08000000   Data           4  startup_stm32f407xx.o(RESET)
    __Vectors_End                            0x08000188   Data           0  startup_stm32f407xx.o(RESET)
    __main                                   0x08000189   Thumb Code     8  __main.o(!!!main)
    __scatterload                            0x08000191   Thumb Code     0  __scatter.o(!!!scatter)
    __scatterload_rt2                        0x08000191   Thumb Code    44  __scatter.o(!!!scatter)
    __scatterload_rt2_thumb_only             0x08000191   Thumb Code     0  __scatter.o(!!!scatter)
    __scatterload_null                       0x0800019f   Thumb Code     0  __scatter.o(!!!scatter)
    __scatterload_copy                       0x080001c5   Thumb Code    26  __scatter_copy.o(!!handler_copy)
    __scatterload_zeroinit                   0x080001e1   Thumb Code    28  __scatter_zi.o(!!handler_zi)
    __rt_lib_init                            0x080001fd   Thumb Code     0  libinit.o(.ARM.Collect$$libinit$$00000000)
    __rt_lib_init_fp_1                       0x080001ff   Thumb Code     0  libinit2.o(.ARM.Collect$$libinit$$00000001)
    __rt_lib_init_alloca_1                   0x08000203   Thumb Code     0  libinit2.o(.ARM.Collect$$libinit$$0000002E)
    __rt_lib_init_argv_1                     0x08000203   Thumb Code     0  libinit2.o(.ARM.Collect$$libinit$$0000002C)
    __rt_lib_init_atexit_1                   0x08000203   Thumb Code     0  libinit2.o(.ARM.Collect$$libinit$$0000001B)
    __rt_lib_init_clock_1                    0x08000203   Thumb Code     0  libinit2.o(.ARM.Collect$$libinit$$00000021)
    __rt_lib_init_cpp_1                      0x08000203   Thumb Code     0  libinit2.o(.ARM.Collect$$libinit$$00000032)
    __rt_lib_init_exceptions_1               0x08000203   Thumb Code     0  libinit2.o(.ARM.Collect$$libinit$$00000030)
    __rt_lib_init_fp_trap_1                  0x08000203   Thumb Code     0  libinit2.o(.ARM.Collect$$libinit$$0000001F)
    __rt_lib_init_getenv_1                   0x08000203   Thumb Code     0  libinit2.o(.ARM.Collect$$libinit$$00000023)
    __rt_lib_init_heap_1                     0x08000203   Thumb Code     0  libinit2.o(.ARM.Collect$$libinit$$0000000A)
    __rt_lib_init_lc_collate_1               0x08000203   Thumb Code     0  libinit2.o(.ARM.Collect$$libinit$$00000011)
    __rt_lib_init_lc_ctype_1                 0x08000203   Thumb Code     0  libinit2.o(.ARM.Collect$$libinit$$00000013)
    __rt_lib_init_lc_monetary_1              0x08000203   Thumb Code     0  libinit2.o(.ARM.Collect$$libinit$$00000015)
    __rt_lib_init_lc_numeric_1               0x08000203   Thumb Code     0  libinit2.o(.ARM.Collect$$libinit$$00000017)
    __rt_lib_init_lc_time_1                  0x08000203   Thumb Code     0  libinit2.o(.ARM.Collect$$libinit$$00000019)
    __rt_lib_init_preinit_1                  0x08000203   Thumb Code     0  libinit2.o(.ARM.Collect$$libinit$$00000004)
    __rt_lib_init_rand_1                     0x08000203   Thumb Code     0  libinit2.o(.ARM.Collect$$libinit$$0000000E)
    __rt_lib_init_return                     0x08000203   Thumb Code     0  libinit2.o(.ARM.Collect$$libinit$$00000033)
    __rt_lib_init_signal_1                   0x08000203   Thumb Code     0  libinit2.o(.ARM.Collect$$libinit$$0000001D)
    __rt_lib_init_stdio_1                    0x08000203   Thumb Code     0  libinit2.o(.ARM.Collect$$libinit$$00000025)
    __rt_lib_init_user_alloc_1               0x08000203   Thumb Code     0  libinit2.o(.ARM.Collect$$libinit$$0000000C)
    __rt_lib_shutdown                        0x08000205   Thumb Code     0  libshutdown.o(.ARM.Collect$$libshutdown$$00000000)
    __rt_lib_shutdown_cpp_1                  0x08000207   Thumb Code     0  libshutdown2.o(.ARM.Collect$$libshutdown$$00000002)
    __rt_lib_shutdown_fp_trap_1              0x08000207   Thumb Code     0  libshutdown2.o(.ARM.Collect$$libshutdown$$00000007)
    __rt_lib_shutdown_heap_1                 0x08000207   Thumb Code     0  libshutdown2.o(.ARM.Collect$$libshutdown$$0000000F)
    __rt_lib_shutdown_return                 0x08000207   Thumb Code     0  libshutdown2.o(.ARM.Collect$$libshutdown$$00000010)
    __rt_lib_shutdown_signal_1               0x08000207   Thumb Code     0  libshutdown2.o(.ARM.Collect$$libshutdown$$0000000A)
    __rt_lib_shutdown_stdio_1                0x08000207   Thumb Code     0  libshutdown2.o(.ARM.Collect$$libshutdown$$00000004)
    __rt_lib_shutdown_user_alloc_1           0x08000207   Thumb Code     0  libshutdown2.o(.ARM.Collect$$libshutdown$$0000000C)
    __rt_entry                               0x08000209   Thumb Code     0  __rtentry.o(.ARM.Collect$$rtentry$$00000000)
    __rt_entry_presh_1                       0x08000209   Thumb Code     0  __rtentry2.o(.ARM.Collect$$rtentry$$00000002)
    __rt_entry_sh                            0x08000209   Thumb Code     0  __rtentry4.o(.ARM.Collect$$rtentry$$00000004)
    __rt_entry_li                            0x0800020f   Thumb Code     0  __rtentry2.o(.ARM.Collect$$rtentry$$0000000A)
    __rt_entry_postsh_1                      0x0800020f   Thumb Code     0  __rtentry2.o(.ARM.Collect$$rtentry$$00000009)
    __rt_entry_main                          0x08000213   Thumb Code     0  __rtentry2.o(.ARM.Collect$$rtentry$$0000000D)
    __rt_entry_postli_1                      0x08000213   Thumb Code     0  __rtentry2.o(.ARM.Collect$$rtentry$$0000000C)
    __rt_exit                                0x0800021b   Thumb Code     0  rtexit.o(.ARM.Collect$$rtexit$$00000000)
    __rt_exit_ls                             0x0800021d   Thumb Code     0  rtexit2.o(.ARM.Collect$$rtexit$$00000003)
    __rt_exit_prels_1                        0x0800021d   Thumb Code     0  rtexit2.o(.ARM.Collect$$rtexit$$00000002)
    __rt_exit_exit                           0x08000221   Thumb Code     0  rtexit2.o(.ARM.Collect$$rtexit$$00000004)
    SVC_Handler                              0x08000229   Thumb Code    28  port.o(.emb_text)
    __asm___6_port_c_39a90d8d__prvStartFirstTask 0x08000249   Thumb Code    28  port.o(.emb_text)
    __asm___6_port_c_39a90d8d__prvEnableVFP  0x08000269   Thumb Code    16  port.o(.emb_text)
    PendSV_Handler                           0x0800027d   Thumb Code    88  port.o(.emb_text)
    vPortGetIPSR                             0x080002d9   Thumb Code     6  port.o(.emb_text)
    Reset_Handler                            0x080002e1   Thumb Code     8  startup_stm32f407xx.o(.text)
    ADC_IRQHandler                           0x080002fb   Thumb Code     0  startup_stm32f407xx.o(.text)
    CAN1_RX0_IRQHandler                      0x080002fb   Thumb Code     0  startup_stm32f407xx.o(.text)
    CAN1_RX1_IRQHandler                      0x080002fb   Thumb Code     0  startup_stm32f407xx.o(.text)
    CAN1_SCE_IRQHandler                      0x080002fb   Thumb Code     0  startup_stm32f407xx.o(.text)
    CAN1_TX_IRQHandler                       0x080002fb   Thumb Code     0  startup_stm32f407xx.o(.text)
    CAN2_RX0_IRQHandler                      0x080002fb   Thumb Code     0  startup_stm32f407xx.o(.text)
    CAN2_RX1_IRQHandler                      0x080002fb   Thumb Code     0  startup_stm32f407xx.o(.text)
    CAN2_SCE_IRQHandler                      0x080002fb   Thumb Code     0  startup_stm32f407xx.o(.text)
    CAN2_TX_IRQHandler                       0x080002fb   Thumb Code     0  startup_stm32f407xx.o(.text)
    DCMI_IRQHandler                          0x080002fb   Thumb Code     0  startup_stm32f407xx.o(.text)
    DMA1_Stream0_IRQHandler                  0x080002fb   Thumb Code     0  startup_stm32f407xx.o(.text)
    DMA1_Stream1_IRQHandler                  0x080002fb   Thumb Code     0  startup_stm32f407xx.o(.text)
    DMA1_Stream2_IRQHandler                  0x080002fb   Thumb Code     0  startup_stm32f407xx.o(.text)
    DMA1_Stream3_IRQHandler                  0x080002fb   Thumb Code     0  startup_stm32f407xx.o(.text)
    DMA1_Stream4_IRQHandler                  0x080002fb   Thumb Code     0  startup_stm32f407xx.o(.text)
    DMA1_Stream5_IRQHandler                  0x080002fb   Thumb Code     0  startup_stm32f407xx.o(.text)
    DMA1_Stream6_IRQHandler                  0x080002fb   Thumb Code     0  startup_stm32f407xx.o(.text)
    DMA1_Stream7_IRQHandler                  0x080002fb   Thumb Code     0  startup_stm32f407xx.o(.text)
    DMA2_Stream0_IRQHandler                  0x080002fb   Thumb Code     0  startup_stm32f407xx.o(.text)
    DMA2_Stream1_IRQHandler                  0x080002fb   Thumb Code     0  startup_stm32f407xx.o(.text)
    DMA2_Stream2_IRQHandler                  0x080002fb   Thumb Code     0  startup_stm32f407xx.o(.text)
    DMA2_Stream3_IRQHandler                  0x080002fb   Thumb Code     0  startup_stm32f407xx.o(.text)
    DMA2_Stream4_IRQHandler                  0x080002fb   Thumb Code     0  startup_stm32f407xx.o(.text)
    DMA2_Stream5_IRQHandler                  0x080002fb   Thumb Code     0  startup_stm32f407xx.o(.text)
    DMA2_Stream6_IRQHandler                  0x080002fb   Thumb Code     0  startup_stm32f407xx.o(.text)
    DMA2_Stream7_IRQHandler                  0x080002fb   Thumb Code     0  startup_stm32f407xx.o(.text)
    ETH_IRQHandler                           0x080002fb   Thumb Code     0  startup_stm32f407xx.o(.text)
    ETH_WKUP_IRQHandler                      0x080002fb   Thumb Code     0  startup_stm32f407xx.o(.text)
    EXTI0_IRQHandler                         0x080002fb   Thumb Code     0  startup_stm32f407xx.o(.text)
    EXTI15_10_IRQHandler                     0x080002fb   Thumb Code     0  startup_stm32f407xx.o(.text)
    EXTI1_IRQHandler                         0x080002fb   Thumb Code     0  startup_stm32f407xx.o(.text)
    EXTI2_IRQHandler                         0x080002fb   Thumb Code     0  startup_stm32f407xx.o(.text)
    EXTI3_IRQHandler                         0x080002fb   Thumb Code     0  startup_stm32f407xx.o(.text)
    EXTI4_IRQHandler                         0x080002fb   Thumb Code     0  startup_stm32f407xx.o(.text)
    EXTI9_5_IRQHandler                       0x080002fb   Thumb Code     0  startup_stm32f407xx.o(.text)
    FLASH_IRQHandler                         0x080002fb   Thumb Code     0  startup_stm32f407xx.o(.text)
    FMC_IRQHandler                           0x080002fb   Thumb Code     0  startup_stm32f407xx.o(.text)
    FPU_IRQHandler                           0x080002fb   Thumb Code     0  startup_stm32f407xx.o(.text)
    HASH_RNG_IRQHandler                      0x080002fb   Thumb Code     0  startup_stm32f407xx.o(.text)
    I2C1_ER_IRQHandler                       0x080002fb   Thumb Code     0  startup_stm32f407xx.o(.text)
    I2C1_EV_IRQHandler                       0x080002fb   Thumb Code     0  startup_stm32f407xx.o(.text)
    I2C2_ER_IRQHandler                       0x080002fb   Thumb Code     0  startup_stm32f407xx.o(.text)
    I2C2_EV_IRQHandler                       0x080002fb   Thumb Code     0  startup_stm32f407xx.o(.text)
    I2C3_ER_IRQHandler                       0x080002fb   Thumb Code     0  startup_stm32f407xx.o(.text)
    I2C3_EV_IRQHandler                       0x080002fb   Thumb Code     0  startup_stm32f407xx.o(.text)
    OTG_FS_IRQHandler                        0x080002fb   Thumb Code     0  startup_stm32f407xx.o(.text)
    OTG_FS_WKUP_IRQHandler                   0x080002fb   Thumb Code     0  startup_stm32f407xx.o(.text)
    OTG_HS_EP1_IN_IRQHandler                 0x080002fb   Thumb Code     0  startup_stm32f407xx.o(.text)
    OTG_HS_EP1_OUT_IRQHandler                0x080002fb   Thumb Code     0  startup_stm32f407xx.o(.text)
    OTG_HS_IRQHandler                        0x080002fb   Thumb Code     0  startup_stm32f407xx.o(.text)
    OTG_HS_WKUP_IRQHandler                   0x080002fb   Thumb Code     0  startup_stm32f407xx.o(.text)
    PVD_IRQHandler                           0x080002fb   Thumb Code     0  startup_stm32f407xx.o(.text)
    RCC_IRQHandler                           0x080002fb   Thumb Code     0  startup_stm32f407xx.o(.text)
    RTC_Alarm_IRQHandler                     0x080002fb   Thumb Code     0  startup_stm32f407xx.o(.text)
    RTC_WKUP_IRQHandler                      0x080002fb   Thumb Code     0  startup_stm32f407xx.o(.text)
    SDIO_IRQHandler                          0x080002fb   Thumb Code     0  startup_stm32f407xx.o(.text)
    SPI1_IRQHandler                          0x080002fb   Thumb Code     0  startup_stm32f407xx.o(.text)
    SPI2_IRQHandler                          0x080002fb   Thumb Code     0  startup_stm32f407xx.o(.text)
    SPI3_IRQHandler                          0x080002fb   Thumb Code     0  startup_stm32f407xx.o(.text)
    TAMP_STAMP_IRQHandler                    0x080002fb   Thumb Code     0  startup_stm32f407xx.o(.text)
    TIM1_BRK_TIM9_IRQHandler                 0x080002fb   Thumb Code     0  startup_stm32f407xx.o(.text)
    TIM1_CC_IRQHandler                       0x080002fb   Thumb Code     0  startup_stm32f407xx.o(.text)
    TIM1_TRG_COM_TIM11_IRQHandler            0x080002fb   Thumb Code     0  startup_stm32f407xx.o(.text)
    TIM1_UP_TIM10_IRQHandler                 0x080002fb   Thumb Code     0  startup_stm32f407xx.o(.text)
    TIM2_IRQHandler                          0x080002fb   Thumb Code     0  startup_stm32f407xx.o(.text)
    TIM3_IRQHandler                          0x080002fb   Thumb Code     0  startup_stm32f407xx.o(.text)
    TIM4_IRQHandler                          0x080002fb   Thumb Code     0  startup_stm32f407xx.o(.text)
    TIM5_IRQHandler                          0x080002fb   Thumb Code     0  startup_stm32f407xx.o(.text)
    TIM6_DAC_IRQHandler                      0x080002fb   Thumb Code     0  startup_stm32f407xx.o(.text)
    TIM7_IRQHandler                          0x080002fb   Thumb Code     0  startup_stm32f407xx.o(.text)
    TIM8_BRK_TIM12_IRQHandler                0x080002fb   Thumb Code     0  startup_stm32f407xx.o(.text)
    TIM8_CC_IRQHandler                       0x080002fb   Thumb Code     0  startup_stm32f407xx.o(.text)
    TIM8_TRG_COM_TIM14_IRQHandler            0x080002fb   Thumb Code     0  startup_stm32f407xx.o(.text)
    TIM8_UP_TIM13_IRQHandler                 0x080002fb   Thumb Code     0  startup_stm32f407xx.o(.text)
    UART4_IRQHandler                         0x080002fb   Thumb Code     0  startup_stm32f407xx.o(.text)
    UART5_IRQHandler                         0x080002fb   Thumb Code     0  startup_stm32f407xx.o(.text)
    USART2_IRQHandler                        0x080002fb   Thumb Code     0  startup_stm32f407xx.o(.text)
    USART3_IRQHandler                        0x080002fb   Thumb Code     0  startup_stm32f407xx.o(.text)
    USART6_IRQHandler                        0x080002fb   Thumb Code     0  startup_stm32f407xx.o(.text)
    WWDG_IRQHandler                          0x080002fb   Thumb Code     0  startup_stm32f407xx.o(.text)
    __user_initial_stackheap                 0x080002fd   Thumb Code     0  startup_stm32f407xx.o(.text)
    __use_no_semihosting                     0x08000321   Thumb Code     2  use_no_semi_2.o(.text)
    __2printf                                0x08000325   Thumb Code    20  noretval__2printf.o(.text)
    __aeabi_memcpy                           0x0800033d   Thumb Code     0  rt_memcpy_v6.o(.text)
    __rt_memcpy                              0x0800033d   Thumb Code   138  rt_memcpy_v6.o(.text)
    _memcpy_lastbytes                        0x080003a3   Thumb Code     0  rt_memcpy_v6.o(.text)
    __aeabi_memset                           0x080003c7   Thumb Code    16  aeabi_memset.o(.text)
    __use_two_region_memory                  0x080003d7   Thumb Code     2  heapauxi.o(.text)
    __rt_heap_escrow$2region                 0x080003d9   Thumb Code     2  heapauxi.o(.text)
    __rt_heap_expand$2region                 0x080003db   Thumb Code     2  heapauxi.o(.text)
    __I$use$semihosting                      0x080003dd   Thumb Code     0  use_no_semi.o(.text)
    __use_no_semihosting_swi                 0x080003dd   Thumb Code     2  use_no_semi.o(.text)
    _printf_char_file                        0x080003e1   Thumb Code    32  _printf_char_file.o(.text)
    __aeabi_memcpy4                          0x08000405   Thumb Code     0  rt_memcpy_w.o(.text)
    __aeabi_memcpy8                          0x08000405   Thumb Code     0  rt_memcpy_w.o(.text)
    __rt_memcpy_w                            0x08000405   Thumb Code   100  rt_memcpy_w.o(.text)
    _memcpy_lastbytes_aligned                0x0800044d   Thumb Code     0  rt_memcpy_w.o(.text)
    __aeabi_memclr                           0x08000469   Thumb Code     0  rt_memclr.o(.text)
    __rt_memclr                              0x08000469   Thumb Code    68  rt_memclr.o(.text)
    _memset                                  0x0800046d   Thumb Code     0  rt_memclr.o(.text)
    _printf_char_common                      0x080004b7   Thumb Code    32  _printf_char_common.o(.text)
    ferror                                   0x080004dd   Thumb Code     8  ferror.o(.text)
    __aeabi_memclr4                          0x080004e5   Thumb Code     0  rt_memclr_w.o(.text)
    __aeabi_memclr8                          0x080004e5   Thumb Code     0  rt_memclr_w.o(.text)
    __rt_memclr_w                            0x080004e5   Thumb Code    78  rt_memclr_w.o(.text)
    _memset_w                                0x080004e9   Thumb Code     0  rt_memclr_w.o(.text)
    __user_setup_stackheap                   0x08000533   Thumb Code    74  sys_stackheap_outer.o(.text)
    __printf                                 0x0800057d   Thumb Code    40  __printf_nopercent.o(.text)
    exit                                     0x080005a5   Thumb Code    18  exit.o(.text)
    __user_libspace                          0x080005b9   Thumb Code     8  libspace.o(.text)
    __user_perproc_libspace                  0x080005b9   Thumb Code     0  libspace.o(.text)
    __user_perthread_libspace                0x080005b9   Thumb Code     0  libspace.o(.text)
    BusFault_Handler                         0x080005c1   Thumb Code     2  stm32f4xx_it.o(i.BusFault_Handler)
    DebugMon_Handler                         0x080005c3   Thumb Code     2  stm32f4xx_it.o(i.DebugMon_Handler)
    HAL_DMA_Abort_IT                         0x080005c5   Thumb Code    36  stm32f4xx_hal_dma.o(i.HAL_DMA_Abort_IT)
    HAL_GPIO_Init                            0x080005e9   Thumb Code   402  stm32f4xx_hal_gpio.o(i.HAL_GPIO_Init)
    HAL_GPIO_ReadPin                         0x080007a9   Thumb Code    10  stm32f4xx_hal_gpio.o(i.HAL_GPIO_ReadPin)
    HAL_GPIO_WritePin                        0x080007b3   Thumb Code    10  stm32f4xx_hal_gpio.o(i.HAL_GPIO_WritePin)
    HAL_NVIC_EnableIRQ                       0x080007bd   Thumb Code    26  stm32f4xx_hal_cortex.o(i.HAL_NVIC_EnableIRQ)
    HAL_NVIC_SetPriority                     0x080007d9   Thumb Code    60  stm32f4xx_hal_cortex.o(i.HAL_NVIC_SetPriority)
    HAL_NVIC_SetPriorityGrouping             0x08000819   Thumb Code    26  stm32f4xx_hal_cortex.o(i.HAL_NVIC_SetPriorityGrouping)
    HAL_RCC_GetPCLK1Freq                     0x0800083d   Thumb Code    20  stm32f4xx_hal_rcc.o(i.HAL_RCC_GetPCLK1Freq)
    HAL_RCC_GetPCLK2Freq                     0x0800085d   Thumb Code    20  stm32f4xx_hal_rcc.o(i.HAL_RCC_GetPCLK2Freq)
    HAL_SYSTICK_CLKSourceConfig              0x0800087d   Thumb Code    24  stm32f4xx_hal_cortex.o(i.HAL_SYSTICK_CLKSourceConfig)
    HAL_UART_ErrorCallback                   0x08000895   Thumb Code     2  stm32f4xx_hal_uart.o(i.HAL_UART_ErrorCallback)
    HAL_UART_GetState                        0x08000897   Thumb Code    10  stm32f4xx_hal_uart.o(i.HAL_UART_GetState)
    HAL_UART_IRQHandler                      0x080008a1   Thumb Code   266  stm32f4xx_hal_uart.o(i.HAL_UART_IRQHandler)
    HAL_UART_Init                            0x080009b1   Thumb Code    98  stm32f4xx_hal_uart.o(i.HAL_UART_Init)
    HAL_UART_MspInit                         0x08000a15   Thumb Code   112  usart.o(i.HAL_UART_MspInit)
    HAL_UART_Receive_IT                      0x08000a91   Thumb Code    82  stm32f4xx_hal_uart.o(i.HAL_UART_Receive_IT)
    HAL_UART_RxCpltCallback                  0x08000ae5   Thumb Code    76  usart.o(i.HAL_UART_RxCpltCallback)
    HAL_UART_TxCpltCallback                  0x08000b3d   Thumb Code     2  stm32f4xx_hal_uart.o(i.HAL_UART_TxCpltCallback)
    HardFault_Handler                        0x08000b3f   Thumb Code     2  stm32f4xx_it.o(i.HardFault_Handler)
    KEY_Init                                 0x08000b41   Thumb Code    82  key.o(i.KEY_Init)
    KEY_Scan                                 0x08000ba1   Thumb Code   192  key.o(i.KEY_Scan)
    LED_Init                                 0x08000c6d   Thumb Code    72  led.o(i.LED_Init)
    MemManage_Handler                        0x08000cbd   Thumb Code     2  stm32f4xx_it.o(i.MemManage_Handler)
    NMI_Handler                              0x08000cbf   Thumb Code     2  stm32f4xx_it.o(i.NMI_Handler)
    SysTick_Handler                          0x08000cc1   Thumb Code    20  delay.o(i.SysTick_Handler)
    SystemInit                               0x08000cd5   Thumb Code    66  system_stm32f4xx.o(i.SystemInit)
    USART1_IRQHandler                        0x080010fd   Thumb Code    34  usart.o(i.USART1_IRQHandler)
    UsageFault_Handler                       0x08001129   Thumb Code     2  stm32f4xx_it.o(i.UsageFault_Handler)
    _sys_exit                                0x0800114b   Thumb Code     2  usart.o(i._sys_exit)
    delay_init                               0x0800114d   Thumb Code    50  delay.o(i.delay_init)
    delay_ms                                 0x08001185   Thumb Code    52  delay.o(i.delay_ms)
    delay_us                                 0x080011bd   Thumb Code    48  delay.o(i.delay_us)
    fputc                                    0x080011f1   Thumb Code    14  usart.o(i.fputc)
    freertos_demo                            0x08001205   Thumb Code    38  freertos_demo.o(i.freertos_demo)
    main                                     0x08001245   Thumb Code    38  main.o(i.main)
    pvTaskIncrementMutexHeldCount            0x08001989   Thumb Code    18  tasks.o(i.pvTaskIncrementMutexHeldCount)
    pxPortInitialiseStack                    0x080019a1   Thumb Code    40  port.o(i.pxPortInitialiseStack)
    start_task                               0x080019cd   Thumb Code   100  freertos_demo.o(i.start_task)
    task1                                    0x08001a65   Thumb Code    30  freertos_demo.o(i.task1)
    task2                                    0x08001aa1   Thumb Code    30  freertos_demo.o(i.task2)
    task3                                    0x08001add   Thumb Code    40  freertos_demo.o(i.task3)
    uart_init                                0x08001b1d   Thumb Code    44  usart.o(i.uart_init)
    uxListRemove                             0x08001b55   Thumb Code    36  list.o(i.uxListRemove)
    vApplicationGetIdleTaskMemory            0x08001b79   Thumb Code    16  freertos_demo.o(i.vApplicationGetIdleTaskMemory)
    vApplicationGetTimerTaskMemory           0x08001b8d   Thumb Code    18  freertos_demo.o(i.vApplicationGetTimerTaskMemory)
    vListInitialise                          0x08001ba5   Thumb Code    22  list.o(i.vListInitialise)
    vListInitialiseItem                      0x08001bbb   Thumb Code     6  list.o(i.vListInitialiseItem)
    vListInsert                              0x08001bc1   Thumb Code    48  list.o(i.vListInsert)
    vListInsertEnd                           0x08001bf1   Thumb Code    24  list.o(i.vListInsertEnd)
    vPortEnterCritical                       0x08001c09   Thumb Code    54  port.o(i.vPortEnterCritical)
    vPortExitCritical                        0x08001c49   Thumb Code    34  port.o(i.vPortExitCritical)
    vPortFree                                0x08001c71   Thumb Code    88  heap_4.o(i.vPortFree)
    vPortSetupTimerInterrupt                 0x08001ccd   Thumb Code    26  port.o(i.vPortSetupTimerInterrupt)
    vPortValidateInterruptPriority           0x08001ced   Thumb Code    74  port.o(i.vPortValidateInterruptPriority)
    vQueueAddToRegistry                      0x08001d41   Thumb Code    32  queue.o(i.vQueueAddToRegistry)
    vQueueWaitForMessageRestricted           0x08001d65   Thumb Code    68  queue.o(i.vQueueWaitForMessageRestricted)
    vTaskDelay                               0x08001da9   Thumb Code    66  tasks.o(i.vTaskDelay)
    vTaskDelete                              0x08001df5   Thumb Code   158  tasks.o(i.vTaskDelete)
    vTaskMissedYield                         0x08001ea1   Thumb Code     8  tasks.o(i.vTaskMissedYield)
    vTaskPlaceOnEventList                    0x08001ead   Thumb Code    44  tasks.o(i.vTaskPlaceOnEventList)
    vTaskPlaceOnEventListRestricted          0x08001edd   Thumb Code    52  tasks.o(i.vTaskPlaceOnEventListRestricted)
    vTaskPriorityInherit                     0x08001f15   Thumb Code   124  tasks.o(i.vTaskPriorityInherit)
    vTaskSetTimeOutState                     0x08001f99   Thumb Code    30  tasks.o(i.vTaskSetTimeOutState)
    vTaskStartScheduler                      0x08001fbd   Thumb Code   116  tasks.o(i.vTaskStartScheduler)
    vTaskSuspendAll                          0x08002041   Thumb Code    10  tasks.o(i.vTaskSuspendAll)
    vTaskSwitchContext                       0x08002051   Thumb Code    82  tasks.o(i.vTaskSwitchContext)
    xPortStartScheduler                      0x080020ad   Thumb Code   208  port.o(i.xPortStartScheduler)
    xPortSysTickHandler                      0x08002191   Thumb Code    38  port.o(i.xPortSysTickHandler)
    xQueueGenericCreateStatic                0x080021bd   Thumb Code   102  queue.o(i.xQueueGenericCreateStatic)
    xQueueGenericReceive                     0x08002225   Thumb Code   362  queue.o(i.xQueueGenericReceive)
    xQueueGenericReset                       0x08002395   Thumb Code   132  queue.o(i.xQueueGenericReset)
    xQueueGenericSend                        0x0800241d   Thumb Code   350  queue.o(i.xQueueGenericSend)
    xQueueGenericSendFromISR                 0x08002581   Thumb Code   188  queue.o(i.xQueueGenericSendFromISR)
    xTaskCheckForTimeOut                     0x0800263d   Thumb Code   102  tasks.o(i.xTaskCheckForTimeOut)
    xTaskCreateStatic                        0x080026a9   Thumb Code    86  tasks.o(i.xTaskCreateStatic)
    xTaskGetSchedulerState                   0x08002701   Thumb Code    22  tasks.o(i.xTaskGetSchedulerState)
    xTaskGetTickCount                        0x0800271d   Thumb Code     6  tasks.o(i.xTaskGetTickCount)
    xTaskIncrementTick                       0x08002729   Thumb Code   192  tasks.o(i.xTaskIncrementTick)
    xTaskPriorityDisinherit                  0x080027f1   Thumb Code   144  tasks.o(i.xTaskPriorityDisinherit)
    xTaskRemoveFromEventList                 0x08002889   Thumb Code   108  tasks.o(i.xTaskRemoveFromEventList)
    xTaskResumeAll                           0x080028fd   Thumb Code   182  tasks.o(i.xTaskResumeAll)
    xTimerCreateTimerTask                    0x080029c1   Thumb Code    78  timers.o(i.xTimerCreateTimerTask)
    xTimerGenericCommand                     0x08002a21   Thumb Code    88  timers.o(i.xTimerGenericCommand)
    _fp_init                                 0x08002a7d   Thumb Code    10  fpinit.o(x$fpl$fpinit)
    __fplib_config_fpu_vfp                   0x08002a85   Thumb Code     0  fpinit.o(x$fpl$fpinit)
    __fplib_config_pureend_doubles           0x08002a85   Thumb Code     0  fpinit.o(x$fpl$fpinit)
    APBPrescTable                            0x08002a86   Data           8  system_stm32f4xx.o(.constdata)
    Region$$Table$$Base                      0x08002a90   Number         0  anon$$obj.o(Region$$Table)
    Region$$Table$$Limit                     0x08002ab0   Number         0  anon$$obj.o(Region$$Table)
    SystemCoreClock                          0x20000000   Data           4  system_stm32f4xx.o(.data)
    start_task_handler                       0x20000004   Data           4  freertos_demo.o(.data)
    task1_handler                            0x20000008   Data           4  freertos_demo.o(.data)
    task2_handler                            0x2000000c   Data           4  freertos_demo.o(.data)
    task3_handler                            0x20000010   Data           4  freertos_demo.o(.data)
    aRxBuffer                                0x20000018   Data           1  usart.o(.data)
    USART_RX_STA                             0x2000001a   Data           2  usart.o(.data)
    __stdout                                 0x2000001c   Data           4  usart.o(.data)
    pxCurrentTCB                             0x20000024   Data           4  tasks.o(.data)
    start_task_stack                         0x20000098   Data         512  freertos_demo.o(.bss)
    start_task_tcb                           0x20000298   Data          88  freertos_demo.o(.bss)
    task1_stack                              0x200002f0   Data         512  freertos_demo.o(.bss)
    task1_tcb                                0x200004f0   Data          88  freertos_demo.o(.bss)
    task2_stack                              0x20000548   Data         512  freertos_demo.o(.bss)
    task2_tcb                                0x20000748   Data          88  freertos_demo.o(.bss)
    task3_stack                              0x200007a0   Data         512  freertos_demo.o(.bss)
    task3_tcb                                0x200009a0   Data          88  freertos_demo.o(.bss)
    idle_task_tcb                            0x200009f8   Data          88  freertos_demo.o(.bss)
    idle_task_stack                          0x20000a50   Data         520  freertos_demo.o(.bss)
    timer_task_tcb                           0x20000c58   Data          88  freertos_demo.o(.bss)
    timer_task_stack                         0x20000cb0   Data        1040  freertos_demo.o(.bss)
    USART_RX_BUF                             0x200010c0   Data         200  usart.o(.bss)
    UART1_Handler                            0x20001188   Data          64  usart.o(.bss)
    xQueueRegistry                           0x20001380   Data          64  queue.o(.bss)
    __libspace_start                         0x200013c0   Data          96  libspace.o(.bss)
    __temporary_stack_top$libspace           0x20001420   Data           0  libspace.o(.bss)



==============================================================================

Memory Map of the image

  Image Entry point : 0x08000189

  Load Region LR_IROM1 (Base: 0x08000000, Size: 0x00002b48, Max: 0x00100000, ABSOLUTE)

    Execution Region ER_IROM1 (Exec base: 0x08000000, Load base: 0x08000000, Size: 0x00002ab0, Max: 0x00100000, ABSOLUTE)

    Exec Addr    Load Addr    Size         Type   Attr      Idx    E Section Name        Object

    0x08000000   0x08000000   0x00000188   Data   RO          554    RESET               startup_stm32f407xx.o
    0x08000188   0x08000188   0x00000008   Code   RO         3174  * !!!main             c_w.l(__main.o)
    0x08000190   0x08000190   0x00000034   Code   RO         3355    !!!scatter          c_w.l(__scatter.o)
    0x080001c4   0x080001c4   0x0000001a   Code   RO         3357    !!handler_copy      c_w.l(__scatter_copy.o)
    0x080001de   0x080001de   0x00000002   PAD
    0x080001e0   0x080001e0   0x0000001c   Code   RO         3359    !!handler_zi        c_w.l(__scatter_zi.o)
    0x080001fc   0x080001fc   0x00000002   Code   RO         3229    .ARM.Collect$$libinit$$00000000  c_w.l(libinit.o)
    0x080001fe   0x080001fe   0x00000004   Code   RO         3241    .ARM.Collect$$libinit$$00000001  c_w.l(libinit2.o)
    0x08000202   0x08000202   0x00000000   Code   RO         3244    .ARM.Collect$$libinit$$00000004  c_w.l(libinit2.o)
    0x08000202   0x08000202   0x00000000   Code   RO         3247    .ARM.Collect$$libinit$$0000000A  c_w.l(libinit2.o)
    0x08000202   0x08000202   0x00000000   Code   RO         3249    .ARM.Collect$$libinit$$0000000C  c_w.l(libinit2.o)
    0x08000202   0x08000202   0x00000000   Code   RO         3251    .ARM.Collect$$libinit$$0000000E  c_w.l(libinit2.o)
    0x08000202   0x08000202   0x00000000   Code   RO         3254    .ARM.Collect$$libinit$$00000011  c_w.l(libinit2.o)
    0x08000202   0x08000202   0x00000000   Code   RO         3256    .ARM.Collect$$libinit$$00000013  c_w.l(libinit2.o)
    0x08000202   0x08000202   0x00000000   Code   RO         3258    .ARM.Collect$$libinit$$00000015  c_w.l(libinit2.o)
    0x08000202   0x08000202   0x00000000   Code   RO         3260    .ARM.Collect$$libinit$$00000017  c_w.l(libinit2.o)
    0x08000202   0x08000202   0x00000000   Code   RO         3262    .ARM.Collect$$libinit$$00000019  c_w.l(libinit2.o)
    0x08000202   0x08000202   0x00000000   Code   RO         3264    .ARM.Collect$$libinit$$0000001B  c_w.l(libinit2.o)
    0x08000202   0x08000202   0x00000000   Code   RO         3266    .ARM.Collect$$libinit$$0000001D  c_w.l(libinit2.o)
    0x08000202   0x08000202   0x00000000   Code   RO         3268    .ARM.Collect$$libinit$$0000001F  c_w.l(libinit2.o)
    0x08000202   0x08000202   0x00000000   Code   RO         3270    .ARM.Collect$$libinit$$00000021  c_w.l(libinit2.o)
    0x08000202   0x08000202   0x00000000   Code   RO         3272    .ARM.Collect$$libinit$$00000023  c_w.l(libinit2.o)
    0x08000202   0x08000202   0x00000000   Code   RO         3274    .ARM.Collect$$libinit$$00000025  c_w.l(libinit2.o)
    0x08000202   0x08000202   0x00000000   Code   RO         3278    .ARM.Collect$$libinit$$0000002C  c_w.l(libinit2.o)
    0x08000202   0x08000202   0x00000000   Code   RO         3280    .ARM.Collect$$libinit$$0000002E  c_w.l(libinit2.o)
    0x08000202   0x08000202   0x00000000   Code   RO         3282    .ARM.Collect$$libinit$$00000030  c_w.l(libinit2.o)
    0x08000202   0x08000202   0x00000000   Code   RO         3284    .ARM.Collect$$libinit$$00000032  c_w.l(libinit2.o)
    0x08000202   0x08000202   0x00000002   Code   RO         3285    .ARM.Collect$$libinit$$00000033  c_w.l(libinit2.o)
    0x08000204   0x08000204   0x00000002   Code   RO         3311    .ARM.Collect$$libshutdown$$00000000  c_w.l(libshutdown.o)
    0x08000206   0x08000206   0x00000000   Code   RO         3338    .ARM.Collect$$libshutdown$$00000002  c_w.l(libshutdown2.o)
    0x08000206   0x08000206   0x00000000   Code   RO         3340    .ARM.Collect$$libshutdown$$00000004  c_w.l(libshutdown2.o)
    0x08000206   0x08000206   0x00000000   Code   RO         3343    .ARM.Collect$$libshutdown$$00000007  c_w.l(libshutdown2.o)
    0x08000206   0x08000206   0x00000000   Code   RO         3346    .ARM.Collect$$libshutdown$$0000000A  c_w.l(libshutdown2.o)
    0x08000206   0x08000206   0x00000000   Code   RO         3348    .ARM.Collect$$libshutdown$$0000000C  c_w.l(libshutdown2.o)
    0x08000206   0x08000206   0x00000000   Code   RO         3351    .ARM.Collect$$libshutdown$$0000000F  c_w.l(libshutdown2.o)
    0x08000206   0x08000206   0x00000002   Code   RO         3352    .ARM.Collect$$libshutdown$$00000010  c_w.l(libshutdown2.o)
    0x08000208   0x08000208   0x00000000   Code   RO         3178    .ARM.Collect$$rtentry$$00000000  c_w.l(__rtentry.o)
    0x08000208   0x08000208   0x00000000   Code   RO         3190    .ARM.Collect$$rtentry$$00000002  c_w.l(__rtentry2.o)
    0x08000208   0x08000208   0x00000006   Code   RO         3202    .ARM.Collect$$rtentry$$00000004  c_w.l(__rtentry4.o)
    0x0800020e   0x0800020e   0x00000000   Code   RO         3192    .ARM.Collect$$rtentry$$00000009  c_w.l(__rtentry2.o)
    0x0800020e   0x0800020e   0x00000004   Code   RO         3193    .ARM.Collect$$rtentry$$0000000A  c_w.l(__rtentry2.o)
    0x08000212   0x08000212   0x00000000   Code   RO         3195    .ARM.Collect$$rtentry$$0000000C  c_w.l(__rtentry2.o)
    0x08000212   0x08000212   0x00000008   Code   RO         3196    .ARM.Collect$$rtentry$$0000000D  c_w.l(__rtentry2.o)
    0x0800021a   0x0800021a   0x00000002   Code   RO         3233    .ARM.Collect$$rtexit$$00000000  c_w.l(rtexit.o)
    0x0800021c   0x0800021c   0x00000000   Code   RO         3287    .ARM.Collect$$rtexit$$00000002  c_w.l(rtexit2.o)
    0x0800021c   0x0800021c   0x00000004   Code   RO         3288    .ARM.Collect$$rtexit$$00000003  c_w.l(rtexit2.o)
    0x08000220   0x08000220   0x00000006   Code   RO         3289    .ARM.Collect$$rtexit$$00000004  c_w.l(rtexit2.o)
    0x08000226   0x08000226   0x00000002   PAD
    0x08000228   0x08000228   0x000000b6   Code   RO         3081    .emb_text           port.o
    0x080002de   0x080002de   0x00000002   PAD
    0x080002e0   0x080002e0   0x00000040   Code   RO          555    .text               startup_stm32f407xx.o
    0x08000320   0x08000320   0x00000002   Code   RO         3160    .text               c_w.l(use_no_semi_2.o)
    0x08000322   0x08000322   0x00000002   PAD
    0x08000324   0x08000324   0x00000018   Code   RO         3166    .text               c_w.l(noretval__2printf.o)
    0x0800033c   0x0800033c   0x0000008a   Code   RO         3168    .text               c_w.l(rt_memcpy_v6.o)
    0x080003c6   0x080003c6   0x00000010   Code   RO         3170    .text               c_w.l(aeabi_memset.o)
    0x080003d6   0x080003d6   0x00000006   Code   RO         3172    .text               c_w.l(heapauxi.o)
    0x080003dc   0x080003dc   0x00000002   Code   RO         3176    .text               c_w.l(use_no_semi.o)
    0x080003de   0x080003de   0x00000002   PAD
    0x080003e0   0x080003e0   0x00000024   Code   RO         3183    .text               c_w.l(_printf_char_file.o)
    0x08000404   0x08000404   0x00000064   Code   RO         3185    .text               c_w.l(rt_memcpy_w.o)
    0x08000468   0x08000468   0x00000044   Code   RO         3187    .text               c_w.l(rt_memclr.o)
    0x080004ac   0x080004ac   0x00000030   Code   RO         3206    .text               c_w.l(_printf_char_common.o)
    0x080004dc   0x080004dc   0x00000008   Code   RO         3208    .text               c_w.l(ferror.o)
    0x080004e4   0x080004e4   0x0000004e   Code   RO         3212    .text               c_w.l(rt_memclr_w.o)
    0x08000532   0x08000532   0x0000004a   Code   RO         3214    .text               c_w.l(sys_stackheap_outer.o)
    0x0800057c   0x0800057c   0x00000028   Code   RO         3216    .text               c_w.l(__printf_nopercent.o)
    0x080005a4   0x080005a4   0x00000012   Code   RO         3218    .text               c_w.l(exit.o)
    0x080005b6   0x080005b6   0x00000002   PAD
    0x080005b8   0x080005b8   0x00000008   Code   RO         3230    .text               c_w.l(libspace.o)
    0x080005c0   0x080005c0   0x00000002   Code   RO          275    i.BusFault_Handler  stm32f4xx_it.o
    0x080005c2   0x080005c2   0x00000002   Code   RO          276    i.DebugMon_Handler  stm32f4xx_it.o
    0x080005c4   0x080005c4   0x00000024   Code   RO         1867    i.HAL_DMA_Abort_IT  stm32f4xx_hal_dma.o
    0x080005e8   0x080005e8   0x000001c0   Code   RO          883    i.HAL_GPIO_Init     stm32f4xx_hal_gpio.o
    0x080007a8   0x080007a8   0x0000000a   Code   RO          885    i.HAL_GPIO_ReadPin  stm32f4xx_hal_gpio.o
    0x080007b2   0x080007b2   0x0000000a   Code   RO          887    i.HAL_GPIO_WritePin  stm32f4xx_hal_gpio.o
    0x080007bc   0x080007bc   0x0000001a   Code   RO          750    i.HAL_NVIC_EnableIRQ  stm32f4xx_hal_cortex.o
    0x080007d6   0x080007d6   0x00000002   PAD
    0x080007d8   0x080007d8   0x00000040   Code   RO          756    i.HAL_NVIC_SetPriority  stm32f4xx_hal_cortex.o
    0x08000818   0x08000818   0x00000024   Code   RO          757    i.HAL_NVIC_SetPriorityGrouping  stm32f4xx_hal_cortex.o
    0x0800083c   0x0800083c   0x00000020   Code   RO         1128    i.HAL_RCC_GetPCLK1Freq  stm32f4xx_hal_rcc.o
    0x0800085c   0x0800085c   0x00000020   Code   RO         1129    i.HAL_RCC_GetPCLK2Freq  stm32f4xx_hal_rcc.o
    0x0800087c   0x0800087c   0x00000018   Code   RO          759    i.HAL_SYSTICK_CLKSourceConfig  stm32f4xx_hal_cortex.o
    0x08000894   0x08000894   0x00000002   Code   RO         1297    i.HAL_UART_ErrorCallback  stm32f4xx_hal_uart.o
    0x08000896   0x08000896   0x0000000a   Code   RO         1299    i.HAL_UART_GetState  stm32f4xx_hal_uart.o
    0x080008a0   0x080008a0   0x00000110   Code   RO         1300    i.HAL_UART_IRQHandler  stm32f4xx_hal_uart.o
    0x080009b0   0x080009b0   0x00000062   Code   RO         1301    i.HAL_UART_Init     stm32f4xx_hal_uart.o
    0x08000a12   0x08000a12   0x00000002   PAD
    0x08000a14   0x08000a14   0x0000007c   Code   RO         2088    i.HAL_UART_MspInit  usart.o
    0x08000a90   0x08000a90   0x00000052   Code   RO         1306    i.HAL_UART_Receive_IT  stm32f4xx_hal_uart.o
    0x08000ae2   0x08000ae2   0x00000002   PAD
    0x08000ae4   0x08000ae4   0x00000058   Code   RO         2089    i.HAL_UART_RxCpltCallback  usart.o
    0x08000b3c   0x08000b3c   0x00000002   Code   RO         1312    i.HAL_UART_TxCpltCallback  stm32f4xx_hal_uart.o
    0x08000b3e   0x08000b3e   0x00000002   Code   RO          277    i.HardFault_Handler  stm32f4xx_it.o
    0x08000b40   0x08000b40   0x00000060   Code   RO         2178    i.KEY_Init          key.o
    0x08000ba0   0x08000ba0   0x000000cc   Code   RO         2179    i.KEY_Scan          key.o
    0x08000c6c   0x08000c6c   0x00000050   Code   RO         2154    i.LED_Init          led.o
    0x08000cbc   0x08000cbc   0x00000002   Code   RO          278    i.MemManage_Handler  stm32f4xx_it.o
    0x08000cbe   0x08000cbe   0x00000002   Code   RO          279    i.NMI_Handler       stm32f4xx_it.o
    0x08000cc0   0x08000cc0   0x00000014   Code   RO         2010    i.SysTick_Handler   delay.o
    0x08000cd4   0x08000cd4   0x00000054   Code   RO          336    i.SystemInit        system_stm32f4xx.o
    0x08000d28   0x08000d28   0x00000010   Code   RO         1314    i.UART_DMAAbortOnError  stm32f4xx_hal_uart.o
    0x08000d38   0x08000d38   0x0000001c   Code   RO         1324    i.UART_EndRxTransfer  stm32f4xx_hal_uart.o
    0x08000d54   0x08000d54   0x00000096   Code   RO         1326    i.UART_Receive_IT   stm32f4xx_hal_uart.o
    0x08000dea   0x08000dea   0x00000002   PAD
    0x08000dec   0x08000dec   0x000002ac   Code   RO         1327    i.UART_SetConfig    stm32f4xx_hal_uart.o
    0x08001098   0x08001098   0x00000062   Code   RO         1328    i.UART_Transmit_IT  stm32f4xx_hal_uart.o
    0x080010fa   0x080010fa   0x00000002   PAD
    0x080010fc   0x080010fc   0x0000002c   Code   RO         2090    i.USART1_IRQHandler  usart.o
    0x08001128   0x08001128   0x00000002   Code   RO          280    i.UsageFault_Handler  stm32f4xx_it.o
    0x0800112a   0x0800112a   0x00000020   Code   RO          763    i.__NVIC_SetPriority  stm32f4xx_hal_cortex.o
    0x0800114a   0x0800114a   0x00000002   Code   RO         2091    i._sys_exit         usart.o
    0x0800114c   0x0800114c   0x00000038   Code   RO         2011    i.delay_init        delay.o
    0x08001184   0x08001184   0x00000038   Code   RO         2012    i.delay_ms          delay.o
    0x080011bc   0x080011bc   0x00000034   Code   RO         2013    i.delay_us          delay.o
    0x080011f0   0x080011f0   0x00000014   Code   RO         2092    i.fputc             usart.o
    0x08001204   0x08001204   0x00000040   Code   RO          491    i.freertos_demo     freertos_demo.o
    0x08001244   0x08001244   0x00000026   Code   RO            4    i.main              main.o
    0x0800126a   0x0800126a   0x00000002   PAD
    0x0800126c   0x0800126c   0x00000070   Code   RO         2361    i.prvAddCurrentTaskToDelayedList  tasks.o
    0x080012dc   0x080012dc   0x000000d0   Code   RO         2362    i.prvAddNewTaskToReadyList  tasks.o
    0x080013ac   0x080013ac   0x00000058   Code   RO         2696    i.prvCheckForValidListAndQueue  timers.o
    0x08001404   0x08001404   0x00000054   Code   RO         2363    i.prvCheckTasksWaitingTermination  tasks.o
    0x08001458   0x08001458   0x00000026   Code   RO         2826    i.prvCopyDataFromQueue  queue.o
    0x0800147e   0x0800147e   0x0000006c   Code   RO         2827    i.prvCopyDataToQueue  queue.o
    0x080014ea   0x080014ea   0x00000034   Code   RO         2364    i.prvDeleteTCB      tasks.o
    0x0800151e   0x0800151e   0x00000002   PAD
    0x08001520   0x08001520   0x00000028   Code   RO         2365    i.prvIdleTask       tasks.o
    0x08001548   0x08001548   0x00000020   Code   RO         2829    i.prvInitialiseNewQueue  queue.o
    0x08001568   0x08001568   0x0000009c   Code   RO         2366    i.prvInitialiseNewTask  tasks.o
    0x08001604   0x08001604   0x0000004c   Code   RO         3033    i.prvInsertBlockIntoFreeList  heap_4.o
    0x08001650   0x08001650   0x00000038   Code   RO         2698    i.prvInsertTimerInActiveList  timers.o
    0x08001688   0x08001688   0x0000001a   Code   RO         2830    i.prvIsQueueEmpty   queue.o
    0x080016a2   0x080016a2   0x00000002   PAD
    0x080016a4   0x080016a4   0x000000c0   Code   RO         2699    i.prvProcessReceivedCommands  timers.o
    0x08001764   0x08001764   0x000000b4   Code   RO         2700    i.prvProcessTimerOrBlockTask  timers.o
    0x08001818   0x08001818   0x00000020   Code   RO         2368    i.prvResetNextTaskUnblockTime  tasks.o
    0x08001838   0x08001838   0x00000028   Code   RO         2701    i.prvSampleTimeNow  timers.o
    0x08001860   0x08001860   0x0000006c   Code   RO         2702    i.prvSwitchTimerLists  timers.o
    0x080018cc   0x080018cc   0x00000028   Code   RO         3082    i.prvTaskExitError  port.o
    0x080018f4   0x080018f4   0x00000028   Code   RO         2703    i.prvTimerTask      timers.o
    0x0800191c   0x0800191c   0x0000006a   Code   RO         2831    i.prvUnlockQueue    queue.o
    0x08001986   0x08001986   0x00000002   PAD
    0x08001988   0x08001988   0x00000018   Code   RO         2370    i.pvTaskIncrementMutexHeldCount  tasks.o
    0x080019a0   0x080019a0   0x0000002c   Code   RO         3083    i.pxPortInitialiseStack  port.o
    0x080019cc   0x080019cc   0x00000098   Code   RO          492    i.start_task        freertos_demo.o
    0x08001a64   0x08001a64   0x0000003c   Code   RO          493    i.task1             freertos_demo.o
    0x08001aa0   0x08001aa0   0x0000003c   Code   RO          494    i.task2             freertos_demo.o
    0x08001adc   0x08001adc   0x00000040   Code   RO          495    i.task3             freertos_demo.o
    0x08001b1c   0x08001b1c   0x00000038   Code   RO         2093    i.uart_init         usart.o
    0x08001b54   0x08001b54   0x00000024   Code   RO         2323    i.uxListRemove      list.o
    0x08001b78   0x08001b78   0x00000014   Code   RO          496    i.vApplicationGetIdleTaskMemory  freertos_demo.o
    0x08001b8c   0x08001b8c   0x00000018   Code   RO          497    i.vApplicationGetTimerTaskMemory  freertos_demo.o
    0x08001ba4   0x08001ba4   0x00000016   Code   RO         2324    i.vListInitialise   list.o
    0x08001bba   0x08001bba   0x00000006   Code   RO         2325    i.vListInitialiseItem  list.o
    0x08001bc0   0x08001bc0   0x00000030   Code   RO         2326    i.vListInsert       list.o
    0x08001bf0   0x08001bf0   0x00000018   Code   RO         2327    i.vListInsertEnd    list.o
    0x08001c08   0x08001c08   0x00000040   Code   RO         3085    i.vPortEnterCritical  port.o
    0x08001c48   0x08001c48   0x00000028   Code   RO         3086    i.vPortExitCritical  port.o
    0x08001c70   0x08001c70   0x0000005c   Code   RO         3035    i.vPortFree         heap_4.o
    0x08001ccc   0x08001ccc   0x00000020   Code   RO         3087    i.vPortSetupTimerInterrupt  port.o
    0x08001cec   0x08001cec   0x00000054   Code   RO         3088    i.vPortValidateInterruptPriority  port.o
    0x08001d40   0x08001d40   0x00000024   Code   RO         2837    i.vQueueAddToRegistry  queue.o
    0x08001d64   0x08001d64   0x00000044   Code   RO         2841    i.vQueueWaitForMessageRestricted  queue.o
    0x08001da8   0x08001da8   0x0000004c   Code   RO         2378    i.vTaskDelay        tasks.o
    0x08001df4   0x08001df4   0x000000ac   Code   RO         2380    i.vTaskDelete       tasks.o
    0x08001ea0   0x08001ea0   0x0000000c   Code   RO         2383    i.vTaskMissedYield  tasks.o
    0x08001eac   0x08001eac   0x00000030   Code   RO         2385    i.vTaskPlaceOnEventList  tasks.o
    0x08001edc   0x08001edc   0x00000038   Code   RO         2386    i.vTaskPlaceOnEventListRestricted  tasks.o
    0x08001f14   0x08001f14   0x00000084   Code   RO         2388    i.vTaskPriorityInherit  tasks.o
    0x08001f98   0x08001f98   0x00000024   Code   RO         2392    i.vTaskSetTimeOutState  tasks.o
    0x08001fbc   0x08001fbc   0x00000084   Code   RO         2393    i.vTaskStartScheduler  tasks.o
    0x08002040   0x08002040   0x00000010   Code   RO         2395    i.vTaskSuspendAll   tasks.o
    0x08002050   0x08002050   0x0000005c   Code   RO         2396    i.vTaskSwitchContext  tasks.o
    0x080020ac   0x080020ac   0x000000e4   Code   RO         3089    i.xPortStartScheduler  port.o
    0x08002190   0x08002190   0x0000002c   Code   RO         3090    i.xPortSysTickHandler  port.o
    0x080021bc   0x080021bc   0x00000066   Code   RO         2847    i.xQueueGenericCreateStatic  queue.o
    0x08002222   0x08002222   0x00000002   PAD
    0x08002224   0x08002224   0x00000170   Code   RO         2848    i.xQueueGenericReceive  queue.o
    0x08002394   0x08002394   0x00000088   Code   RO         2849    i.xQueueGenericReset  queue.o
    0x0800241c   0x0800241c   0x00000164   Code   RO         2850    i.xQueueGenericSend  queue.o
    0x08002580   0x08002580   0x000000bc   Code   RO         2851    i.xQueueGenericSendFromISR  queue.o
    0x0800263c   0x0800263c   0x0000006c   Code   RO         2397    i.xTaskCheckForTimeOut  tasks.o
    0x080026a8   0x080026a8   0x00000056   Code   RO         2399    i.xTaskCreateStatic  tasks.o
    0x080026fe   0x080026fe   0x00000002   PAD
    0x08002700   0x08002700   0x0000001c   Code   RO         2403    i.xTaskGetSchedulerState  tasks.o
    0x0800271c   0x0800271c   0x0000000c   Code   RO         2404    i.xTaskGetTickCount  tasks.o
    0x08002728   0x08002728   0x000000c8   Code   RO         2406    i.xTaskIncrementTick  tasks.o
    0x080027f0   0x080027f0   0x00000098   Code   RO         2409    i.xTaskPriorityDisinherit  tasks.o
    0x08002888   0x08002888   0x00000074   Code   RO         2410    i.xTaskRemoveFromEventList  tasks.o
    0x080028fc   0x080028fc   0x000000c4   Code   RO         2412    i.xTaskResumeAll    tasks.o
    0x080029c0   0x080029c0   0x00000060   Code   RO         2708    i.xTimerCreateTimerTask  timers.o
    0x08002a20   0x08002a20   0x0000005c   Code   RO         2709    i.xTimerGenericCommand  timers.o
    0x08002a7c   0x08002a7c   0x0000000a   Code   RO         3299    x$fpl$fpinit        fz_wm.l(fpinit.o)
    0x08002a86   0x08002a86   0x00000008   Data   RO          338    .constdata          system_stm32f4xx.o
    0x08002a8e   0x08002a8e   0x00000002   PAD
    0x08002a90   0x08002a90   0x00000020   Data   RO         3353    Region$$Table       anon$$obj.o


    Execution Region RW_IRAM1 (Exec base: 0x20000000, Load base: 0x08002ab0, Size: 0x00001a20, Max: 0x00020000, ABSOLUTE)

    Exec Addr    Load Addr    Size         Type   Attr      Idx    E Section Name        Object

    0x20000000   0x08002ab0   0x00000004   Data   RW          339    .data               system_stm32f4xx.o
    0x20000004   0x08002ab4   0x00000010   Data   RW          499    .data               freertos_demo.o
    0x20000014   0x08002ac4   0x00000004   Data   RW         2015    .data               delay.o
    0x20000018   0x08002ac8   0x00000004   Data   RW         2095    .data               usart.o
    0x2000001c   0x08002acc   0x00000004   Data   RW         2096    .data               usart.o
    0x20000020   0x08002ad0   0x00000001   Data   RW         2180    .data               key.o
    0x20000021   0x08002ad1   0x00000003   PAD
    0x20000024   0x08002ad4   0x0000003c   Data   RW         2415    .data               tasks.o
    0x20000060   0x08002b10   0x00000014   Data   RW         2715    .data               timers.o
    0x20000074   0x08002b24   0x00000018   Data   RW         3040    .data               heap_4.o
    0x2000008c   0x08002b3c   0x0000000c   Data   RW         3091    .data               port.o
    0x20000098        -       0x00001028   Zero   RW          498    .bss                freertos_demo.o
    0x200010c0        -       0x00000108   Zero   RW         2094    .bss                usart.o
    0x200011c8        -       0x000000c8   Zero   RW         2414    .bss                tasks.o
    0x20001290        -       0x000000f0   Zero   RW         2714    .bss                timers.o
    0x20001380        -       0x00000040   Zero   RW         2859    .bss                queue.o
    0x200013c0        -       0x00000060   Zero   RW         3231    .bss                c_w.l(libspace.o)
    0x20001420        -       0x00000200   Zero   RW          553    HEAP                startup_stm32f407xx.o
    0x20001620        -       0x00000400   Zero   RW          552    STACK               startup_stm32f407xx.o


==============================================================================

Image component sizes


      Code (inc. data)   RO Data    RW Data    ZI Data      Debug   Object Name

       184         14          0          4          0       2857   delay.o
         0          0          0          0          0      19136   event_groups.o
       444        172          0         16       4136       5793   freertos_demo.o
       168          8          0         24          0       2944   heap_4.o
       300         26          0          1          0       1902   key.o
        80          8          0          0          0        991   led.o
       136          0          0          0          0       3518   list.o
        38          0          0          0          0     673947   main.o
       758         82          0         12          0      11925   port.o
      1564         20          0          0         64      14755   queue.o
        64         26        392          0       1536        880   startup_stm32f407xx.o
       182         14          0          0          0      34024   stm32f4xx_hal_cortex.o
        36          0          0          0          0       1335   stm32f4xx_hal_dma.o
       468         46          0          0          0       3443   stm32f4xx_hal_gpio.o
        64         24          0          0          0       2040   stm32f4xx_hal_rcc.o
      1442         14          0          0          0       9103   stm32f4xx_hal_uart.o
        12          0          0          0          0       3029   stm32f4xx_it.o
        84         18          8          4          0       1267   system_stm32f4xx.o
      2378        192          0         60        200      25191   tasks.o
       892         82          0         20        240      27699   timers.o
       334         52          0          8        264       5929   usart.o

    ----------------------------------------------------------------------
      9652        798        434        152       6440     851708   Object Totals
         0          0         32          0          0          0   (incl. Generated)
        24          0          2          3          0          0   (incl. Padding)

    ----------------------------------------------------------------------

      Code (inc. data)   RO Data    RW Data    ZI Data      Debug   Library Member Name

         8          0          0          0          0         68   __main.o
        40          0          0          0          0         84   __printf_nopercent.o
         0          0          0          0          0          0   __rtentry.o
        12          0          0          0          0          0   __rtentry2.o
         6          0          0          0          0          0   __rtentry4.o
        52          8          0          0          0          0   __scatter.o
        26          0          0          0          0          0   __scatter_copy.o
        28          0          0          0          0          0   __scatter_zi.o
        48          6          0          0          0         96   _printf_char_common.o
        36          4          0          0          0         80   _printf_char_file.o
        16          0          0          0          0         68   aeabi_memset.o
        18          0          0          0          0         80   exit.o
         8          0          0          0          0         68   ferror.o
         6          0          0          0          0        152   heapauxi.o
         2          0          0          0          0          0   libinit.o
         6          0          0          0          0          0   libinit2.o
         2          0          0          0          0          0   libshutdown.o
         2          0          0          0          0          0   libshutdown2.o
         8          4          0          0         96         68   libspace.o
        24          4          0          0          0         84   noretval__2printf.o
        68          0          0          0          0         68   rt_memclr.o
        78          0          0          0          0         80   rt_memclr_w.o
       138          0          0          0          0         68   rt_memcpy_v6.o
       100          0          0          0          0         80   rt_memcpy_w.o
         2          0          0          0          0          0   rtexit.o
        10          0          0          0          0          0   rtexit2.o
        74          0          0          0          0         80   sys_stackheap_outer.o
         2          0          0          0          0         68   use_no_semi.o
         2          0          0          0          0         68   use_no_semi_2.o
        10          0          0          0          0        116   fpinit.o

    ----------------------------------------------------------------------
       842         26          0          0         96       1476   Library Totals
        10          0          0          0          0          0   (incl. Padding)

    ----------------------------------------------------------------------

      Code (inc. data)   RO Data    RW Data    ZI Data      Debug   Library Name

       822         26          0          0         96       1360   c_w.l
        10          0          0          0          0        116   fz_wm.l

    ----------------------------------------------------------------------
       842         26          0          0         96       1476   Library Totals

    ----------------------------------------------------------------------

==============================================================================


      Code (inc. data)   RO Data    RW Data    ZI Data      Debug   

     10494        824        434        152       6536     841908   Grand Totals
     10494        824        434        152       6536     841908   ELF Image Totals
     10494        824        434        152          0          0   ROM Totals

==============================================================================

    Total RO  Size (Code + RO Data)                10928 (  10.67kB)
    Total RW  Size (RW Data + ZI Data)              6688 (   6.53kB)
    Total ROM Size (Code + RO Data + RW Data)      11080 (  10.82kB)

==============================================================================

