Component: ARM Compiler 5.06 update 6 (build 750) Tool: armlink [4d35ed]

==============================================================================

Section Cross References

    startup_stm32f407xx.o(STACK) refers (Special) to heapauxi.o(.text) for __use_two_region_memory
    startup_stm32f407xx.o(HEAP) refers (Special) to heapauxi.o(.text) for __use_two_region_memory
    startup_stm32f407xx.o(RESET) refers (Special) to heapauxi.o(.text) for __use_two_region_memory
    startup_stm32f407xx.o(RESET) refers to startup_stm32f407xx.o(STACK) for __initial_sp
    startup_stm32f407xx.o(RESET) refers to startup_stm32f407xx.o(.text) for Reset_Handler
    startup_stm32f407xx.o(RESET) refers to stm32f4xx_it.o(i.NMI_Handler) for NMI_Handler
    startup_stm32f407xx.o(RESET) refers to stm32f4xx_it.o(i.HardFault_Handler) for HardFault_Handler
    startup_stm32f407xx.o(RESET) refers to stm32f4xx_it.o(i.MemManage_Handler) for MemManage_Handler
    startup_stm32f407xx.o(RESET) refers to stm32f4xx_it.o(i.BusFault_Handler) for BusFault_Handler
    startup_stm32f407xx.o(RESET) refers to stm32f4xx_it.o(i.UsageFault_Handler) for UsageFault_Handler
    startup_stm32f407xx.o(RESET) refers to port.o(.emb_text) for SVC_Handler
    startup_stm32f407xx.o(RESET) refers to stm32f4xx_it.o(i.DebugMon_Handler) for DebugMon_Handler
    startup_stm32f407xx.o(RESET) refers to delay.o(i.SysTick_Handler) for SysTick_Handler
    startup_stm32f407xx.o(RESET) refers to btim.o(i.TIM3_IRQHandler) for TIM3_IRQHandler
    startup_stm32f407xx.o(RESET) refers to usart.o(i.USART1_IRQHandler) for USART1_IRQHandler
    startup_stm32f407xx.o(RESET) refers to btim.o(i.TIM7_IRQHandler) for TIM7_IRQHandler
    startup_stm32f407xx.o(.text) refers (Special) to heapauxi.o(.text) for __use_two_region_memory
    startup_stm32f407xx.o(.text) refers to system_stm32f4xx.o(i.SystemInit) for SystemInit
    startup_stm32f407xx.o(.text) refers to __main.o(!!!main) for __main
    startup_stm32f407xx.o(.text) refers to startup_stm32f407xx.o(HEAP) for Heap_Mem
    startup_stm32f407xx.o(.text) refers to startup_stm32f407xx.o(STACK) for Stack_Mem
    main.o(i.main) refers to stm32f4xx_hal_cortex.o(i.HAL_NVIC_SetPriorityGrouping) for HAL_NVIC_SetPriorityGrouping
    main.o(i.main) refers to stm32f4xx_hal.o(i.HAL_Init) for HAL_Init
    main.o(i.main) refers to sys.o(i.sys_stm32_clock_init) for sys_stm32_clock_init
    main.o(i.main) refers to delay.o(i.delay_init) for delay_init
    main.o(i.main) refers to usart.o(i.usart_init) for usart_init
    main.o(i.main) refers to led.o(i.led_init) for led_init
    main.o(i.main) refers to lcd.o(i.lcd_init) for lcd_init
    main.o(i.main) refers to key.o(i.key_init) for key_init
    main.o(i.main) refers to sram.o(i.sram_init) for sram_init
    main.o(i.main) refers to malloc.o(i.my_mem_init) for my_mem_init
    main.o(i.main) refers to freertos_demo.o(i.freertos_demo) for freertos_demo
    system_stm32f4xx.o(i.SystemCoreClockUpdate) refers to system_stm32f4xx.o(.data) for SystemCoreClock
    system_stm32f4xx.o(i.SystemCoreClockUpdate) refers to system_stm32f4xx.o(.constdata) for AHBPrescTable
    freertos_demo.o(i.freertos_demo) refers to lcd.o(i.lcd_show_string) for lcd_show_string
    freertos_demo.o(i.freertos_demo) refers to tasks.o(i.xTaskCreate) for xTaskCreate
    freertos_demo.o(i.freertos_demo) refers to tasks.o(i.vTaskStartScheduler) for vTaskStartScheduler
    freertos_demo.o(i.freertos_demo) refers to freertos_demo.o(.data) for StartTask_Handler
    freertos_demo.o(i.freertos_demo) refers to freertos_demo.o(i.start_task) for start_task
    freertos_demo.o(i.start_task) refers to port.o(i.vPortEnterCritical) for vPortEnterCritical
    freertos_demo.o(i.start_task) refers to tasks.o(i.xTaskCreate) for xTaskCreate
    freertos_demo.o(i.start_task) refers to tasks.o(i.vTaskDelete) for vTaskDelete
    freertos_demo.o(i.start_task) refers to port.o(i.vPortExitCritical) for vPortExitCritical
    freertos_demo.o(i.start_task) refers to freertos_demo.o(.data) for Task1Task_Handler
    freertos_demo.o(i.start_task) refers to freertos_demo.o(i.task1) for task1
    freertos_demo.o(i.task1) refers to _printf_percent.o(.ARM.Collect$$_printf_percent$$00000000) for _printf_percent
    freertos_demo.o(i.task1) refers to _printf_p.o(.ARM.Collect$$_printf_percent$$00000002) for _printf_p
    freertos_demo.o(i.task1) refers to _printf_hex_int_ptr.o(.text) for _printf_longlong_hex
    freertos_demo.o(i.task1) refers to key.o(i.key_scan) for key_scan
    freertos_demo.o(i.task1) refers to heap_4.o(i.pvPortMalloc) for pvPortMalloc
    freertos_demo.o(i.task1) refers to noretval__2sprintf.o(.text) for __2sprintf
    freertos_demo.o(i.task1) refers to lcd.o(i.lcd_show_string) for lcd_show_string
    freertos_demo.o(i.task1) refers to heap_4.o(i.vPortFree) for vPortFree
    freertos_demo.o(i.task1) refers to lcd.o(i.lcd_show_xnum) for lcd_show_xnum
    freertos_demo.o(i.task1) refers to heap_4.o(i.xPortGetFreeHeapSize) for xPortGetFreeHeapSize
[...]
    g_fac_us                                 0x20000024   Data           4  delay.o(.data)
    .data                                    0x20000028   Section        7  usart.o(.data)
    .data                                    0x20000030   Section        9  stm32f4xx_hal.o(.data)
    .data                                    0x2000003c   Section        8  lcd.o(.data)
    .data                                    0x20000044   Section        1  key.o(.data)
    key_up                                   0x20000044   Data           1  key.o(.data)
    .data                                    0x20000048   Section        4  btim.o(.data)
    .data                                    0x2000004c   Section       36  malloc.o(.data)
    .data                                    0x20000070   Section       72  tasks.o(.data)
    pxDelayedTaskList                        0x20000074   Data           4  tasks.o(.data)
    pxOverflowDelayedTaskList                0x20000078   Data           4  tasks.o(.data)
    uxDeletedTasksWaitingCleanUp             0x2000007c   Data           4  tasks.o(.data)
    uxCurrentNumberOfTasks                   0x20000080   Data           4  tasks.o(.data)
    xTickCount                               0x20000084   Data           4  tasks.o(.data)
    uxTopReadyPriority                       0x20000088   Data           4  tasks.o(.data)
    xSchedulerRunning                        0x2000008c   Data           4  tasks.o(.data)
    xPendedTicks                             0x20000090   Data           4  tasks.o(.data)
    xYieldPending                            0x20000094   Data           4  tasks.o(.data)
    xNumOfOverflows                          0x20000098   Data           4  tasks.o(.data)
    uxTaskNumber                             0x2000009c   Data           4  tasks.o(.data)
    xNextTaskUnblockTime                     0x200000a0   Data           4  tasks.o(.data)
    xIdleTaskHandle                          0x200000a4   Data           4  tasks.o(.data)
    uxSchedulerSuspended                     0x200000ac   Data           4  tasks.o(.data)
    ulTaskSwitchedInTime                     0x200000b0   Data           4  tasks.o(.data)
    ulTotalRunTime                           0x200000b4   Data           4  tasks.o(.data)
    .data                                    0x200000b8   Section       20  timers.o(.data)
    pxCurrentTimerList                       0x200000b8   Data           4  timers.o(.data)
    pxOverflowTimerList                      0x200000bc   Data           4  timers.o(.data)
    xTimerQueue                              0x200000c0   Data           4  timers.o(.data)
    xTimerTaskHandle                         0x200000c4   Data           4  timers.o(.data)
    xLastTime                                0x200000c8   Data           4  timers.o(.data)
    .data                                    0x200000cc   Section       32  heap_4.o(.data)
    xStart                                   0x200000cc   Data           8  heap_4.o(.data)
    pxEnd                                    0x200000d4   Data           4  heap_4.o(.data)
    xFreeBytesRemaining                      0x200000d8   Data           4  heap_4.o(.data)
    xMinimumEverFreeBytesRemaining           0x200000dc   Data           4  heap_4.o(.data)
    xNumberOfSuccessfulAllocations           0x200000e0   Data           4  heap_4.o(.data)
    xNumberOfSuccessfulFrees                 0x200000e4   Data           4  heap_4.o(.data)
    xBlockAllocatedBit                       0x200000e8   Data           4  heap_4.o(.data)
    .data                                    0x200000ec   Section       12  port.o(.data)
    uxCriticalNesting                        0x200000ec   Data           4  port.o(.data)
    ucMaxSysCallPriority                     0x200000f0   Data           1  port.o(.data)
    ulMaxPRIGROUPValue                       0x200000f4   Data           4  port.o(.data)
    .data                                    0x200000f8   Section       10  xmram.o(.data)
    .bss                                     0x20000104   Section      268  usart.o(.bss)
    .bss                                     0x20000210   Section       94  lcd.o(.bss)
    .bss                                     0x20000270   Section       80  sram.o(.bss)
    .bss                                     0x200002c0   Section      144  btim.o(.bss)
    .bss                                     0x20000360   Section    97920  malloc.o(.bss)
    .bss                                     0x200181e0   Section       64  queue.o(.bss)
    .bss                                     0x20018220   Section      740  tasks.o(.bss)
    pxReadyTasksLists                        0x20018220   Data         640  tasks.o(.bss)
    xDelayedTaskList1                        0x200184a0   Data          20  tasks.o(.bss)
    xDelayedTaskList2                        0x200184b4   Data          20  tasks.o(.bss)
    xPendingReadyList                        0x200184c8   Data          20  tasks.o(.bss)
    xTasksWaitingTermination                 0x200184dc   Data          20  tasks.o(.bss)
    xSuspendedTaskList                       0x200184f0   Data          20  tasks.o(.bss)
    .bss                                     0x20018504   Section       40  timers.o(.bss)
    xActiveTimerList1                        0x20018504   Data          20  timers.o(.bss)
    xActiveTimerList2                        0x20018518   Data          20  timers.o(.bss)
    .bss                                     0x2001852c   Section    10240  heap_4.o(.bss)
    ucHeap                                   0x2001852c   Data       10240  heap_4.o(.bss)
    .bss                                     0x2001ad2c   Section       96  libspace.o(.bss)
    HEAP                                     0x2001ad90   Section        0  startup_stm32f407xx.o(HEAP)
    STACK                                    0x2001ad90   Section     1024  startup_stm32f407xx.o(STACK)
    Heap_Mem                                 0x2001ad90   Data           0  startup_stm32f407xx.o(HEAP)
    Stack_Mem                                0x2001ad90   Data        1024  startup_stm32f407xx.o(STACK)
    __initial_sp                             0x2001b190   Data           0  startup_stm32f407xx.o(STACK)
    .ARM.__AT_0x68000000                     0x68000000   Section    986112  malloc.o(.ARM.__AT_0x68000000)
    .ARM.__AT_0x680F0C00                     0x680f0c00   Section    61632  malloc.o(.ARM.__AT_0x680F0C00)

    Global Symbols

    Symbol Name                              Value     Ov Type        Size  Object(Section)

    BuildAttributes$$THM_ISAv4$E$P$D$K$B$S$7EM$VFPi3$EXTD16$VFPS$VFMA$PE$A:L22UL41UL21$X:L11$S22US41US21$IEEE1$IW$USESV6$~STKCKD$USESV7$~SHL$OSPACE$ROPI$EBA8$UX$STANDARDLIB$REQ8$PRES8$EABIv2 0x00000000   Number         0  anon$$obj.o ABSOLUTE
    __ARM_use_no_argv                        0x00000000   Number         0  main.o ABSOLUTE
    __ARM_exceptions_init                     - Undefined Weak Reference
    __alloca_initialize                       - Undefined Weak Reference
    __arm_preinit_                            - Undefined Weak Reference
    __cpp_initialize__aeabi_                  - Undefined Weak Reference
    __cxa_finalize                            - Undefined Weak Reference
    __rt_locale                               - Undefined Weak Reference
    __sigvec_lookup                           - Undefined Weak Reference
    _atexit_init                              - Undefined Weak Reference
    _call_atexit_fns                          - Undefined Weak Reference
    _clock_init                               - Undefined Weak Reference
    _fp_trap_init                             - Undefined Weak Reference
    _fp_trap_shutdown                         - Undefined Weak Reference
    _get_lc_collate                           - Undefined Weak Reference
    _get_lc_ctype                             - Undefined Weak Reference
    _get_lc_monetary                          - Undefined Weak Reference
    _get_lc_numeric                           - Undefined Weak Reference
    _get_lc_time                              - Undefined Weak Reference
    _getenv_init                              - Undefined Weak Reference
    _handle_redirection                       - Undefined Weak Reference
    _init_alloc                               - Undefined Weak Reference
    _init_user_alloc                          - Undefined Weak Reference
    _initio                                   - Undefined Weak Reference
    _mutex_acquire                            - Undefined Weak Reference
    _mutex_release                            - Undefined Weak Reference
    _printf_mbtowc                            - Undefined Weak Reference
    _printf_post_padding                      - Undefined Weak Reference
    _printf_pre_padding                       - Undefined Weak Reference
    _printf_truncate_signed                   - Undefined Weak Reference
    _printf_truncate_unsigned                 - Undefined Weak Reference
    _rand_init                                - Undefined Weak Reference
    _signal_finish                            - Undefined Weak Reference
    _signal_init                              - Undefined Weak Reference
    _terminate_alloc                          - Undefined Weak Reference
    _terminate_user_alloc                     - Undefined Weak Reference
    _terminateio                              - Undefined Weak Reference
    __Vectors_Size                           0x00000188   Number         0  startup_stm32f407xx.o ABSOLUTE
    __Vectors                                0x08000000   Data           4  startup_stm32f407xx.o(RESET)
    __Vectors_End                            0x08000188   Data           0  startup_stm32f407xx.o(RESET)
    __main                                   0x08000189   Thumb Code     8  __main.o(!!!main)
    __scatterload                            0x08000191   Thumb Code     0  __scatter.o(!!!scatter)
    __scatterload_rt2                        0x08000191   Thumb Code    44  __scatter.o(!!!scatter)
    __scatterload_rt2_thumb_only             0x08000191   Thumb Code     0  __scatter.o(!!!scatter)
    __scatterload_null                       0x0800019f   Thumb Code     0  __scatter.o(!!!scatter)
    __scatterload_copy                       0x080001c5   Thumb Code    26  __scatter_copy.o(!!handler_copy)
    __scatterload_zeroinit                   0x080001e1   Thumb Code    28  __scatter_zi.o(!!handler_zi)
    _printf_p                                0x080001fd   Thumb Code     0  _printf_p.o(.ARM.Collect$$_printf_percent$$00000002)
    _printf_percent                          0x080001fd   Thumb Code     0  _printf_percent.o(.ARM.Collect$$_printf_percent$$00000000)
    _printf_d                                0x08000203   Thumb Code     0  _printf_d.o(.ARM.Collect$$_printf_percent$$00000009)
    _printf_x                                0x08000209   Thumb Code     0  _printf_x.o(.ARM.Collect$$_printf_percent$$0000000C)
    _printf_s                                0x0800020f   Thumb Code     0  _printf_s.o(.ARM.Collect$$_printf_percent$$00000014)
    _printf_percent_end                      0x08000215   Thumb Code     0  _printf_percent_end.o(.ARM.Collect$$_printf_percent$$00000017)
    __rt_lib_init                            0x08000219   Thumb Code     0  libinit.o(.ARM.Collect$$libinit$$00000000)
    __rt_lib_init_fp_1                       0x0800021b   Thumb Code     0  libinit2.o(.ARM.Collect$$libinit$$00000001)
    __rt_lib_init_alloca_1                   0x0800021f   Thumb Code     0  libinit2.o(.ARM.Collect$$libinit$$0000002E)
    __rt_lib_init_argv_1                     0x0800021f   Thumb Code     0  libinit2.o(.ARM.Collect$$libinit$$0000002C)
    __rt_lib_init_atexit_1                   0x0800021f   Thumb Code     0  libinit2.o(.ARM.Collect$$libinit$$0000001B)
    __rt_lib_init_clock_1                    0x0800021f   Thumb Code     0  libinit2.o(.ARM.Collect$$libinit$$00000021)
    __rt_lib_init_cpp_1                      0x0800021f   Thumb Code     0  libinit2.o(.ARM.Collect$$libinit$$00000032)
    __rt_lib_init_exceptions_1               0x0800021f   Thumb Code     0  libinit2.o(.ARM.Collect$$libinit$$00000030)
    __rt_lib_init_fp_trap_1                  0x0800021f   Thumb Code     0  libinit2.o(.ARM.Collect$$libinit$$0000001F)
    __rt_lib_init_getenv_1                   0x0800021f   Thumb Code     0  libinit2.o(.ARM.Collect$$libinit$$00000023)
    __rt_lib_init_heap_1                     0x0800021f   Thumb Code     0  libinit2.o(.ARM.Collect$$libinit$$0000000A)
    __rt_lib_init_lc_collate_1               0x0800021f   Thumb Code     0  libinit2.o(.ARM.Collect$$libinit$$00000011)
    __rt_lib_init_lc_ctype_1                 0x0800021f   Thumb Code     0  libinit2.o(.ARM.Collect$$libinit$$00000013)
    __rt_lib_init_lc_monetary_1              0x0800021f   Thumb Code     0  libinit2.o(.ARM.Collect$$libinit$$00000015)
    __rt_lib_init_lc_numeric_1               0x0800021f   Thumb Code     0  libinit2.o(.ARM.Collect$$libinit$$00000017)
    __rt_lib_init_lc_time_1                  0x0800021f   Thumb Code     0  libinit2.o(.ARM.Collect$$libinit$$00000019)
    __rt_lib_init_preinit_1                  0x0800021f   Thumb Code     0  libinit2.o(.ARM.Collect$$libinit$$00000004)
    __rt_lib_init_rand_1                     0x0800021f   Thumb Code     0  libinit2.o(.ARM.Collect$$libinit$$0000000E)
    __rt_lib_init_return                     0x0800021f   Thumb Code     0  libinit2.o(.ARM.Collect$$libinit$$00000033)
    __rt_lib_init_signal_1                   0x0800021f   Thumb Code     0  libinit2.o(.ARM.Collect$$libinit$$0000001D)
    __rt_lib_init_stdio_1                    0x0800021f   Thumb Code     0  libinit2.o(.ARM.Collect$$libinit$$00000025)
    __rt_lib_init_user_alloc_1               0x0800021f   Thumb Code     0  libinit2.o(.ARM.Collect$$libinit$$0000000C)
    __rt_lib_shutdown                        0x08000221   Thumb Code     0  libshutdown.o(.ARM.Collect$$libshutdown$$00000000)
    __rt_lib_shutdown_cpp_1                  0x08000223   Thumb Code     0  libshutdown2.o(.ARM.Collect$$libshutdown$$00000002)
    __rt_lib_shutdown_fp_trap_1              0x08000223   Thumb Code     0  libshutdown2.o(.ARM.Collect$$libshutdown$$00000007)
    __rt_lib_shutdown_heap_1                 0x08000223   Thumb Code     0  libshutdown2.o(.ARM.Collect$$libshutdown$$0000000F)
    __rt_lib_shutdown_return                 0x08000223   Thumb Code     0  libshutdown2.o(.ARM.Collect$$libshutdown$$00000010)
    __rt_lib_shutdown_signal_1               0x08000223   Thumb Code     0  libshutdown2.o(.ARM.Collect$$libshutdown$$0000000A)
    __rt_lib_shutdown_stdio_1                0x08000223   Thumb Code     0  libshutdown2.o(.ARM.Collect$$libshutdown$$00000004)
    __rt_lib_shutdown_user_alloc_1           0x08000223   Thumb Code     0  libshutdown2.o(.ARM.Collect$$libshutdown$$0000000C)
    __rt_entry                               0x08000225   Thumb Code     0  __rtentry.o(.ARM.Collect$$rtentry$$00000000)
    __rt_entry_presh_1                       0x08000225   Thumb Code     0  __rtentry2.o(.ARM.Collect$$rtentry$$00000002)
    __rt_entry_sh                            0x08000225   Thumb Code     0  __rtentry4.o(.ARM.Collect$$rtentry$$00000004)
    __rt_entry_li                            0x0800022b   Thumb Code     0  __rtentry2.o(.ARM.Collect$$rtentry$$0000000A)
    __rt_entry_postsh_1                      0x0800022b   Thumb Code     0  __rtentry2.o(.ARM.Collect$$rtentry$$00000009)
    __rt_entry_main                          0x0800022f   Thumb Code     0  __rtentry2.o(.ARM.Collect$$rtentry$$0000000D)
    __rt_entry_postli_1                      0x0800022f   Thumb Code     0  __rtentry2.o(.ARM.Collect$$rtentry$$0000000C)
    __rt_exit                                0x08000237   Thumb Code     0  rtexit.o(.ARM.Collect$$rtexit$$00000000)
    __rt_exit_ls                             0x08000239   Thumb Code     0  rtexit2.o(.ARM.Collect$$rtexit$$00000003)
    __rt_exit_prels_1                        0x08000239   Thumb Code     0  rtexit2.o(.ARM.Collect$$rtexit$$00000002)
    __rt_exit_exit                           0x0800023d   Thumb Code     0  rtexit2.o(.ARM.Collect$$rtexit$$00000004)
    SVC_Handler                              0x08000245   Thumb Code    28  port.o(.emb_text)
    __asm___6_port_c_39a90d8d__prvStartFirstTask 0x08000265   Thumb Code    36  port.o(.emb_text)
    __asm___6_port_c_39a90d8d__prvEnableVFP  0x0800028d   Thumb Code    16  port.o(.emb_text)
    PendSV_Handler                           0x080002a1   Thumb Code    88  port.o(.emb_text)
    vPortGetIPSR                             0x080002fd   Thumb Code     6  port.o(.emb_text)
    Reset_Handler                            0x08000305   Thumb Code    18  startup_stm32f407xx.o(.text)
    ADC_IRQHandler                           0x08000329   Thumb Code     0  startup_stm32f407xx.o(.text)
    CAN1_RX0_IRQHandler                      0x08000329   Thumb Code     0  startup_stm32f407xx.o(.text)
    CAN1_RX1_IRQHandler                      0x08000329   Thumb Code     0  startup_stm32f407xx.o(.text)
    CAN1_SCE_IRQHandler                      0x08000329   Thumb Code     0  startup_stm32f407xx.o(.text)
    CAN1_TX_IRQHandler                       0x08000329   Thumb Code     0  startup_stm32f407xx.o(.text)
    CAN2_RX0_IRQHandler                      0x08000329   Thumb Code     0  startup_stm32f407xx.o(.text)
    CAN2_RX1_IRQHandler                      0x08000329   Thumb Code     0  startup_stm32f407xx.o(.text)
    CAN2_SCE_IRQHandler                      0x08000329   Thumb Code     0  startup_stm32f407xx.o(.text)
    CAN2_TX_IRQHandler                       0x08000329   Thumb Code     0  startup_stm32f407xx.o(.text)
    DCMI_IRQHandler                          0x08000329   Thumb Code     0  startup_stm32f407xx.o(.text)
    DMA1_Stream0_IRQHandler                  0x08000329   Thumb Code     0  startup_stm32f407xx.o(.text)
    DMA1_Stream1_IRQHandler                  0x08000329   Thumb Code     0  startup_stm32f407xx.o(.text)
    DMA1_Stream2_IRQHandler                  0x08000329   Thumb Code     0  startup_stm32f407xx.o(.text)
    DMA1_Stream3_IRQHandler                  0x08000329   Thumb Code     0  startup_stm32f407xx.o(.text)
    DMA1_Stream4_IRQHandler                  0x08000329   Thumb Code     0  startup_stm32f407xx.o(.text)
    DMA1_Stream5_IRQHandler                  0x08000329   Thumb Code     0  startup_stm32f407xx.o(.text)
    DMA1_Stream6_IRQHandler                  0x08000329   Thumb Code     0  startup_stm32f407xx.o(.text)
    DMA1_Stream7_IRQHandler                  0x08000329   Thumb Code     0  startup_stm32f407xx.o(.text)
    DMA2_Stream0_IRQHandler                  0x08000329   Thumb Code     0  startup_stm32f407xx.o(.text)
    DMA2_Stream1_IRQHandler                  0x08000329   Thumb Code     0  startup_stm32f407xx.o(.text)
    DMA2_Stream2_IRQHandler                  0x08000329   Thumb Code     0  startup_stm32f407xx.o(.text)
    DMA2_Stream3_IRQHandler                  0x08000329   Thumb Code     0  startup_stm32f407xx.o(.text)
    DMA2_Stream4_IRQHandler                  0x08000329   Thumb Code     0  startup_stm32f407xx.o(.text)
    DMA2_Stream5_IRQHandler                  0x08000329   Thumb Code     0  startup_stm32f407xx.o(.text)
    DMA2_Stream6_IRQHandler                  0x08000329   Thumb Code     0  startup_stm32f407xx.o(.text)
    DMA2_Stream7_IRQHandler                  0x08000329   Thumb Code     0  startup_stm32f407xx.o(.text)
    ETH_IRQHandler                           0x08000329   Thumb Code     0  startup_stm32f407xx.o(.text)
    ETH_WKUP_IRQHandler                      0x08000329   Thumb Code     0  startup_stm32f407xx.o(.text)
    EXTI0_IRQHandler                         0x08000329   Thumb Code     0  startup_stm32f407xx.o(.text)
    EXTI15_10_IRQHandler                     0x08000329   Thumb Code     0  startup_stm32f407xx.o(.text)
    EXTI1_IRQHandler                         0x08000329   Thumb Code     0  startup_stm32f407xx.o(.text)
    EXTI2_IRQHandler                         0x08000329   Thumb Code     0  startup_stm32f407xx.o(.text)
    EXTI3_IRQHandler                         0x08000329   Thumb Code     0  startup_stm32f407xx.o(.text)
    EXTI4_IRQHandler                         0x08000329   Thumb Code     0  startup_stm32f407xx.o(.text)
    EXTI9_5_IRQHandler                       0x08000329   Thumb Code     0  startup_stm32f407xx.o(.text)
    FLASH_IRQHandler                         0x08000329   Thumb Code     0  startup_stm32f407xx.o(.text)
    FMC_IRQHandler                           0x08000329   Thumb Code     0  startup_stm32f407xx.o(.text)
    FPU_IRQHandler                           0x08000329   Thumb Code     0  startup_stm32f407xx.o(.text)
    HASH_RNG_IRQHandler                      0x08000329   Thumb Code     0  startup_stm32f407xx.o(.text)
    I2C1_ER_IRQHandler                       0x08000329   Thumb Code     0  startup_stm32f407xx.o(.text)
    I2C1_EV_IRQHandler                       0x08000329   Thumb Code     0  startup_stm32f407xx.o(.text)
    I2C2_ER_IRQHandler                       0x08000329   Thumb Code     0  startup_stm32f407xx.o(.text)
    I2C2_EV_IRQHandler                       0x08000329   Thumb Code     0  startup_stm32f407xx.o(.text)
    I2C3_ER_IRQHandler                       0x08000329   Thumb Code     0  startup_stm32f407xx.o(.text)
    I2C3_EV_IRQHandler                       0x08000329   Thumb Code     0  startup_stm32f407xx.o(.text)
    OTG_FS_IRQHandler                        0x08000329   Thumb Code     0  startup_stm32f407xx.o(.text)
    OTG_FS_WKUP_IRQHandler                   0x08000329   Thumb Code     0  startup_stm32f407xx.o(.text)
    OTG_HS_EP1_IN_IRQHandler                 0x08000329   Thumb Code     0  startup_stm32f407xx.o(.text)
    OTG_HS_EP1_OUT_IRQHandler                0x08000329   Thumb Code     0  startup_stm32f407xx.o(.text)
    OTG_HS_IRQHandler                        0x08000329   Thumb Code     0  startup_stm32f407xx.o(.text)
    OTG_HS_WKUP_IRQHandler                   0x08000329   Thumb Code     0  startup_stm32f407xx.o(.text)
    PVD_IRQHandler                           0x08000329   Thumb Code     0  startup_stm32f407xx.o(.text)
    RCC_IRQHandler                           0x08000329   Thumb Code     0  startup_stm32f407xx.o(.text)
    RTC_Alarm_IRQHandler                     0x08000329   Thumb Code     0  startup_stm32f407xx.o(.text)
    RTC_WKUP_IRQHandler                      0x08000329   Thumb Code     0  startup_stm32f407xx.o(.text)
    SDIO_IRQHandler                          0x08000329   Thumb Code     0  startup_stm32f407xx.o(.text)
    SPI1_IRQHandler                          0x08000329   Thumb Code     0  startup_stm32f407xx.o(.text)
    SPI2_IRQHandler                          0x08000329   Thumb Code     0  startup_stm32f407xx.o(.text)
    SPI3_IRQHandler                          0x08000329   Thumb Code     0  startup_stm32f407xx.o(.text)
    TAMP_STAMP_IRQHandler                    0x08000329   Thumb Code     0  startup_stm32f407xx.o(.text)
    TIM1_BRK_TIM9_IRQHandler                 0x08000329   Thumb Code     0  startup_stm32f407xx.o(.text)
    TIM1_CC_IRQHandler                       0x08000329   Thumb Code     0  startup_stm32f407xx.o(.text)
    TIM1_TRG_COM_TIM11_IRQHandler            0x08000329   Thumb Code     0  startup_stm32f407xx.o(.text)
    TIM1_UP_TIM10_IRQHandler                 0x08000329   Thumb Code     0  startup_stm32f407xx.o(.text)
    TIM2_IRQHandler                          0x08000329   Thumb Code     0  startup_stm32f407xx.o(.text)
    TIM4_IRQHandler                          0x08000329   Thumb Code     0  startup_stm32f407xx.o(.text)
    TIM5_IRQHandler                          0x08000329   Thumb Code     0  startup_stm32f407xx.o(.text)
    TIM6_DAC_IRQHandler                      0x08000329   Thumb Code     0  startup_stm32f407xx.o(.text)
    TIM8_BRK_TIM12_IRQHandler                0x08000329   Thumb Code     0  startup_stm32f407xx.o(.text)
    TIM8_CC_IRQHandler                       0x08000329   Thumb Code     0  startup_stm32f407xx.o(.text)
    TIM8_TRG_COM_TIM14_IRQHandler            0x08000329   Thumb Code     0  startup_stm32f407xx.o(.text)
    TIM8_UP_TIM13_IRQHandler                 0x08000329   Thumb Code     0  startup_stm32f407xx.o(.text)
    UART4_IRQHandler                         0x08000329   Thumb Code     0  startup_stm32f407xx.o(.text)
    UART5_IRQHandler                         0x08000329   Thumb Code     0  startup_stm32f407xx.o(.text)
    USART2_IRQHandler                        0x08000329   Thumb Code     0  startup_stm32f407xx.o(.text)
    USART3_IRQHandler                        0x08000329   Thumb Code     0  startup_stm32f407xx.o(.text)
    USART6_IRQHandler                        0x08000329   Thumb Code     0  startup_stm32f407xx.o(.text)
    WWDG_IRQHandler                          0x08000329   Thumb Code     0  startup_stm32f407xx.o(.text)
    __user_initial_stackheap                 0x0800032d   Thumb Code     0  startup_stm32f407xx.o(.text)
    __use_no_semihosting                     0x08000351   Thumb Code     2  use_no_semi_2.o(.text)
    __aeabi_uldivmod                         0x08000353   Thumb Code     0  lludivv7m.o(.text)
    _ll_udiv                                 0x08000353   Thumb Code   238  lludivv7m.o(.text)
    __2printf                                0x08000441   Thumb Code    20  noretval__2printf.o(.text)
    __2sprintf                               0x08000459   Thumb Code    34  noretval__2sprintf.o(.text)
    __printf                                 0x08000481   Thumb Code   104  __printf.o(.text)
    _printf_str                              0x080004e9   Thumb Code    82  _printf_str.o(.text)
    _printf_int_dec                          0x0800053d   Thumb Code   104  _printf_dec.o(.text)
    _printf_longlong_hex                     0x080005b5   Thumb Code    78  _printf_hex_int_ptr.o(.text)
    _printf_int_hex                          0x08000603   Thumb Code    26  _printf_hex_int_ptr.o(.text)
    _printf_hex_ptr                          0x0800061d   Thumb Code    16  _printf_hex_int_ptr.o(.text)
    __aeabi_memcpy                           0x08000631   Thumb Code     0  rt_memcpy_v6.o(.text)
    __rt_memcpy                              0x08000631   Thumb Code   138  rt_memcpy_v6.o(.text)
    _memcpy_lastbytes                        0x08000697   Thumb Code     0  rt_memcpy_v6.o(.text)
    __aeabi_memset                           0x080006bb   Thumb Code    16  aeabi_memset.o(.text)
    __aeabi_memclr4                          0x080006cb   Thumb Code     0  rt_memclr_w.o(.text)
    __aeabi_memclr8                          0x080006cb   Thumb Code     0  rt_memclr_w.o(.text)
    __rt_memclr_w                            0x080006cb   Thumb Code    78  rt_memclr_w.o(.text)
    _memset_w                                0x080006cf   Thumb Code     0  rt_memclr_w.o(.text)
    __use_two_region_memory                  0x08000719   Thumb Code     2  heapauxi.o(.text)
    __rt_heap_escrow$2region                 0x0800071b   Thumb Code     2  heapauxi.o(.text)
    __rt_heap_expand$2region                 0x0800071d   Thumb Code     2  heapauxi.o(.text)
    __semihosting$guard                      0x0800071f   Thumb Code     0  use_no_semi.o(.text)
    __use_no_semihosting_swi                 0x0800071f   Thumb Code     2  use_no_semi.o(.text)
    _printf_int_common                       0x08000721   Thumb Code   178  _printf_intcommon.o(.text)
    _printf_char_common                      0x080007df   Thumb Code    32  _printf_char_common.o(.text)
    _sputc                                   0x08000805   Thumb Code    10  _sputc.o(.text)
    _printf_cs_common                        0x0800080f   Thumb Code    20  _printf_char.o(.text)
    _printf_char                             0x08000823   Thumb Code    16  _printf_char.o(.text)
    _printf_string                           0x08000833   Thumb Code     8  _printf_char.o(.text)
    _printf_char_file                        0x0800083d   Thumb Code    32  _printf_char_file.o(.text)
    __aeabi_memcpy4                          0x08000861   Thumb Code     0  rt_memcpy_w.o(.text)
    __aeabi_memcpy8                          0x08000861   Thumb Code     0  rt_memcpy_w.o(.text)
    __rt_memcpy_w                            0x08000861   Thumb Code   100  rt_memcpy_w.o(.text)
    _memcpy_lastbytes_aligned                0x080008a9   Thumb Code     0  rt_memcpy_w.o(.text)
    __aeabi_memclr                           0x080008c5   Thumb Code     0  rt_memclr.o(.text)
    __rt_memclr                              0x080008c5   Thumb Code    68  rt_memclr.o(.text)
    _memset                                  0x080008c9   Thumb Code     0  rt_memclr.o(.text)
    ferror                                   0x08000909   Thumb Code     8  ferror.o(.text)
    __user_setup_stackheap                   0x08000911   Thumb Code    74  sys_stackheap_outer.o(.text)
    exit                                     0x0800095b   Thumb Code    18  exit.o(.text)
    __user_libspace                          0x0800096d   Thumb Code     8  libspace.o(.text)
    __user_perproc_libspace                  0x0800096d   Thumb Code     0  libspace.o(.text)
    __user_perthread_libspace                0x0800096d   Thumb Code     0  libspace.o(.text)
    BusFault_Handler                         0x08000975   Thumb Code     4  stm32f4xx_it.o(i.BusFault_Handler)
    ConfigureTimeForRunTimeStats             0x08000979   Thumb Code    18  btim.o(i.ConfigureTimeForRunTimeStats)
    DebugMon_Handler                         0x08000991   Thumb Code     2  stm32f4xx_it.o(i.DebugMon_Handler)
    FSMC_NORSRAM_Extended_Timing_Init        0x08000995   Thumb Code    66  stm32f4xx_ll_fsmc.o(i.FSMC_NORSRAM_Extended_Timing_Init)
    FSMC_NORSRAM_Init                        0x080009dd   Thumb Code    88  stm32f4xx_ll_fsmc.o(i.FSMC_NORSRAM_Init)
    FSMC_NORSRAM_Timing_Init                 0x08000a39   Thumb Code    68  stm32f4xx_ll_fsmc.o(i.FSMC_NORSRAM_Timing_Init)
    HAL_DMA_Abort                            0x08000a7d   Thumb Code   170  stm32f4xx_hal_dma.o(i.HAL_DMA_Abort)
    HAL_DMA_Abort_IT                         0x08000b27   Thumb Code    40  stm32f4xx_hal_dma.o(i.HAL_DMA_Abort_IT)
    HAL_GPIO_Init                            0x08000b51   Thumb Code   470  stm32f4xx_hal_gpio.o(i.HAL_GPIO_Init)
    HAL_GPIO_ReadPin                         0x08000d55   Thumb Code    16  stm32f4xx_hal_gpio.o(i.HAL_GPIO_ReadPin)
    HAL_GPIO_WritePin                        0x08000d65   Thumb Code    12  stm32f4xx_hal_gpio.o(i.HAL_GPIO_WritePin)
    HAL_GetREVID                             0x08000d71   Thumb Code     8  stm32f4xx_hal.o(i.HAL_GetREVID)
    HAL_GetTick                              0x08000d7d   Thumb Code     6  stm32f4xx_hal.o(i.HAL_GetTick)
    HAL_IncTick                              0x08000d89   Thumb Code    16  stm32f4xx_hal.o(i.HAL_IncTick)
    HAL_Init                                 0x08000da1   Thumb Code    44  stm32f4xx_hal.o(i.HAL_Init)
    HAL_InitTick                             0x08000dd1   Thumb Code    64  stm32f4xx_hal.o(i.HAL_InitTick)
    HAL_MspInit                              0x08000e1d   Thumb Code     2  stm32f4xx_hal.o(i.HAL_MspInit)
    HAL_NVIC_EnableIRQ                       0x08000e1f   Thumb Code    32  stm32f4xx_hal_cortex.o(i.HAL_NVIC_EnableIRQ)
    HAL_NVIC_SetPriority                     0x08000e3f   Thumb Code   124  stm32f4xx_hal_cortex.o(i.HAL_NVIC_SetPriority)
    HAL_NVIC_SetPriorityGrouping             0x08000ebd   Thumb Code    32  stm32f4xx_hal_cortex.o(i.HAL_NVIC_SetPriorityGrouping)
    HAL_RCC_ClockConfig                      0x08000ee5   Thumb Code   368  stm32f4xx_hal_rcc.o(i.HAL_RCC_ClockConfig)
    HAL_RCC_GetHCLKFreq                      0x08001069   Thumb Code     6  stm32f4xx_hal_rcc.o(i.HAL_RCC_GetHCLKFreq)
    HAL_RCC_GetPCLK1Freq                     0x08001075   Thumb Code    22  stm32f4xx_hal_rcc.o(i.HAL_RCC_GetPCLK1Freq)
    HAL_RCC_GetPCLK2Freq                     0x08001095   Thumb Code    22  stm32f4xx_hal_rcc.o(i.HAL_RCC_GetPCLK2Freq)
    HAL_RCC_GetSysClockFreq                  0x080010b5   Thumb Code   162  stm32f4xx_hal_rcc.o(i.HAL_RCC_GetSysClockFreq)
    HAL_RCC_OscConfig                        0x08001165   Thumb Code  1172  stm32f4xx_hal_rcc.o(i.HAL_RCC_OscConfig)
    HAL_SRAM_Init                            0x08001601   Thumb Code    88  stm32f4xx_hal_sram.o(i.HAL_SRAM_Init)
    HAL_SRAM_MspInit                         0x08001659   Thumb Code   152  lcd.o(i.HAL_SRAM_MspInit)
    HAL_SYSTICK_CLKSourceConfig              0x080016fd   Thumb Code    40  stm32f4xx_hal_cortex.o(i.HAL_SYSTICK_CLKSourceConfig)
    HAL_SYSTICK_Config                       0x08001725   Thumb Code    52  stm32f4xx_hal_cortex.o(i.HAL_SYSTICK_Config)
    HAL_TIMEx_BreakCallback                  0x08001759   Thumb Code     2  stm32f4xx_hal_tim_ex.o(i.HAL_TIMEx_BreakCallback)
    HAL_TIMEx_CommutCallback                 0x0800175b   Thumb Code     2  stm32f4xx_hal_tim_ex.o(i.HAL_TIMEx_CommutCallback)
    HAL_TIM_Base_Init                        0x0800175d   Thumb Code   102  stm32f4xx_hal_tim.o(i.HAL_TIM_Base_Init)
    HAL_TIM_Base_MspInit                     0x080017c5   Thumb Code   128  btim.o(i.HAL_TIM_Base_MspInit)
    HAL_TIM_Base_Start_IT                    0x08001851   Thumb Code   138  stm32f4xx_hal_tim.o(i.HAL_TIM_Base_Start_IT)
    HAL_TIM_IC_CaptureCallback               0x080018f9   Thumb Code     2  stm32f4xx_hal_tim.o(i.HAL_TIM_IC_CaptureCallback)
    HAL_TIM_IRQHandler                       0x080018fb   Thumb Code   406  stm32f4xx_hal_tim.o(i.HAL_TIM_IRQHandler)
    HAL_TIM_OC_DelayElapsedCallback          0x08001a91   Thumb Code     2  stm32f4xx_hal_tim.o(i.HAL_TIM_OC_DelayElapsedCallback)
    HAL_TIM_PWM_PulseFinishedCallback        0x08001a93   Thumb Code     2  stm32f4xx_hal_tim.o(i.HAL_TIM_PWM_PulseFinishedCallback)
    HAL_TIM_PeriodElapsedCallback            0x08001a95   Thumb Code    36  btim.o(i.HAL_TIM_PeriodElapsedCallback)
    HAL_TIM_TriggerCallback                  0x08001ad9   Thumb Code     2  stm32f4xx_hal_tim.o(i.HAL_TIM_TriggerCallback)
    HAL_UARTEx_RxEventCallback               0x08001adb   Thumb Code     2  stm32f4xx_hal_uart.o(i.HAL_UARTEx_RxEventCallback)
    HAL_UART_ErrorCallback                   0x08001add   Thumb Code     2  stm32f4xx_hal_uart.o(i.HAL_UART_ErrorCallback)
    HAL_UART_IRQHandler                      0x08001ae1   Thumb Code   586  stm32f4xx_hal_uart.o(i.HAL_UART_IRQHandler)
    HAL_UART_Init                            0x08001d31   Thumb Code   114  stm32f4xx_hal_uart.o(i.HAL_UART_Init)
    HAL_UART_MspInit                         0x08001da5   Thumb Code   190  usart.o(i.HAL_UART_MspInit)
    HAL_UART_Receive_IT                      0x08001e71   Thumb Code    66  stm32f4xx_hal_uart.o(i.HAL_UART_Receive_IT)
    HAL_UART_RxCpltCallback                  0x08001eb5   Thumb Code   134  usart.o(i.HAL_UART_RxCpltCallback)
    HAL_UART_TxCpltCallback                  0x08001f51   Thumb Code     2  stm32f4xx_hal_uart.o(i.HAL_UART_TxCpltCallback)
    HardFault_Handler                        0x08001f53   Thumb Code     4  stm32f4xx_it.o(i.HardFault_Handler)
    MemManage_Handler                        0x08001f57   Thumb Code     4  stm32f4xx_it.o(i.MemManage_Handler)
    NMI_Handler                              0x08001f5b   Thumb Code     2  stm32f4xx_it.o(i.NMI_Handler)
    SysTick_Handler                          0x0800203b   Thumb Code    20  delay.o(i.SysTick_Handler)
    SystemInit                               0x08002051   Thumb Code    14  system_stm32f4xx.o(i.SystemInit)
    TIM3_IRQHandler                          0x08002065   Thumb Code    10  btim.o(i.TIM3_IRQHandler)
    TIM7_IRQHandler                          0x08002075   Thumb Code    10  btim.o(i.TIM7_IRQHandler)
    TIM_Base_SetConfig                       0x08002085   Thumb Code   170  stm32f4xx_hal_tim.o(i.TIM_Base_SetConfig)
    UART_Start_Receive_IT                    0x080024b1   Thumb Code    70  stm32f4xx_hal_uart.o(i.UART_Start_Receive_IT)
    USART1_IRQHandler                        0x08002559   Thumb Code    10  usart.o(i.USART1_IRQHandler)
    UsageFault_Handler                       0x08002569   Thumb Code     4  stm32f4xx_it.o(i.UsageFault_Handler)
    XmRamInit                                0x0800256d   Thumb Code    48  xmram.o(i.XmRamInit)
    _sys_exit                                0x080025d5   Thumb Code     4  usart.o(i._sys_exit)
    btim_timx_int_init                       0x08002651   Thumb Code    36  btim.o(i.btim_timx_int_init)
    delay_init                               0x080026d5   Thumb Code    52  delay.o(i.delay_init)
    delay_ms                                 0x0800270d   Thumb Code    24  delay.o(i.delay_ms)
    delay_us                                 0x08002725   Thumb Code    68  delay.o(i.delay_us)
    fputc                                    0x0800276d   Thumb Code    22  usart.o(i.fputc)
    freertos_demo                            0x08002789   Thumb Code   184  freertos_demo.o(i.freertos_demo)
    key_init                                 0x080028a9   Thumb Code   240  key.o(i.key_init)
    key_scan                                 0x080029a5   Thumb Code   184  key.o(i.key_scan)
    lcd_clear                                0x08002a69   Thumb Code    42  lcd.o(i.lcd_clear)
    lcd_display_dir                          0x08002a9d   Thumb Code   360  lcd.o(i.lcd_display_dir)
    lcd_draw_point                           0x08002c09   Thumb Code    26  lcd.o(i.lcd_draw_point)
    lcd_ex_ili9341_reginit                   0x08002c29   Thumb Code   556  lcd.o(i.lcd_ex_ili9341_reginit)
    lcd_ex_ili9806_reginit                   0x08002e55   Thumb Code   832  lcd.o(i.lcd_ex_ili9806_reginit)
    lcd_ex_nt35310_reginit                   0x08003195   Thumb Code  3826  lcd.o(i.lcd_ex_nt35310_reginit)
    lcd_ex_nt35510_reginit                   0x08004087   Thumb Code  3836  lcd.o(i.lcd_ex_nt35510_reginit)
    lcd_ex_ssd1963_reginit                   0x08004f83   Thumb Code   366  lcd.o(i.lcd_ex_ssd1963_reginit)
    lcd_ex_st7789_reginit                    0x080050f1   Thumb Code   424  lcd.o(i.lcd_ex_st7789_reginit)
    lcd_ex_st7796_reginit                    0x08005299   Thumb Code   454  lcd.o(i.lcd_ex_st7796_reginit)
    lcd_init                                 0x08005461   Thumb Code  1286  lcd.o(i.lcd_init)
    lcd_scan_dir                             0x080059b1   Thumb Code   568  lcd.o(i.lcd_scan_dir)
    lcd_set_cursor                           0x08005bed   Thumb Code   282  lcd.o(i.lcd_set_cursor)
    lcd_show_char                            0x08005d0d   Thumb Code   294  lcd.o(i.lcd_show_char)
    lcd_show_string                          0x08005e4d   Thumb Code   106  lcd.o(i.lcd_show_string)
    lcd_show_xnum                            0x08005eb7   Thumb Code   198  lcd.o(i.lcd_show_xnum)
    lcd_ssd_backlight_set                    0x08005f7d   Thumb Code    88  lcd.o(i.lcd_ssd_backlight_set)
    lcd_wr_data                              0x08005fdd   Thumb Code    18  lcd.o(i.lcd_wr_data)
    lcd_wr_regno                             0x08005ff5   Thumb Code    18  lcd.o(i.lcd_wr_regno)
    lcd_write_ram_prepare                    0x0800600d   Thumb Code    10  lcd.o(i.lcd_write_ram_prepare)
    lcd_write_reg                            0x08006021   Thumb Code    14  lcd.o(i.lcd_write_reg)
    led_init                                 0x08006035   Thumb Code   142  led.o(i.led_init)
    main                                     0x080060cd   Thumb Code    82  main.o(i.main)
    my_mem_init                              0x08006121   Thumb Code    54  malloc.o(i.my_mem_init)
    my_mem_perused                           0x08006165   Thumb Code    56  malloc.o(i.my_mem_perused)
    mymemset                                 0x080061a5   Thumb Code    20  malloc.o(i.mymemset)
    pvPortMalloc                             0x08006cfd   Thumb Code   306  heap_4.o(i.pvPortMalloc)
    pxPortInitialiseStack                    0x08006e91   Thumb Code    38  port.o(i.pxPortInitialiseStack)
    sram_init                                0x08006ebd   Thumb Code   470  sram.o(i.sram_init)
    start_task                               0x08007415   Thumb Code    42  freertos_demo.o(i.start_task)
    sys_stm32_clock_init                     0x08007455   Thumb Code   192  sys.o(i.sys_stm32_clock_init)
    task1                                    0x08007521   Thumb Code   148  freertos_demo.o(i.task1)
    usart_init                               0x080075bd   Thumb Code    44  usart.o(i.usart_init)
    uxListRemove                             0x080075f5   Thumb Code    40  list.o(i.uxListRemove)
    vListInitialise                          0x0800761d   Thumb Code    26  list.o(i.vListInitialise)
    vListInitialiseItem                      0x08007637   Thumb Code     6  list.o(i.vListInitialiseItem)
    vListInsert                              0x0800763d   Thumb Code    52  list.o(i.vListInsert)
    vListInsertEnd                           0x08007671   Thumb Code    24  list.o(i.vListInsertEnd)
    vPortEnterCritical                       0x08007689   Thumb Code    68  port.o(i.vPortEnterCritical)
    vPortExitCritical                        0x08007721   Thumb Code    48  port.o(i.vPortExitCritical)
    vPortFree                                0x080077a1   Thumb Code   130  heap_4.o(i.vPortFree)
    vPortSetupTimerInterrupt                 0x08007879   Thumb Code    36  port.o(i.vPortSetupTimerInterrupt)
    vQueueAddToRegistry                      0x080078a1   Thumb Code    84  queue.o(i.vQueueAddToRegistry)
    vQueueWaitForMessageRestricted           0x0800792d   Thumb Code    74  queue.o(i.vQueueWaitForMessageRestricted)
    vTaskDelay                               0x08007979   Thumb Code    72  tasks.o(i.vTaskDelay)
    vTaskDelete                              0x080079fd   Thumb Code   200  tasks.o(i.vTaskDelete)
    vTaskInternalSetTimeOutState             0x08007b21   Thumb Code    14  tasks.o(i.vTaskInternalSetTimeOutState)
    vTaskMissedYield                         0x08007b39   Thumb Code     8  tasks.o(i.vTaskMissedYield)
    vTaskPlaceOnEventList                    0x08007b45   Thumb Code    42  tasks.o(i.vTaskPlaceOnEventList)
    vTaskPlaceOnEventListRestricted          0x08007ba9   Thumb Code    84  tasks.o(i.vTaskPlaceOnEventListRestricted)
    vTaskStartScheduler                      0x08007c35   Thumb Code   116  tasks.o(i.vTaskStartScheduler)
    vTaskSuspendAll                          0x08007cfd   Thumb Code    12  tasks.o(i.vTaskSuspendAll)
    vTaskSwitchContext                       0x08007d0d   Thumb Code   162  tasks.o(i.vTaskSwitchContext)
    xPortGetFreeHeapSize                     0x08007e05   Thumb Code     6  heap_4.o(i.xPortGetFreeHeapSize)
    xPortStartScheduler                      0x08007e11   Thumb Code   322  port.o(i.xPortStartScheduler)
    xPortSysTickHandler                      0x08007fbd   Thumb Code    46  port.o(i.xPortSysTickHandler)
    xQueueGenericCreate                      0x08007ff1   Thumb Code    92  queue.o(i.xQueueGenericCreate)
    xQueueGenericReset                       0x08008081   Thumb Code   194  queue.o(i.xQueueGenericReset)
    xQueueReceive                            0x0800817d   Thumb Code   326  queue.o(i.xQueueReceive)
    xTaskCheckForTimeOut                     0x080082fd   Thumb Code   140  tasks.o(i.xTaskCheckForTimeOut)
    xTaskCreate                              0x080083c9   Thumb Code    96  tasks.o(i.xTaskCreate)
    xTaskGetSchedulerState                   0x08008429   Thumb Code    24  tasks.o(i.xTaskGetSchedulerState)
    xTaskGetTickCount                        0x08008449   Thumb Code     6  tasks.o(i.xTaskGetTickCount)
    xTaskIncrementTick                       0x08008455   Thumb Code   390  tasks.o(i.xTaskIncrementTick)
    xTaskPriorityDisinherit                  0x0800863d   Thumb Code   206  tasks.o(i.xTaskPriorityDisinherit)
    xTaskRemoveFromEventList                 0x0800874d   Thumb Code   254  tasks.o(i.xTaskRemoveFromEventList)
    xTaskResumeAll                           0x08008899   Thumb Code   328  tasks.o(i.xTaskResumeAll)
    xTimerCreateTimerTask                    0x08008a39   Thumb Code    56  timers.o(i.xTimerCreateTimerTask)
    __aeabi_d2uiz                            0x08008ac9   Thumb Code     0  dfixu.o(x$fpl$dfixu)
    _dfixu                                   0x08008ac9   Thumb Code    90  dfixu.o(x$fpl$dfixu)
    __aeabi_ui2d                             0x08008b23   Thumb Code     0  dflt_clz.o(x$fpl$dfltu)
    _dfltu                                   0x08008b23   Thumb Code    38  dflt_clz.o(x$fpl$dfltu)
    __aeabi_dmul                             0x08008b49   Thumb Code     0  dmul.o(x$fpl$dmul)
    _dmul                                    0x08008b49   Thumb Code   332  dmul.o(x$fpl$dmul)
    __fpl_dnaninf                            0x08008c9d   Thumb Code   156  dnaninf.o(x$fpl$dnaninf)
    __fpl_dretinf                            0x08008d39   Thumb Code    12  dretinf.o(x$fpl$dretinf)
    _fp_init                                 0x08008d45   Thumb Code    10  fpinit.o(x$fpl$fpinit)
    __fplib_config_fpu_vfp                   0x08008d4d   Thumb Code     0  fpinit.o(x$fpl$fpinit)
    __fplib_config_pureend_doubles           0x08008d4d   Thumb Code     0  fpinit.o(x$fpl$fpinit)
    AHBPrescTable                            0x08008d4e   Data          16  system_stm32f4xx.o(.constdata)
    __I$use$fp                               0x08008d4e   Number         0  usenofp.o(x$fpl$usenofp)
    APBPrescTable                            0x08008d5e   Data           8  system_stm32f4xx.o(.constdata)
    asc2_1206                                0x08008d66   Data        1140  lcd.o(.constdata)
    asc2_1608                                0x080091da   Data        1520  lcd.o(.constdata)
    asc2_2412                                0x080097ca   Data        3420  lcd.o(.constdata)
    asc2_3216                                0x0800a526   Data        6080  lcd.o(.constdata)
    memtblsize                               0x0800bce8   Data          12  malloc.o(.constdata)
    memblksize                               0x0800bcf4   Data          12  malloc.o(.constdata)
    memsize                                  0x0800bd00   Data          12  malloc.o(.constdata)
    Region$$Table$$Base                      0x0800bd34   Number         0  anon$$obj.o(Region$$Table)
    Region$$Table$$Limit                     0x0800bd54   Number         0  anon$$obj.o(Region$$Table)
    mem2base                                 0x10000000   Data       61440  malloc.o(.ARM.__AT_0x10000000)
    mem2mapbase                              0x1000f000   Data        3840  malloc.o(.ARM.__AT_0x1000F000)
    SystemCoreClock                          0x20000000   Data           4  system_stm32f4xx.o(.data)
    StartTask_Handler                        0x20000004   Data           4  freertos_demo.o(.data)
    Task1Task_Handler                        0x20000008   Data           4  freertos_demo.o(.data)
    lcd_discolor                             0x2000000c   Data          22  freertos_demo.o(.data)
    __stdout                                 0x20000028   Data           4  usart.o(.data)
    g_usart_rx_sta                           0x2000002c   Data           2  usart.o(.data)
    g_rx_buffer                              0x2000002e   Data           1  usart.o(.data)
    uwTick                                   0x20000030   Data           4  stm32f4xx_hal.o(.data)
    uwTickPrio                               0x20000034   Data           4  stm32f4xx_hal.o(.data)
    uwTickFreq                               0x20000038   Data           1  stm32f4xx_hal.o(.data)
    g_point_color                            0x2000003c   Data           4  lcd.o(.data)
    g_back_color                             0x20000040   Data           4  lcd.o(.data)
    FreeRTOSRunTimeTicks                     0x20000048   Data           4  btim.o(.data)
    mallco_dev                               0x2000004c   Data          36  malloc.o(.data)
    pxCurrentTCB                             0x20000070   Data           4  tasks.o(.data)
    uxTopUsedPriority                        0x200000a8   Data           4  tasks.o(.data)
    key                                      0x200000f8   Data          10  xmram.o(.data)
    g_usart_rx_buf                           0x20000104   Data         200  usart.o(.bss)
    g_uart1_handle                           0x200001cc   Data          68  usart.o(.bss)
    g_sram_handle                            0x20000210   Data          80  lcd.o(.bss)
    lcddev                                   0x20000260   Data          14  lcd.o(.bss)
    g_sram_handler                           0x20000270   Data          80  sram.o(.bss)
    timx_handler                             0x200002c0   Data          72  btim.o(.bss)
    tim7_handler                             0x20000308   Data          72  btim.o(.bss)
    mem1base                                 0x20000360   Data       92160  malloc.o(.bss)
    mem1mapbase                              0x20016b60   Data        5760  malloc.o(.bss)
    xQueueRegistry                           0x200181e0   Data          64  queue.o(.bss)
    __libspace_start                         0x2001ad2c   Data          96  libspace.o(.bss)
    __temporary_stack_top$libspace           0x2001ad8c   Data           0  libspace.o(.bss)
    mem3base                                 0x68000000   Data       986112  malloc.o(.ARM.__AT_0x68000000)
    mem3mapbase                              0x680f0c00   Data       61632  malloc.o(.ARM.__AT_0x680F0C00)



==============================================================================

Memory Map of the image

  Image Entry point : 0x08000189

  Load Region LR_IROM1 (Base: 0x08000000, Size: 0x0000be58, Max: 0x00100000, ABSOLUTE)

    Execution Region ER_IROM1 (Exec base: 0x08000000, Load base: 0x08000000, Size: 0x0000bd54, Max: 0x00100000, ABSOLUTE)

    Exec Addr    Load Addr    Size         Type   Attr      Idx    E Section Name        Object

    0x08000000   0x08000000   0x00000188   Data   RO            3    RESET               startup_stm32f407xx.o
    0x08000188   0x08000188   0x00000008   Code   RO         6305  * !!!main             c_w.l(__main.o)
    0x08000190   0x08000190   0x00000034   Code   RO         6503    !!!scatter          c_w.l(__scatter.o)
    0x080001c4   0x080001c4   0x0000001a   Code   RO         6505    !!handler_copy      c_w.l(__scatter_copy.o)
    0x080001de   0x080001de   0x00000002   PAD
    0x080001e0   0x080001e0   0x0000001c   Code   RO         6507    !!handler_zi        c_w.l(__scatter_zi.o)
    0x080001fc   0x080001fc   0x00000000   Code   RO         6290    .ARM.Collect$$_printf_percent$$00000000  c_w.l(_printf_percent.o)
    0x080001fc   0x080001fc   0x00000006   Code   RO         6287    .ARM.Collect$$_printf_percent$$00000002  c_w.l(_printf_p.o)
    0x08000202   0x08000202   0x00000006   Code   RO         6288    .ARM.Collect$$_printf_percent$$00000009  c_w.l(_printf_d.o)
    0x08000208   0x08000208   0x00000006   Code   RO         6286    .ARM.Collect$$_printf_percent$$0000000C  c_w.l(_printf_x.o)
    0x0800020e   0x0800020e   0x00000006   Code   RO         6285    .ARM.Collect$$_printf_percent$$00000014  c_w.l(_printf_s.o)
    0x08000214   0x08000214   0x00000004   Code   RO         6336    .ARM.Collect$$_printf_percent$$00000017  c_w.l(_printf_percent_end.o)
    0x08000218   0x08000218   0x00000002   Code   RO         6382    .ARM.Collect$$libinit$$00000000  c_w.l(libinit.o)
    0x0800021a   0x0800021a   0x00000004   Code   RO         6394    .ARM.Collect$$libinit$$00000001  c_w.l(libinit2.o)
    0x0800021e   0x0800021e   0x00000000   Code   RO         6397    .ARM.Collect$$libinit$$00000004  c_w.l(libinit2.o)
    0x0800021e   0x0800021e   0x00000000   Code   RO         6400    .ARM.Collect$$libinit$$0000000A  c_w.l(libinit2.o)
    0x0800021e   0x0800021e   0x00000000   Code   RO         6402    .ARM.Collect$$libinit$$0000000C  c_w.l(libinit2.o)
    0x0800021e   0x0800021e   0x00000000   Code   RO         6404    .ARM.Collect$$libinit$$0000000E  c_w.l(libinit2.o)
    0x0800021e   0x0800021e   0x00000000   Code   RO         6407    .ARM.Collect$$libinit$$00000011  c_w.l(libinit2.o)
    0x0800021e   0x0800021e   0x00000000   Code   RO         6409    .ARM.Collect$$libinit$$00000013  c_w.l(libinit2.o)
    0x0800021e   0x0800021e   0x00000000   Code   RO         6411    .ARM.Collect$$libinit$$00000015  c_w.l(libinit2.o)
    0x0800021e   0x0800021e   0x00000000   Code   RO         6413    .ARM.Collect$$libinit$$00000017  c_w.l(libinit2.o)
    0x0800021e   0x0800021e   0x00000000   Code   RO         6415    .ARM.Collect$$libinit$$00000019  c_w.l(libinit2.o)
    0x0800021e   0x0800021e   0x00000000   Code   RO         6417    .ARM.Collect$$libinit$$0000001B  c_w.l(libinit2.o)
    0x0800021e   0x0800021e   0x00000000   Code   RO         6419    .ARM.Collect$$libinit$$0000001D  c_w.l(libinit2.o)
    0x0800021e   0x0800021e   0x00000000   Code   RO         6421    .ARM.Collect$$libinit$$0000001F  c_w.l(libinit2.o)
    0x0800021e   0x0800021e   0x00000000   Code   RO         6423    .ARM.Collect$$libinit$$00000021  c_w.l(libinit2.o)
    0x0800021e   0x0800021e   0x00000000   Code   RO         6425    .ARM.Collect$$libinit$$00000023  c_w.l(libinit2.o)
    0x0800021e   0x0800021e   0x00000000   Code   RO         6427    .ARM.Collect$$libinit$$00000025  c_w.l(libinit2.o)
    0x0800021e   0x0800021e   0x00000000   Code   RO         6431    .ARM.Collect$$libinit$$0000002C  c_w.l(libinit2.o)
    0x0800021e   0x0800021e   0x00000000   Code   RO         6433    .ARM.Collect$$libinit$$0000002E  c_w.l(libinit2.o)
    0x0800021e   0x0800021e   0x00000000   Code   RO         6435    .ARM.Collect$$libinit$$00000030  c_w.l(libinit2.o)
    0x0800021e   0x0800021e   0x00000000   Code   RO         6437    .ARM.Collect$$libinit$$00000032  c_w.l(libinit2.o)
    0x0800021e   0x0800021e   0x00000002   Code   RO         6438    .ARM.Collect$$libinit$$00000033  c_w.l(libinit2.o)
    0x08000220   0x08000220   0x00000002   Code   RO         6462    .ARM.Collect$$libshutdown$$00000000  c_w.l(libshutdown.o)
    0x08000222   0x08000222   0x00000000   Code   RO         6486    .ARM.Collect$$libshutdown$$00000002  c_w.l(libshutdown2.o)
    0x08000222   0x08000222   0x00000000   Code   RO         6488    .ARM.Collect$$libshutdown$$00000004  c_w.l(libshutdown2.o)
    0x08000222   0x08000222   0x00000000   Code   RO         6491    .ARM.Collect$$libshutdown$$00000007  c_w.l(libshutdown2.o)
    0x08000222   0x08000222   0x00000000   Code   RO         6494    .ARM.Collect$$libshutdown$$0000000A  c_w.l(libshutdown2.o)
    0x08000222   0x08000222   0x00000000   Code   RO         6496    .ARM.Collect$$libshutdown$$0000000C  c_w.l(libshutdown2.o)
    0x08000222   0x08000222   0x00000000   Code   RO         6499    .ARM.Collect$$libshutdown$$0000000F  c_w.l(libshutdown2.o)
    0x08000222   0x08000222   0x00000002   Code   RO         6500    .ARM.Collect$$libshutdown$$00000010  c_w.l(libshutdown2.o)
    0x08000224   0x08000224   0x00000000   Code   RO         6321    .ARM.Collect$$rtentry$$00000000  c_w.l(__rtentry.o)
    0x08000224   0x08000224   0x00000000   Code   RO         6347    .ARM.Collect$$rtentry$$00000002  c_w.l(__rtentry2.o)
    0x08000224   0x08000224   0x00000006   Code   RO         6359    .ARM.Collect$$rtentry$$00000004  c_w.l(__rtentry4.o)
    0x0800022a   0x0800022a   0x00000000   Code   RO         6349    .ARM.Collect$$rtentry$$00000009  c_w.l(__rtentry2.o)
    0x0800022a   0x0800022a   0x00000004   Code   RO         6350    .ARM.Collect$$rtentry$$0000000A  c_w.l(__rtentry2.o)
    0x0800022e   0x0800022e   0x00000000   Code   RO         6352    .ARM.Collect$$rtentry$$0000000C  c_w.l(__rtentry2.o)
    0x0800022e   0x0800022e   0x00000008   Code   RO         6353    .ARM.Collect$$rtentry$$0000000D  c_w.l(__rtentry2.o)
    0x08000236   0x08000236   0x00000002   Code   RO         6386    .ARM.Collect$$rtexit$$00000000  c_w.l(rtexit.o)
    0x08000238   0x08000238   0x00000000   Code   RO         6440    .ARM.Collect$$rtexit$$00000002  c_w.l(rtexit2.o)
    0x08000238   0x08000238   0x00000004   Code   RO         6441    .ARM.Collect$$rtexit$$00000003  c_w.l(rtexit2.o)
    0x0800023c   0x0800023c   0x00000006   Code   RO         6442    .ARM.Collect$$rtexit$$00000004  c_w.l(rtexit2.o)
    0x08000242   0x08000242   0x00000002   PAD
    0x08000244   0x08000244   0x000000be   Code   RO         6050    .emb_text           port.o
    0x08000302   0x08000302   0x00000002   PAD
    0x08000304   0x08000304   0x0000004c   Code   RO            4    .text               startup_stm32f407xx.o
    0x08000350   0x08000350   0x00000002   Code   RO         6225    .text               c_w.l(use_no_semi_2.o)
    0x08000352   0x08000352   0x000000ee   Code   RO         6227    .text               c_w.l(lludivv7m.o)
    0x08000440   0x08000440   0x00000018   Code   RO         6233    .text               c_w.l(noretval__2printf.o)
    0x08000458   0x08000458   0x00000028   Code   RO         6235    .text               c_w.l(noretval__2sprintf.o)
    0x08000480   0x08000480   0x00000068   Code   RO         6237    .text               c_w.l(__printf.o)
    0x080004e8   0x080004e8   0x00000052   Code   RO         6239    .text               c_w.l(_printf_str.o)
    0x0800053a   0x0800053a   0x00000002   PAD
    0x0800053c   0x0800053c   0x00000078   Code   RO         6241    .text               c_w.l(_printf_dec.o)
    0x080005b4   0x080005b4   0x0000007c   Code   RO         6255    .text               c_w.l(_printf_hex_int_ptr.o)
    0x08000630   0x08000630   0x0000008a   Code   RO         6295    .text               c_w.l(rt_memcpy_v6.o)
    0x080006ba   0x080006ba   0x00000010   Code   RO         6299    .text               c_w.l(aeabi_memset.o)
    0x080006ca   0x080006ca   0x0000004e   Code   RO         6301    .text               c_w.l(rt_memclr_w.o)
    0x08000718   0x08000718   0x00000006   Code   RO         6303    .text               c_w.l(heapauxi.o)
    0x0800071e   0x0800071e   0x00000002   Code   RO         6319    .text               c_w.l(use_no_semi.o)
    0x08000720   0x08000720   0x000000b2   Code   RO         6326    .text               c_w.l(_printf_intcommon.o)
    0x080007d2   0x080007d2   0x00000002   PAD
    0x080007d4   0x080007d4   0x00000030   Code   RO         6328    .text               c_w.l(_printf_char_common.o)
    0x08000804   0x08000804   0x0000000a   Code   RO         6330    .text               c_w.l(_sputc.o)
    0x0800080e   0x0800080e   0x0000002c   Code   RO         6332    .text               c_w.l(_printf_char.o)
    0x0800083a   0x0800083a   0x00000002   PAD
    0x0800083c   0x0800083c   0x00000024   Code   RO         6334    .text               c_w.l(_printf_char_file.o)
    0x08000860   0x08000860   0x00000064   Code   RO         6337    .text               c_w.l(rt_memcpy_w.o)
    0x080008c4   0x080008c4   0x00000044   Code   RO         6339    .text               c_w.l(rt_memclr.o)
    0x08000908   0x08000908   0x00000008   Code   RO         6365    .text               c_w.l(ferror.o)
    0x08000910   0x08000910   0x0000004a   Code   RO         6369    .text               c_w.l(sys_stackheap_outer.o)
    0x0800095a   0x0800095a   0x00000012   Code   RO         6371    .text               c_w.l(exit.o)
    0x0800096c   0x0800096c   0x00000008   Code   RO         6383    .text               c_w.l(libspace.o)
    0x08000974   0x08000974   0x00000004   Code   RO          274    i.BusFault_Handler  stm32f4xx_it.o
    0x08000978   0x08000978   0x00000018   Code   RO         4577    i.ConfigureTimeForRunTimeStats  btim.o
    0x08000990   0x08000990   0x00000002   Code   RO          275    i.DebugMon_Handler  stm32f4xx_it.o
    0x08000992   0x08000992   0x00000002   PAD
    0x08000994   0x08000994   0x00000048   Code   RO         3757    i.FSMC_NORSRAM_Extended_Timing_Init  stm32f4xx_ll_fsmc.o
    0x080009dc   0x080009dc   0x0000005c   Code   RO         3758    i.FSMC_NORSRAM_Init  stm32f4xx_ll_fsmc.o
    0x08000a38   0x08000a38   0x00000044   Code   RO         3759    i.FSMC_NORSRAM_Timing_Init  stm32f4xx_ll_fsmc.o
    0x08000a7c   0x08000a7c   0x000000aa   Code   RO         3878    i.HAL_DMA_Abort     stm32f4xx_hal_dma.o
    0x08000b26   0x08000b26   0x00000028   Code   RO         3879    i.HAL_DMA_Abort_IT  stm32f4xx_hal_dma.o
    0x08000b4e   0x08000b4e   0x00000002   PAD
    0x08000b50   0x08000b50   0x00000204   Code   RO         1578    i.HAL_GPIO_Init     stm32f4xx_hal_gpio.o
    0x08000d54   0x08000d54   0x00000010   Code   RO         1580    i.HAL_GPIO_ReadPin  stm32f4xx_hal_gpio.o
    0x08000d64   0x08000d64   0x0000000c   Code   RO         1582    i.HAL_GPIO_WritePin  stm32f4xx_hal_gpio.o
    0x08000d70   0x08000d70   0x0000000c   Code   RO         1261    i.HAL_GetREVID      stm32f4xx_hal.o
    0x08000d7c   0x08000d7c   0x0000000c   Code   RO         1262    i.HAL_GetTick       stm32f4xx_hal.o
    0x08000d88   0x08000d88   0x00000018   Code   RO         1268    i.HAL_IncTick       stm32f4xx_hal.o
    0x08000da0   0x08000da0   0x00000030   Code   RO         1269    i.HAL_Init          stm32f4xx_hal.o
    0x08000dd0   0x08000dd0   0x0000004c   Code   RO         1270    i.HAL_InitTick      stm32f4xx_hal.o
    0x08000e1c   0x08000e1c   0x00000002   Code   RO         1272    i.HAL_MspInit       stm32f4xx_hal.o
    0x08000e1e   0x08000e1e   0x00000020   Code   RO         1440    i.HAL_NVIC_EnableIRQ  stm32f4xx_hal_cortex.o
    0x08000e3e   0x08000e3e   0x0000007c   Code   RO         1446    i.HAL_NVIC_SetPriority  stm32f4xx_hal_cortex.o
    0x08000eba   0x08000eba   0x00000002   PAD
    0x08000ebc   0x08000ebc   0x00000028   Code   RO         1447    i.HAL_NVIC_SetPriorityGrouping  stm32f4xx_hal_cortex.o
    0x08000ee4   0x08000ee4   0x00000184   Code   RO         1642    i.HAL_RCC_ClockConfig  stm32f4xx_hal_rcc.o
    0x08001068   0x08001068   0x0000000c   Code   RO         1647    i.HAL_RCC_GetHCLKFreq  stm32f4xx_hal_rcc.o
    0x08001074   0x08001074   0x00000020   Code   RO         1649    i.HAL_RCC_GetPCLK1Freq  stm32f4xx_hal_rcc.o
    0x08001094   0x08001094   0x00000020   Code   RO         1650    i.HAL_RCC_GetPCLK2Freq  stm32f4xx_hal_rcc.o
    0x080010b4   0x080010b4   0x000000b0   Code   RO         1651    i.HAL_RCC_GetSysClockFreq  stm32f4xx_hal_rcc.o
    0x08001164   0x08001164   0x0000049c   Code   RO         1654    i.HAL_RCC_OscConfig  stm32f4xx_hal_rcc.o
    0x08001600   0x08001600   0x00000058   Code   RO         3633    i.HAL_SRAM_Init     stm32f4xx_hal_sram.o
    0x08001658   0x08001658   0x000000a4   Code   RO         4228    i.HAL_SRAM_MspInit  lcd.o
    0x080016fc   0x080016fc   0x00000028   Code   RO         1449    i.HAL_SYSTICK_CLKSourceConfig  stm32f4xx_hal_cortex.o
    0x08001724   0x08001724   0x00000034   Code   RO         1451    i.HAL_SYSTICK_Config  stm32f4xx_hal_cortex.o
    0x08001758   0x08001758   0x00000002   Code   RO         3362    i.HAL_TIMEx_BreakCallback  stm32f4xx_hal_tim_ex.o
    0x0800175a   0x0800175a   0x00000002   Code   RO         3363    i.HAL_TIMEx_CommutCallback  stm32f4xx_hal_tim_ex.o
    0x0800175c   0x0800175c   0x00000066   Code   RO         2647    i.HAL_TIM_Base_Init  stm32f4xx_hal_tim.o
    0x080017c2   0x080017c2   0x00000002   PAD
    0x080017c4   0x080017c4   0x0000008c   Code   RO         4578    i.HAL_TIM_Base_MspInit  btim.o
    0x08001850   0x08001850   0x000000a8   Code   RO         2652    i.HAL_TIM_Base_Start_IT  stm32f4xx_hal_tim.o
    0x080018f8   0x080018f8   0x00000002   Code   RO         2681    i.HAL_TIM_IC_CaptureCallback  stm32f4xx_hal_tim.o
    0x080018fa   0x080018fa   0x00000196   Code   RO         2695    i.HAL_TIM_IRQHandler  stm32f4xx_hal_tim.o
    0x08001a90   0x08001a90   0x00000002   Code   RO         2698    i.HAL_TIM_OC_DelayElapsedCallback  stm32f4xx_hal_tim.o
    0x08001a92   0x08001a92   0x00000002   Code   RO         2725    i.HAL_TIM_PWM_PulseFinishedCallback  stm32f4xx_hal_tim.o
    0x08001a94   0x08001a94   0x00000044   Code   RO         4579    i.HAL_TIM_PeriodElapsedCallback  btim.o
    0x08001ad8   0x08001ad8   0x00000002   Code   RO         2738    i.HAL_TIM_TriggerCallback  stm32f4xx_hal_tim.o
    0x08001ada   0x08001ada   0x00000002   Code   RO         2248    i.HAL_UARTEx_RxEventCallback  stm32f4xx_hal_uart.o
    0x08001adc   0x08001adc   0x00000002   Code   RO         2262    i.HAL_UART_ErrorCallback  stm32f4xx_hal_uart.o
    0x08001ade   0x08001ade   0x00000002   PAD
    0x08001ae0   0x08001ae0   0x00000250   Code   RO         2265    i.HAL_UART_IRQHandler  stm32f4xx_hal_uart.o
    0x08001d30   0x08001d30   0x00000072   Code   RO         2266    i.HAL_UART_Init     stm32f4xx_hal_uart.o
    0x08001da2   0x08001da2   0x00000002   PAD
    0x08001da4   0x08001da4   0x000000cc   Code   RO         1172    i.HAL_UART_MspInit  usart.o
    0x08001e70   0x08001e70   0x00000042   Code   RO         2271    i.HAL_UART_Receive_IT  stm32f4xx_hal_uart.o
    0x08001eb2   0x08001eb2   0x00000002   PAD
    0x08001eb4   0x08001eb4   0x0000009c   Code   RO         1173    i.HAL_UART_RxCpltCallback  usart.o
    0x08001f50   0x08001f50   0x00000002   Code   RO         2277    i.HAL_UART_TxCpltCallback  stm32f4xx_hal_uart.o
    0x08001f52   0x08001f52   0x00000004   Code   RO          276    i.HardFault_Handler  stm32f4xx_it.o
    0x08001f56   0x08001f56   0x00000004   Code   RO          277    i.MemManage_Handler  stm32f4xx_it.o
    0x08001f5a   0x08001f5a   0x00000002   Code   RO          278    i.NMI_Handler       stm32f4xx_it.o
    0x08001f5c   0x08001f5c   0x000000de   Code   RO         6138    i.SRAM_GPIO_Set     XMRAM.lib(xmram.o)
    0x0800203a   0x0800203a   0x00000014   Code   RO          822    i.SysTick_Handler   delay.o
    0x0800204e   0x0800204e   0x00000002   PAD
    0x08002050   0x08002050   0x00000014   Code   RO          481    i.SystemInit        system_stm32f4xx.o
    0x08002064   0x08002064   0x00000010   Code   RO         4580    i.TIM3_IRQHandler   btim.o
    0x08002074   0x08002074   0x00000010   Code   RO         4581    i.TIM7_IRQHandler   btim.o
    0x08002084   0x08002084   0x000000d8   Code   RO         2740    i.TIM_Base_SetConfig  stm32f4xx_hal_tim.o
    0x0800215c   0x0800215c   0x00000014   Code   RO         2279    i.UART_DMAAbortOnError  stm32f4xx_hal_uart.o
    0x08002170   0x08002170   0x00000036   Code   RO         2289    i.UART_EndRxTransfer  stm32f4xx_hal_uart.o
    0x080021a6   0x080021a6   0x00000020   Code   RO         2290    i.UART_EndTransmit_IT  stm32f4xx_hal_uart.o
    0x080021c6   0x080021c6   0x000000be   Code   RO         2292    i.UART_Receive_IT   stm32f4xx_hal_uart.o
    0x08002284   0x08002284   0x0000022c   Code   RO         2293    i.UART_SetConfig    stm32f4xx_hal_uart.o
    0x080024b0   0x080024b0   0x00000046   Code   RO         2295    i.UART_Start_Receive_IT  stm32f4xx_hal_uart.o
    0x080024f6   0x080024f6   0x00000060   Code   RO         2296    i.UART_Transmit_IT  stm32f4xx_hal_uart.o
    0x08002556   0x08002556   0x00000002   PAD
    0x08002558   0x08002558   0x00000010   Code   RO         1174    i.USART1_IRQHandler  usart.o
    0x08002568   0x08002568   0x00000004   Code   RO          279    i.UsageFault_Handler  stm32f4xx_it.o
    0x0800256c   0x0800256c   0x00000030   Code   RO         6139    i.XmRamInit         XMRAM.lib(xmram.o)
    0x0800259c   0x0800259c   0x00000010   Code   RO         1453    i.__NVIC_GetPriorityGrouping  stm32f4xx_hal_cortex.o
    0x080025ac   0x080025ac   0x00000028   Code   RO         1454    i.__NVIC_SetPriority  stm32f4xx_hal_cortex.o
    0x080025d4   0x080025d4   0x00000004   Code   RO         1176    i._sys_exit         usart.o
    0x080025d8   0x080025d8   0x00000078   Code   RO         6140    i.addr_out          XMRAM.lib(xmram.o)
    0x08002650   0x08002650   0x0000002c   Code   RO         4583    i.btim_timx_int_init  btim.o
    0x0800267c   0x0800267c   0x00000058   Code   RO         6141    i.dataout           XMRAM.lib(xmram.o)
    0x080026d4   0x080026d4   0x00000038   Code   RO          823    i.delay_init        delay.o
    0x0800270c   0x0800270c   0x00000018   Code   RO          824    i.delay_ms          delay.o
    0x08002724   0x08002724   0x00000048   Code   RO          825    i.delay_us          delay.o
    0x0800276c   0x0800276c   0x0000001c   Code   RO         1178    i.fputc             usart.o
    0x08002788   0x08002788   0x00000120   Code   RO          517    i.freertos_demo     freertos_demo.o
    0x080028a8   0x080028a8   0x000000fc   Code   RO         4489    i.key_init          key.o
    0x080029a4   0x080029a4   0x000000c4   Code   RO         4490    i.key_scan          key.o
    0x08002a68   0x08002a68   0x00000034   Code   RO         4229    i.lcd_clear         lcd.o
    0x08002a9c   0x08002a9c   0x0000016c   Code   RO         4231    i.lcd_display_dir   lcd.o
    0x08002c08   0x08002c08   0x00000020   Code   RO         4237    i.lcd_draw_point    lcd.o
    0x08002c28   0x08002c28   0x0000022c   Code   RO         4239    i.lcd_ex_ili9341_reginit  lcd.o
    0x08002e54   0x08002e54   0x00000340   Code   RO         4240    i.lcd_ex_ili9806_reginit  lcd.o
    0x08003194   0x08003194   0x00000ef2   Code   RO         4241    i.lcd_ex_nt35310_reginit  lcd.o
    0x08004086   0x08004086   0x00000efc   Code   RO         4242    i.lcd_ex_nt35510_reginit  lcd.o
    0x08004f82   0x08004f82   0x0000016e   Code   RO         4243    i.lcd_ex_ssd1963_reginit  lcd.o
    0x080050f0   0x080050f0   0x000001a8   Code   RO         4244    i.lcd_ex_st7789_reginit  lcd.o
    0x08005298   0x08005298   0x000001c6   Code   RO         4245    i.lcd_ex_st7796_reginit  lcd.o
    0x0800545e   0x0800545e   0x00000002   PAD
    0x08005460   0x08005460   0x00000514   Code   RO         4248    i.lcd_init          lcd.o
    0x08005974   0x08005974   0x0000000c   Code   RO         4249    i.lcd_opt_delay     lcd.o
    0x08005980   0x08005980   0x00000016   Code   RO         4250    i.lcd_pow           lcd.o
    0x08005996   0x08005996   0x00000002   PAD
    0x08005998   0x08005998   0x00000018   Code   RO         4251    i.lcd_rd_data       lcd.o
    0x080059b0   0x080059b0   0x0000023c   Code   RO         4253    i.lcd_scan_dir      lcd.o
    0x08005bec   0x08005bec   0x00000120   Code   RO         4254    i.lcd_set_cursor    lcd.o
    0x08005d0c   0x08005d0c   0x00000140   Code   RO         4256    i.lcd_show_char     lcd.o
    0x08005e4c   0x08005e4c   0x0000006a   Code   RO         4258    i.lcd_show_string   lcd.o
    0x08005eb6   0x08005eb6   0x000000c6   Code   RO         4259    i.lcd_show_xnum     lcd.o
    0x08005f7c   0x08005f7c   0x00000060   Code   RO         4260    i.lcd_ssd_backlight_set  lcd.o
    0x08005fdc   0x08005fdc   0x00000018   Code   RO         4261    i.lcd_wr_data       lcd.o
    0x08005ff4   0x08005ff4   0x00000018   Code   RO         4262    i.lcd_wr_regno      lcd.o
    0x0800600c   0x0800600c   0x00000014   Code   RO         4263    i.lcd_write_ram_prepare  lcd.o
    0x08006020   0x08006020   0x00000014   Code   RO         4264    i.lcd_write_reg     lcd.o
    0x08006034   0x08006034   0x00000098   Code   RO         4204    i.led_init          led.o
    0x080060cc   0x080060cc   0x00000052   Code   RO           13    i.main              main.o
    0x0800611e   0x0800611e   0x00000002   PAD
    0x08006120   0x08006120   0x00000044   Code   RO         4645    i.my_mem_init       malloc.o
    0x08006164   0x08006164   0x00000040   Code   RO         4647    i.my_mem_perused    malloc.o
    0x080061a4   0x080061a4   0x00000014   Code   RO         4651    i.mymemset          malloc.o
    0x080061b8   0x080061b8   0x000000cc   Code   RO         5363    i.prvAddCurrentTaskToDelayedList  tasks.o
    0x08006284   0x08006284   0x000000ec   Code   RO         5364    i.prvAddNewTaskToReadyList  tasks.o
    0x08006370   0x08006370   0x00000064   Code   RO         5806    i.prvCheckForValidListAndQueue  timers.o
    0x080063d4   0x080063d4   0x00000048   Code   RO         5365    i.prvCheckTasksWaitingTermination  tasks.o
    0x0800641c   0x0800641c   0x0000002a   Code   RO         4923    i.prvCopyDataFromQueue  queue.o
    0x08006446   0x08006446   0x0000007e   Code   RO         4924    i.prvCopyDataToQueue  queue.o
    0x080064c4   0x080064c4   0x00000012   Code   RO         5366    i.prvDeleteTCB      tasks.o
    0x080064d6   0x080064d6   0x00000002   PAD
    0x080064d8   0x080064d8   0x00000028   Code   RO         5807    i.prvGetNextExpireTime  timers.o
    0x08006500   0x08006500   0x0000007c   Code   RO         5983    i.prvHeapInit       heap_4.o
    0x0800657c   0x0800657c   0x00000028   Code   RO         5367    i.prvIdleTask       tasks.o
    0x080065a4   0x080065a4   0x0000002e   Code   RO         4927    i.prvInitialiseNewQueue  queue.o
    0x080065d2   0x080065d2   0x00000002   PAD
    0x080065d4   0x080065d4   0x00000108   Code   RO         5368    i.prvInitialiseNewTask  tasks.o
    0x080066dc   0x080066dc   0x00000068   Code   RO         5369    i.prvInitialiseTaskLists  tasks.o
    0x08006744   0x08006744   0x00000068   Code   RO         5984    i.prvInsertBlockIntoFreeList  heap_4.o
    0x080067ac   0x080067ac   0x00000058   Code   RO         5809    i.prvInsertTimerInActiveList  timers.o
    0x08006804   0x08006804   0x0000001a   Code   RO         4928    i.prvIsQueueEmpty   queue.o
    0x0800681e   0x0800681e   0x00000002   PAD
    0x08006820   0x08006820   0x000000c4   Code   RO         4930    i.prvNotifyQueueSetContainer  queue.o
    0x080068e4   0x080068e4   0x00000044   Code   RO         5810    i.prvProcessExpiredTimer  timers.o
    0x08006928   0x08006928   0x0000016c   Code   RO         5811    i.prvProcessReceivedCommands  timers.o
    0x08006a94   0x08006a94   0x00000074   Code   RO         5812    i.prvProcessTimerOrBlockTask  timers.o
    0x08006b08   0x08006b08   0x00000028   Code   RO         5813    i.prvReloadTimer    timers.o
    0x08006b30   0x08006b30   0x00000030   Code   RO         5371    i.prvResetNextTaskUnblockTime  tasks.o
    0x08006b60   0x08006b60   0x0000002c   Code   RO         5814    i.prvSampleTimeNow  timers.o
    0x08006b8c   0x08006b8c   0x00000044   Code   RO         5815    i.prvSwitchTimerLists  timers.o
    0x08006bd0   0x08006bd0   0x00000080   Code   RO         6051    i.prvTaskExitError  port.o
    0x08006c50   0x08006c50   0x0000001a   Code   RO         5816    i.prvTimerTask      timers.o
    0x08006c6a   0x08006c6a   0x00000090   Code   RO         4931    i.prvUnlockQueue    queue.o
    0x08006cfa   0x08006cfa   0x00000002   PAD
    0x08006cfc   0x08006cfc   0x00000194   Code   RO         5985    i.pvPortMalloc      heap_4.o
    0x08006e90   0x08006e90   0x0000002c   Code   RO         6052    i.pxPortInitialiseStack  port.o
    0x08006ebc   0x08006ebc   0x000001f4   Code   RO         4520    i.sram_init         sram.o
    0x080070b0   0x080070b0   0x000000a0   Code   RO         6142    i.sram_init         XMRAM.lib(xmram.o)
    0x08007150   0x08007150   0x000001e0   Code   RO         6143    i.sram_reg_read     XMRAM.lib(xmram.o)
    0x08007330   0x08007330   0x000000e4   Code   RO         6144    i.sram_reg_write    XMRAM.lib(xmram.o)
    0x08007414   0x08007414   0x00000040   Code   RO          518    i.start_task        freertos_demo.o
    0x08007454   0x08007454   0x000000cc   Code   RO         1105    i.sys_stm32_clock_init  sys.o
    0x08007520   0x08007520   0x0000009c   Code   RO          519    i.task1             freertos_demo.o
    0x080075bc   0x080075bc   0x00000038   Code   RO         1179    i.usart_init        usart.o
    0x080075f4   0x080075f4   0x00000028   Code   RO         4871    i.uxListRemove      list.o
    0x0800761c   0x0800761c   0x0000001a   Code   RO         4872    i.vListInitialise   list.o
    0x08007636   0x08007636   0x00000006   Code   RO         4873    i.vListInitialiseItem  list.o
    0x0800763c   0x0800763c   0x00000034   Code   RO         4874    i.vListInsert       list.o
    0x08007670   0x08007670   0x00000018   Code   RO         4875    i.vListInsertEnd    list.o
    0x08007688   0x08007688   0x00000098   Code   RO         6054    i.vPortEnterCritical  port.o
    0x08007720   0x08007720   0x00000080   Code   RO         6055    i.vPortExitCritical  port.o
    0x080077a0   0x080077a0   0x000000d8   Code   RO         5986    i.vPortFree         heap_4.o
    0x08007878   0x08007878   0x00000028   Code   RO         6056    i.vPortSetupTimerInterrupt  port.o
    0x080078a0   0x080078a0   0x0000008c   Code   RO         4937    i.vQueueAddToRegistry  queue.o
    0x0800792c   0x0800792c   0x0000004a   Code   RO         4941    i.vQueueWaitForMessageRestricted  queue.o
    0x08007976   0x08007976   0x00000002   PAD
    0x08007978   0x08007978   0x00000084   Code   RO         5388    i.vTaskDelay        tasks.o
    0x080079fc   0x080079fc   0x00000124   Code   RO         5389    i.vTaskDelete       tasks.o
    0x08007b20   0x08007b20   0x00000018   Code   RO         5394    i.vTaskInternalSetTimeOutState  tasks.o
    0x08007b38   0x08007b38   0x0000000c   Code   RO         5396    i.vTaskMissedYield  tasks.o
    0x08007b44   0x08007b44   0x00000064   Code   RO         5397    i.vTaskPlaceOnEventList  tasks.o
    0x08007ba8   0x08007ba8   0x0000008c   Code   RO         5398    i.vTaskPlaceOnEventListRestricted  tasks.o
    0x08007c34   0x08007c34   0x000000c8   Code   RO         5406    i.vTaskStartScheduler  tasks.o
    0x08007cfc   0x08007cfc   0x00000010   Code   RO         5408    i.vTaskSuspendAll   tasks.o
    0x08007d0c   0x08007d0c   0x000000f8   Code   RO         5409    i.vTaskSwitchContext  tasks.o
    0x08007e04   0x08007e04   0x0000000c   Code   RO         5989    i.xPortGetFreeHeapSize  heap_4.o
    0x08007e10   0x08007e10   0x000001ac   Code   RO         6058    i.xPortStartScheduler  port.o
    0x08007fbc   0x08007fbc   0x00000034   Code   RO         6059    i.xPortSysTickHandler  port.o
    0x08007ff0   0x08007ff0   0x00000090   Code   RO         4946    i.xQueueGenericCreate  queue.o
    0x08008080   0x08008080   0x000000fc   Code   RO         4947    i.xQueueGenericReset  queue.o
    0x0800817c   0x0800817c   0x00000180   Code   RO         4956    i.xQueueReceive     queue.o
    0x080082fc   0x080082fc   0x000000cc   Code   RO         5412    i.xTaskCheckForTimeOut  tasks.o
    0x080083c8   0x080083c8   0x00000060   Code   RO         5413    i.xTaskCreate       tasks.o
    0x08008428   0x08008428   0x00000020   Code   RO         5422    i.xTaskGetSchedulerState  tasks.o
    0x08008448   0x08008448   0x0000000c   Code   RO         5423    i.xTaskGetTickCount  tasks.o
    0x08008454   0x08008454   0x000001e8   Code   RO         5425    i.xTaskIncrementTick  tasks.o
    0x0800863c   0x0800863c   0x00000110   Code   RO         5426    i.xTaskPriorityDisinherit  tasks.o
    0x0800874c   0x0800874c   0x0000014c   Code   RO         5428    i.xTaskRemoveFromEventList  tasks.o
    0x08008898   0x08008898   0x000001a0   Code   RO         5429    i.xTaskResumeAll    tasks.o
    0x08008a38   0x08008a38   0x00000080   Code   RO         5824    i.xTimerCreateTimerTask  timers.o
    0x08008ab8   0x08008ab8   0x00000010   Code   RO         6145    i.xram_delay        XMRAM.lib(xmram.o)
    0x08008ac8   0x08008ac8   0x0000005a   Code   RO         6307    x$fpl$dfixu         fz_wm.l(dfixu.o)
    0x08008b22   0x08008b22   0x00000026   Code   RO         6311    x$fpl$dfltu         fz_wm.l(dflt_clz.o)
    0x08008b48   0x08008b48   0x00000154   Code   RO         6317    x$fpl$dmul          fz_wm.l(dmul.o)
    0x08008c9c   0x08008c9c   0x0000009c   Code   RO         6341    x$fpl$dnaninf       fz_wm.l(dnaninf.o)
    0x08008d38   0x08008d38   0x0000000c   Code   RO         6343    x$fpl$dretinf       fz_wm.l(dretinf.o)
    0x08008d44   0x08008d44   0x0000000a   Code   RO         6452    x$fpl$fpinit        fz_wm.l(fpinit.o)
    0x08008d4e   0x08008d4e   0x00000000   Code   RO         6345    x$fpl$usenofp       fz_wm.l(usenofp.o)
    0x08008d4e   0x08008d4e   0x00000018   Data   RO          482    .constdata          system_stm32f4xx.o
    0x08008d66   0x08008d66   0x00002f80   Data   RO         4266    .constdata          lcd.o
    0x0800bce6   0x0800bce6   0x00000002   PAD
    0x0800bce8   0x0800bce8   0x00000024   Data   RO         4658    .constdata          malloc.o
    0x0800bd0c   0x0800bd0c   0x00000028   Data   RO         6256    .constdata          c_w.l(_printf_hex_int_ptr.o)
    0x0800bd34   0x0800bd34   0x00000020   Data   RO         6501    Region$$Table       anon$$obj.o


    Execution Region RW_IRAM1 (Exec base: 0x20000000, Load base: 0x0800bd54, Size: 0x0001b190, Max: 0x00020000, ABSOLUTE)

    Exec Addr    Load Addr    Size         Type   Attr      Idx    E Section Name        Object

    0x20000000   0x0800bd54   0x00000004   Data   RW          483    .data               system_stm32f4xx.o
    0x20000004   0x0800bd58   0x0000001e   Data   RW          520    .data               freertos_demo.o
    0x20000022   0x0800bd76   0x00000002   PAD
    0x20000024   0x0800bd78   0x00000004   Data   RW          826    .data               delay.o
    0x20000028   0x0800bd7c   0x00000007   Data   RW         1181    .data               usart.o
    0x2000002f   0x0800bd83   0x00000001   PAD
    0x20000030   0x0800bd84   0x00000009   Data   RW         1276    .data               stm32f4xx_hal.o
    0x20000039   0x0800bd8d   0x00000003   PAD
    0x2000003c   0x0800bd90   0x00000008   Data   RW         4267    .data               lcd.o
    0x20000044   0x0800bd98   0x00000001   Data   RW         4491    .data               key.o
    0x20000045   0x0800bd99   0x00000003   PAD
    0x20000048   0x0800bd9c   0x00000004   Data   RW         4585    .data               btim.o
    0x2000004c   0x0800bda0   0x00000024   Data   RW         4659    .data               malloc.o
    0x20000070   0x0800bdc4   0x00000048   Data   RW         5432    .data               tasks.o
    0x200000b8   0x0800be0c   0x00000014   Data   RW         5833    .data               timers.o
    0x200000cc   0x0800be20   0x00000020   Data   RW         5992    .data               heap_4.o
    0x200000ec   0x0800be40   0x0000000c   Data   RW         6060    .data               port.o
    0x200000f8   0x0800be4c   0x0000000a   Data   RW         6146    .data               XMRAM.lib(xmram.o)
    0x20000102   0x0800be56   0x00000002   PAD
    0x20000104        -       0x0000010c   Zero   RW         1180    .bss                usart.o
    0x20000210        -       0x0000005e   Zero   RW         4265    .bss                lcd.o
    0x2000026e   0x0800be56   0x00000002   PAD
    0x20000270        -       0x00000050   Zero   RW         4525    .bss                sram.o
    0x200002c0        -       0x00000090   Zero   RW         4584    .bss                btim.o
    0x20000350   0x0800be56   0x00000010   PAD
    0x20000360        -       0x00017e80   Zero   RW         4657    .bss                malloc.o
    0x200181e0        -       0x00000040   Zero   RW         4963    .bss                queue.o
    0x20018220        -       0x000002e4   Zero   RW         5431    .bss                tasks.o
    0x20018504        -       0x00000028   Zero   RW         5832    .bss                timers.o
    0x2001852c        -       0x00002800   Zero   RW         5991    .bss                heap_4.o
    0x2001ad2c        -       0x00000060   Zero   RW         6384    .bss                c_w.l(libspace.o)
    0x2001ad8c   0x0800be56   0x00000004   PAD
    0x2001ad90        -       0x00000000   Zero   RW            2    HEAP                startup_stm32f407xx.o
    0x2001ad90        -       0x00000400   Zero   RW            1    STACK               startup_stm32f407xx.o



  Load Region LR$$.ARM.__AT_0x10000000 (Base: 0x10000000, Size: 0x00000000, Max: 0x0000f000, ABSOLUTE)

    Execution Region ER$$.ARM.__AT_0x10000000 (Exec base: 0x10000000, Load base: 0x10000000, Size: 0x0000f000, Max: 0x0000f000, ABSOLUTE, UNINIT)

    Exec Addr    Load Addr    Size         Type   Attr      Idx    E Section Name        Object

    0x10000000        -       0x0000f000   Zero   RW         4653    .ARM.__AT_0x10000000  malloc.o



  Load Region LR$$.ARM.__AT_0x1000F000 (Base: 0x1000f000, Size: 0x00000000, Max: 0x00000f00, ABSOLUTE)

    Execution Region ER$$.ARM.__AT_0x1000F000 (Exec base: 0x1000f000, Load base: 0x1000f000, Size: 0x00000f00, Max: 0x00000f00, ABSOLUTE, UNINIT)

    Exec Addr    Load Addr    Size         Type   Attr      Idx    E Section Name        Object

    0x1000f000        -       0x00000f00   Zero   RW         4654    .ARM.__AT_0x1000F000  malloc.o



  Load Region LR$$.ARM.__AT_0x68000000 (Base: 0x68000000, Size: 0x00000000, Max: 0x000f0c00, ABSOLUTE)

    Execution Region ER$$.ARM.__AT_0x68000000 (Exec base: 0x68000000, Load base: 0x68000000, Size: 0x000f0c00, Max: 0x000f0c00, ABSOLUTE, UNINIT)

    Exec Addr    Load Addr    Size         Type   Attr      Idx    E Section Name        Object

    0x68000000        -       0x000f0c00   Zero   RW         4655    .ARM.__AT_0x68000000  malloc.o



  Load Region LR$$.ARM.__AT_0x680F0C00 (Base: 0x680f0c00, Size: 0x00000000, Max: 0x0000f0c0, ABSOLUTE)

    Execution Region ER$$.ARM.__AT_0x680F0C00 (Exec base: 0x680f0c00, Load base: 0x680f0c00, Size: 0x0000f0c0, Max: 0x0000f0c0, ABSOLUTE, UNINIT)

    Exec Addr    Load Addr    Size         Type   Attr      Idx    E Section Name        Object

    0x680f0c00        -       0x0000f0c0   Zero   RW         4656    .ARM.__AT_0x680F0C00  malloc.o


==============================================================================

Image component sizes


      Code (inc. data)   RO Data    RW Data    ZI Data      Debug   Object Name

       308         70          0          4        144       4696   btim.o
       172          8          0          4          0     623305   delay.o
         0          0          0          0          0      13448   event_groups.o
       508        134          0         30          0      15352   freertos_demo.o
       860        224          0         32      10240       5302   heap_4.o
       448         24          0          1          0       1962   key.o
     13932        184      12160          8         94      29323   lcd.o
       152         10          0          0          0       1047   led.o
       148          0          0          0          0       3890   list.o
        82          0          0          0          0     703747   main.o
       152         22         36         36    1210944       3976   malloc.o
      1162        382          0         12          0      11236   port.o
      1574        278          0          0         64      13999   queue.o
       500         30          0          0         80       1805   sram.o
        76         28        392          0       1024       1036   startup_stm32f407xx.o
       174         34          0          9          0      10326   stm32f4xx_hal.o
       344         22          0          0          0      35565   stm32f4xx_hal_cortex.o
       210          0          0          0          0       2135   stm32f4xx_hal_dma.o
       544         46          0          0          0       3027   stm32f4xx_hal_gpio.o
      1820         84          0          0          0       6040   stm32f4xx_hal_rcc.o
        88          0          0          0          0       1328   stm32f4xx_hal_sram.o
       900         76          0          0          0       6451   stm32f4xx_hal_tim.o
         4          0          0          0          0       1753   stm32f4xx_hal_tim_ex.o
      1796         16          0          0          0      10628   stm32f4xx_hal_uart.o
        20          0          0          0          0       3121   stm32f4xx_it.o
       232         10          0          0          0       2967   stm32f4xx_ll_fsmc.o
       204         12          0          0          0       1459   sys.o
        20          6         24          4          0       1519   system_stm32f4xx.o
      4002       1038          0         72        740      36414   tasks.o
      1082        214          0         20         40      14780   timers.o
       464         60          0          7        268       6061   usart.o

    ----------------------------------------------------------------------
     32014       3012      12646        248    1223656    1577698   Object Totals
         0          0         32          0          0          0   (incl. Generated)
        36          0          2          9         18          0   (incl. Padding)

    ----------------------------------------------------------------------

      Code (inc. data)   RO Data    RW Data    ZI Data      Debug   Library Member Name

      1362        112          0         10          0     236098   xmram.o
         8          0          0          0          0         68   __main.o
       104          0          0          0          0         84   __printf.o
         0          0          0          0          0          0   __rtentry.o
        12          0          0          0          0          0   __rtentry2.o
         6          0          0          0          0          0   __rtentry4.o
        52          8          0          0          0          0   __scatter.o
        26          0          0          0          0          0   __scatter_copy.o
        28          0          0          0          0          0   __scatter_zi.o
        44          0          0          0          0        108   _printf_char.o
        48          6          0          0          0         96   _printf_char_common.o
        36          4          0          0          0         80   _printf_char_file.o
         6          0          0          0          0          0   _printf_d.o
       120         16          0          0          0         92   _printf_dec.o
       124          4         40          0          0        144   _printf_hex_int_ptr.o
       178          0          0          0          0         88   _printf_intcommon.o
         6          0          0          0          0          0   _printf_p.o
         0          0          0          0          0          0   _printf_percent.o
         4          0          0          0          0          0   _printf_percent_end.o
         6          0          0          0          0          0   _printf_s.o
        82          0          0          0          0         80   _printf_str.o
         6          0          0          0          0          0   _printf_x.o
        10          0          0          0          0         68   _sputc.o
        16          0          0          0          0         68   aeabi_memset.o
        18          0          0          0          0         80   exit.o
         8          0          0          0          0         68   ferror.o
         6          0          0          0          0        152   heapauxi.o
         2          0          0          0          0          0   libinit.o
         6          0          0          0          0          0   libinit2.o
         2          0          0          0          0          0   libshutdown.o
         2          0          0          0          0          0   libshutdown2.o
         8          4          0          0         96         68   libspace.o
       238          0          0          0          0        100   lludivv7m.o
        24          4          0          0          0         84   noretval__2printf.o
        40          6          0          0          0         84   noretval__2sprintf.o
        68          0          0          0          0         68   rt_memclr.o
        78          0          0          0          0         80   rt_memclr_w.o
       138          0          0          0          0         68   rt_memcpy_v6.o
       100          0          0          0          0         80   rt_memcpy_w.o
         2          0          0          0          0          0   rtexit.o
        10          0          0          0          0          0   rtexit2.o
        74          0          0          0          0         80   sys_stackheap_outer.o
         2          0          0          0          0         68   use_no_semi.o
         2          0          0          0          0         68   use_no_semi_2.o
        90          4          0          0          0        140   dfixu.o
        38          0          0          0          0        116   dflt_clz.o
       340         12          0          0          0        152   dmul.o
       156          4          0          0          0        140   dnaninf.o
        12          0          0          0          0        116   dretinf.o
        10          0          0          0          0        116   fpinit.o
         0          0          0          0          0          0   usenofp.o

    ----------------------------------------------------------------------
      3768        184         40         12        100     239002   Library Totals
        10          0          0          2          4          0   (incl. Padding)

    ----------------------------------------------------------------------

      Code (inc. data)   RO Data    RW Data    ZI Data      Debug   Library Name

      1362        112          0         10          0     236098   XMRAM.lib
      1750         52         40          0         96       2124   c_w.l
       646         20          0          0          0        780   fz_wm.l

    ----------------------------------------------------------------------
      3768        184         40         12        100     239002   Library Totals

    ----------------------------------------------------------------------

==============================================================================


      Code (inc. data)   RO Data    RW Data    ZI Data      Debug   

     35782       3196      12686        260    1223756    1797408   Grand Totals
     35782       3196      12686        260    1223756    1797408   ELF Image Totals
     35782       3196      12686        260          0          0   ROM Totals

==============================================================================

    Total RO  Size (Code + RO Data)                48468 (  47.33kB)
    Total RW  Size (RW Data + ZI Data)           1224016 (1195.33kB)
    Total ROM Size (Code + RO Data + RW Data)      48728 (  47.59kB)

==============================================================================

